Archive member included to satisfy reference by file (symbol)

/Applications/STM32CubeIDE.app/Contents/Eclipse/plugins/com.st.stm32cube.ide.mcu.externaltools.gnu-tools-for-stm32.13.3.rel1.macos64_1.0.0.202411102158/tools/bin/../lib/gcc/arm-none-eabi/13.3.1/../../../../arm-none-eabi/lib/thumb/v7e-m+fp/hard/libc_nano.a(libc_a-exit.o)
                              /Applications/STM32CubeIDE.app/Contents/Eclipse/plugins/com.st.stm32cube.ide.mcu.externaltools.gnu-tools-for-stm32.13.3.rel1.macos64_1.0.0.202411102158/tools/bin/../lib/gcc/arm-none-eabi/13.3.1/../../../../arm-none-eabi/lib/thumb/v7e-m+fp/hard/crt0.o (exit)
/Applications/STM32CubeIDE.app/Contents/Eclipse/plugins/com.st.stm32cube.ide.mcu.externaltools.gnu-tools-for-stm32.13.3.rel1.macos64_1.0.0.202411102158/tools/bin/../lib/gcc/arm-none-eabi/13.3.1/../../../../arm-none-eabi/lib/thumb/v7e-m+fp/hard/libc_nano.a(libc_a-sprintf.o)
                              ./Core/Src/game_task.o (sprintf)
/Applications/STM32CubeIDE.app/Contents/Eclipse/plugins/com.st.stm32cube.ide.mcu.externaltools.gnu-tools-for-stm32.13.3.rel1.macos64_1.0.0.202411102158/tools/bin/../lib/gcc/arm-none-eabi/13.3.1/../../../../arm-none-eabi/lib/thumb/v7e-m+fp/hard/libc_nano.a(libc_a-findfp.o)
                              /Applications/STM32CubeIDE.app/Contents/Eclipse/plugins/com.st.stm32cube.ide.mcu.externaltools.gnu-tools-for-stm32.13.3.rel1.macos64_1.0.0.202411102158/tools/bin/../lib/gcc/arm-none-eabi/13.3.1/../../../../arm-none-eabi/lib/thumb/v7e-m+fp/hard/libc_nano.a(libc_a-exit.o) (__stdio_exit_handler)
/Applications/STM32CubeIDE.app/Contents/Eclipse/plugins/com.st.stm32cube.ide.mcu.externaltools.gnu-tools-for-stm32.13.3.rel1.macos64_1.0.0.202411102158/tools/bin/../lib/gcc/arm-none-eabi/13.3.1/../../../../arm-none-eabi/lib/thumb/v7e-m+fp/hard/libc_nano.a(libc_a-fwalk.o)
                              /Applications/STM32CubeIDE.app/Contents/Eclipse/plugins/com.st.stm32cube.ide.mcu.externaltools.gnu-tools-for-stm32.13.3.rel1.macos64_1.0.0.202411102158/tools/bin/../lib/gcc/arm-none-eabi/13.3.1/../../../../arm-none-eabi/lib/thumb/v7e-m+fp/hard/libc_nano.a(libc_a-findfp.o) (_fwalk_sglue)
/Applications/STM32CubeIDE.app/Contents/Eclipse/plugins/com.st.stm32cube.ide.mcu.externaltools.gnu-tools-for-stm32.13.3.rel1.macos64_1.0.0.202411102158/tools/bin/../lib/gcc/arm-none-eabi/13.3.1/../../../../arm-none-eabi/lib/thumb/v7e-m+fp/hard/libc_nano.a(libc_a-memset.o)
                              /Applications/STM32CubeIDE.app/Contents/Eclipse/plugins/com.st.stm32cube.ide.mcu.externaltools.gnu-tools-for-stm32.13.3.rel1.macos64_1.0.0.202411102158/tools/bin/../lib/gcc/arm-none-eabi/13.3.1/../../../../arm-none-eabi/lib/thumb/v7e-m+fp/hard/crt0.o (memset)
/Applications/STM32CubeIDE.app/Contents/Eclipse/plugins/com.st.stm32cube.ide.mcu.externaltools.gnu-tools-for-stm32.13.3.rel1.macos64_1.0.0.202411102158/tools/bin/../lib/gcc/arm-none-eabi/13.3.1/../../../../arm-none-eabi/lib/thumb/v7e-m+fp/hard/libc_nano.a(libc_a-errno.o)
                              ./Core/Src/syscalls.o (__errno)
/Applications/STM32CubeIDE.app/Contents/Eclipse/plugins/com.st.stm32cube.ide.mcu.externaltools.gnu-tools-for-stm32.13.3.rel1.macos64_1.0.0.202411102158/tools/bin/../lib/gcc/arm-none-eabi/13.3.1/../../../../arm-none-eabi/lib/thumb/v7e-m+fp/hard/libc_nano.a(libc_a-init.o)
                              /Applications/STM32CubeIDE.app/Contents/Eclipse/plugins/com.st.stm32cube.ide.mcu.externaltools.gnu-tools-for-stm32.13.3.rel1.macos64_1.0.0.202411102158/tools/bin/../lib/gcc/arm-none-eabi/13.3.1/../../../../arm-none-eabi/lib/thumb/v7e-m+fp/hard/crt0.o (__libc_init_array)
/Applications/STM32CubeIDE.app/Contents/Eclipse/plugins/com.st.stm32cube.ide.mcu.externaltools.gnu-tools-for-stm32.13.3.rel1.macos64_1.0.0.202411102158/tools/bin/../lib/gcc/arm-none-eabi/13.3.1/../../../../arm-none-eabi/lib/thumb/v7e-m+fp/hard/libc_nano.a(libc_a-lock.o)
                              /Applications/STM32CubeIDE.app/Contents/Eclipse/plugins/com.st.stm32cube.ide.mcu.externaltools.gnu-tools-for-stm32.13.3.rel1.macos64_1.0.0.202411102158/tools/bin/../lib/gcc/arm-none-eabi/13.3.1/../../../../arm-none-eabi/lib/thumb/v7e-m+fp/hard/libc_nano.a(libc_a-findfp.o) (__retarget_lock_init_recursive)
/Applications/STM32CubeIDE.app/Contents/Eclipse/plugins/com.st.stm32cube.ide.mcu.externaltools.gnu-tools-for-stm32.13.3.rel1.macos64_1.0.0.202411102158/tools/bin/../lib/gcc/arm-none-eabi/13.3.1/../../../../arm-none-eabi/lib/thumb/v7e-m+fp/hard/libc_nano.a(libc_a-impure.o)
                              /Applications/STM32CubeIDE.app/Contents/Eclipse/plugins/com.st.stm32cube.ide.mcu.externaltools.gnu-tools-for-stm32.13.3.rel1.macos64_1.0.0.202411102158/tools/bin/../lib/gcc/arm-none-eabi/13.3.1/../../../../arm-none-eabi/lib/thumb/v7e-m+fp/hard/libc_nano.a(libc_a-sprintf.o) (_impure_ptr)
[...]
Memory Configuration

Name             Origin             Length             Attributes
RAM              0x20000000         0x00020000         xrw
FLASH            0x08000000         0x00080000         xr
*default*        0x00000000         0xffffffff

Linker script and memory map

LOAD /Applications/STM32CubeIDE.app/Contents/Eclipse/plugins/com.st.stm32cube.ide.mcu.externaltools.gnu-tools-for-stm32.13.3.rel1.macos64_1.0.0.202411102158/tools/bin/../lib/gcc/arm-none-eabi/13.3.1/thumb/v7e-m+fp/hard/crti.o
LOAD /Applications/STM32CubeIDE.app/Contents/Eclipse/plugins/com.st.stm32cube.ide.mcu.externaltools.gnu-tools-for-stm32.13.3.rel1.macos64_1.0.0.202411102158/tools/bin/../lib/gcc/arm-none-eabi/13.3.1/thumb/v7e-m+fp/hard/crtbegin.o
LOAD /Applications/STM32CubeIDE.app/Contents/Eclipse/plugins/com.st.stm32cube.ide.mcu.externaltools.gnu-tools-for-stm32.13.3.rel1.macos64_1.0.0.202411102158/tools/bin/../lib/gcc/arm-none-eabi/13.3.1/../../../../arm-none-eabi/lib/thumb/v7e-m+fp/hard/crt0.o
LOAD ./Core/Src/adc_task.o
LOAD ./Core/Src/audio_data.o
LOAD ./Core/Src/controller_task.o
LOAD ./Core/Src/encoder_driver.o
LOAD ./Core/Src/game_task.o
LOAD ./Core/Src/lcd.o
LOAD ./Core/Src/main.o
LOAD ./Core/Src/motor_driver.o
LOAD ./Core/Src/photoresistor_task.o
LOAD ./Core/Src/shoot_task.o
LOAD ./Core/Src/sound_task.o
LOAD ./Core/Src/stm32f4xx_hal_msp.o
LOAD ./Core/Src/stm32f4xx_it.o
LOAD ./Core/Src/syscalls.o
LOAD ./Core/Src/sysmem.o
LOAD ./Core/Src/system_stm32f4xx.o
LOAD ./Core/Startup/startup_stm32f411ceux.o
LOAD ./Drivers/STM32F4xx_HAL_Driver/Src/stm32f4xx_hal.o
LOAD ./Drivers/STM32F4xx_HAL_Driver/Src/stm32f4xx_hal_adc.o
LOAD ./Drivers/STM32F4xx_HAL_Driver/Src/stm32f4xx_hal_adc_ex.o
LOAD ./Drivers/STM32F4xx_HAL_Driver/Src/stm32f4xx_hal_cortex.o
LOAD ./Drivers/STM32F4xx_HAL_Driver/Src/stm32f4xx_hal_dma.o
LOAD ./Drivers/STM32F4xx_HAL_Driver/Src/stm32f4xx_hal_dma_ex.o
LOAD ./Drivers/STM32F4xx_HAL_Driver/Src/stm32f4xx_hal_exti.o
LOAD ./Drivers/STM32F4xx_HAL_Driver/Src/stm32f4xx_hal_flash.o
LOAD ./Drivers/STM32F4xx_HAL_Driver/Src/stm32f4xx_hal_flash_ex.o
LOAD ./Drivers/STM32F4xx_HAL_Driver/Src/stm32f4xx_hal_flash_ramfunc.o
LOAD ./Drivers/STM32F4xx_HAL_Driver/Src/stm32f4xx_hal_gpio.o
LOAD ./Drivers/STM32F4xx_HAL_Driver/Src/stm32f4xx_hal_i2c.o
LOAD ./Drivers/STM32F4xx_HAL_Driver/Src/stm32f4xx_hal_i2c_ex.o
LOAD ./Drivers/STM32F4xx_HAL_Driver/Src/stm32f4xx_hal_pwr.o
LOAD ./Drivers/STM32F4xx_HAL_Driver/Src/stm32f4xx_hal_pwr_ex.o
LOAD ./Drivers/STM32F4xx_HAL_Driver/Src/stm32f4xx_hal_rcc.o
LOAD ./Drivers/STM32F4xx_HAL_Driver/Src/stm32f4xx_hal_rcc_ex.o
LOAD ./Drivers/STM32F4xx_HAL_Driver/Src/stm32f4xx_hal_tim.o
LOAD ./Drivers/STM32F4xx_HAL_Driver/Src/stm32f4xx_hal_tim_ex.o
LOAD ./Drivers/STM32F4xx_HAL_Driver/Src/stm32f4xx_ll_adc.o
START GROUP
LOAD /Applications/STM32CubeIDE.app/Contents/Eclipse/plugins/com.st.stm32cube.ide.mcu.externaltools.gnu-tools-for-stm32.13.3.rel1.macos64_1.0.0.202411102158/tools/bin/../lib/gcc/arm-none-eabi/13.3.1/../../../../arm-none-eabi/lib/thumb/v7e-m+fp/hard/libc_nano.a
LOAD /Applications/STM32CubeIDE.app/Contents/Eclipse/plugins/com.st.stm32cube.ide.mcu.externaltools.gnu-tools-for-stm32.13.3.rel1.macos64_1.0.0.202411102158/tools/bin/../lib/gcc/arm-none-eabi/13.3.1/../../../../arm-none-eabi/lib/thumb/v7e-m+fp/hard/libm.a
END GROUP
START GROUP
LOAD /Applications/STM32CubeIDE.app/Contents/Eclipse/plugins/com.st.stm32cube.ide.mcu.externaltools.gnu-tools-for-stm32.13.3.rel1.macos64_1.0.0.202411102158/tools/bin/../lib/gcc/arm-none-eabi/13.3.1/thumb/v7e-m+fp/hard/libgcc.a
LOAD /Applications/STM32CubeIDE.app/Contents/Eclipse/plugins/com.st.stm32cube.ide.mcu.externaltools.gnu-tools-for-stm32.13.3.rel1.macos64_1.0.0.202411102158/tools/bin/../lib/gcc/arm-none-eabi/13.3.1/../../../../arm-none-eabi/lib/thumb/v7e-m+fp/hard/libc_nano.a
END GROUP
START GROUP
LOAD /Applications/STM32CubeIDE.app/Contents/Eclipse/plugins/com.st.stm32cube.ide.mcu.externaltools.gnu-tools-for-stm32.13.3.rel1.macos64_1.0.0.202411102158/tools/bin/../lib/gcc/arm-none-eabi/13.3.1/thumb/v7e-m+fp/hard/libgcc.a
LOAD /Applications/STM32CubeIDE.app/Contents/Eclipse/plugins/com.st.stm32cube.ide.mcu.externaltools.gnu-tools-for-stm32.13.3.rel1.macos64_1.0.0.202411102158/tools/bin/../lib/gcc/arm-none-eabi/13.3.1/../../../../arm-none-eabi/lib/thumb/v7e-m+fp/hard/libc_nano.a
LOAD /Applications/STM32CubeIDE.app/Contents/Eclipse/plugins/com.st.stm32cube.ide.mcu.externaltools.gnu-tools-for-stm32.13.3.rel1.macos64_1.0.0.202411102158/tools/bin/../lib/gcc/arm-none-eabi/13.3.1/../../../../arm-none-eabi/lib/thumb/v7e-m+fp/hard/libnosys.a
END GROUP
START GROUP
LOAD /Applications/STM32CubeIDE.app/Contents/Eclipse/plugins/com.st.stm32cube.ide.mcu.externaltools.gnu-tools-for-stm32.13.3.rel1.macos64_1.0.0.202411102158/tools/bin/../lib/gcc/arm-none-eabi/13.3.1/thumb/v7e-m+fp/hard/libgcc.a
LOAD /Applications/STM32CubeIDE.app/Contents/Eclipse/plugins/com.st.stm32cube.ide.mcu.externaltools.gnu-tools-for-stm32.13.3.rel1.macos64_1.0.0.202411102158/tools/bin/../lib/gcc/arm-none-eabi/13.3.1/../../../../arm-none-eabi/lib/thumb/v7e-m+fp/hard/libc_nano.a
LOAD /Applications/STM32CubeIDE.app/Contents/Eclipse/plugins/com.st.stm32cube.ide.mcu.externaltools.gnu-tools-for-stm32.13.3.rel1.macos64_1.0.0.202411102158/tools/bin/../lib/gcc/arm-none-eabi/13.3.1/../../../../arm-none-eabi/lib/thumb/v7e-m+fp/hard/libnosys.a
END GROUP
LOAD /Applications/STM32CubeIDE.app/Contents/Eclipse/plugins/com.st.stm32cube.ide.mcu.externaltools.gnu-tools-for-stm32.13.3.rel1.macos64_1.0.0.202411102158/tools/bin/../lib/gcc/arm-none-eabi/13.3.1/thumb/v7e-m+fp/hard/crtend.o
LOAD /Applications/STM32CubeIDE.app/Contents/Eclipse/plugins/com.st.stm32cube.ide.mcu.externaltools.gnu-tools-for-stm32.13.3.rel1.macos64_1.0.0.202411102158/tools/bin/../lib/gcc/arm-none-eabi/13.3.1/thumb/v7e-m+fp/hard/crtn.o
                0x20020000                        _estack = (ORIGIN (RAM) + LENGTH (RAM))
                0x00000200                        _Min_Heap_Size = 0x200
                0x00000400                        _Min_Stack_Size = 0x400

.isr_vector     0x08000000      0x198
                0x08000000                        . = ALIGN (0x4)
 *(.isr_vector)
 .isr_vector    0x08000000      0x198 ./Core/Startup/startup_stm32f411ceux.o
                0x08000000                g_pfnVectors
                0x08000198                        . = ALIGN (0x4)

.text           0x080001a0     0x63e8
                0x080001a0                        . = ALIGN (0x4)
 *(.text)
 .text          0x080001a0       0x40 /Applications/STM32CubeIDE.app/Contents/Eclipse/plugins/com.st.stm32cube.ide.mcu.externaltools.gnu-tools-for-stm32.13.3.rel1.macos64_1.0.0.202411102158/tools/bin/../lib/gcc/arm-none-eabi/13.3.1/thumb/v7e-m+fp/hard/crtbegin.o
 .text          0x080001e0       0xa0 /Applications/STM32CubeIDE.app/Contents/Eclipse/plugins/com.st.stm32cube.ide.mcu.externaltools.gnu-tools-for-stm32.13.3.rel1.macos64_1.0.0.202411102158/tools/bin/../lib/gcc/arm-none-eabi/13.3.1/../../../../arm-none-eabi/lib/thumb/v7e-m+fp/hard/libc_nano.a(libc_a-memchr.o)
                0x080001e0                memchr
 .text          0x08000280       0x30 /Applications/STM32CubeIDE.app/Contents/Eclipse/plugins/com.st.stm32cube.ide.mcu.externaltools.gnu-tools-for-stm32.13.3.rel1.macos64_1.0.0.202411102158/tools/bin/../lib/gcc/arm-none-eabi/13.3.1/thumb/v7e-m+fp/hard/libgcc.a(_aeabi_uldivmod.o)
                0x08000280                __aeabi_uldivmod
 .text          0x080002b0      0x2f8 /Applications/STM32CubeIDE.app/Contents/Eclipse/plugins/com.st.stm32cube.ide.mcu.externaltools.gnu-tools-for-stm32.13.3.rel1.macos64_1.0.0.202411102158/tools/bin/../lib/gcc/arm-none-eabi/13.3.1/thumb/v7e-m+fp/hard/libgcc.a(_udivmoddi4.o)
                0x080002b0                __udivmoddi4
 .text          0x080005a8        0x4 /Applications/STM32CubeIDE.app/Contents/Eclipse/plugins/com.st.stm32cube.ide.mcu.externaltools.gnu-tools-for-stm32.13.3.rel1.macos64_1.0.0.202411102158/tools/bin/../lib/gcc/arm-none-eabi/13.3.1/thumb/v7e-m+fp/hard/libgcc.a(_dvmd_tls.o)
                0x080005a8                __aeabi_ldiv0
                0x080005a8                __aeabi_idiv0
 *(.text*)
 .text.adc_task_run
                0x080005ac       0x38 ./Core/Src/adc_task.o
                0x080005ac                adc_task_run
 .text.adc_task_state_0_init
                0x080005e4       0x28 ./Core/Src/adc_task.o
                0x080005e4                adc_task_state_0_init
 .text.adc_task_state_1_read
                0x0800060c       0x40 ./Core/Src/adc_task.o
                0x0800060c                adc_task_state_1_read
 .text.controller_task_run
                0x0800064c       0x36 ./Core/Src/controller_task.o
                0x0800064c                controller_task_run
 .text.controller_task_state_0_init
                0x08000682       0x32 ./Core/Src/controller_task.o
                0x08000682                controller_task_state_0_init
 .text.controller_task_state_1_calc_vel
                0x080006b4      0x1f8 ./Core/Src/controller_task.o
                0x080006b4                controller_task_state_1_calc_vel
 .text.controller_task_state_2_pos
                0x080008ac       0x44 ./Core/Src/controller_task.o
                0x080008ac                controller_task_state_2_pos
 .text.setup_encoder
                0x080008f0       0x2c ./Core/Src/encoder_driver.o
                0x080008f0                setup_encoder
 .text.read_encoder
                0x0800091c       0x84 ./Core/Src/encoder_driver.o
                0x0800091c                read_encoder
 .text.game_task_run
                0x080009a0       0x36 ./Core/Src/game_task.o
                0x080009a0                game_task_run
 .text.game_task_state_0_init
                0x080009d6       0x1e ./Core/Src/game_task.o
                0x080009d6                game_task_state_0_init
 .text.game_task_state_1_home
                0x080009f4       0x5c ./Core/Src/game_task.o
                0x080009f4                game_task_state_1_home
 .text.game_task_state_2_play
                0x08000a50      0x27c ./Core/Src/game_task.o
                0x08000a50                game_task_state_2_play
 .text.game_task_state_3_end
                0x08000ccc       0x32 ./Core/Src/game_task.o
                0x08000ccc                game_task_state_3_end
 *fill*         0x08000cfe        0x2 
 .text.lcd_send_nibble
                0x08000d00       0x80 ./Core/Src/lcd.o
 .text.lcd_send_byte
                0x08000d80       0x3a ./Core/Src/lcd.o
 .text.lcd_send_command
                0x08000dba       0x22 ./Core/Src/lcd.o
                0x08000dba                lcd_send_command
 .text.lcd_send_data
                0x08000ddc       0x1c ./Core/Src/lcd.o
                0x08000ddc                lcd_send_data
 .text.lcd_force_backlight_on
                0x08000df8       0x28 ./Core/Src/lcd.o
                0x08000df8                lcd_force_backlight_on
 .text.lcd_init
                0x08000e20       0x6e ./Core/Src/lcd.o
                0x08000e20                lcd_init
 .text.lcd_clear
                0x08000e8e       0x14 ./Core/Src/lcd.o
                0x08000e8e                lcd_clear
 *fill*         0x08000ea2        0x2 
 .text.lcd_set_cursor
                0x08000ea4       0x44 ./Core/Src/lcd.o
                0x08000ea4                lcd_set_cursor
 .text.lcd_print
                0x08000ee8       0x2a ./Core/Src/lcd.o
                0x08000ee8                lcd_print
 *fill*         0x08000f12        0x2 
 .text.main     0x08000f14      0x218 ./Core/Src/main.o
                0x08000f14                main
 .text.SystemClock_Config
                0x0800112c       0xd0 ./Core/Src/main.o
                0x0800112c                SystemClock_Config
 .text.MX_ADC1_Init
                0x080011fc       0xf8 ./Core/Src/main.o
 .text.MX_I2C1_Init
                0x080012f4       0x5c ./Core/Src/main.o
 .text.MX_TIM1_Init
                0x08001350      0x150 ./Core/Src/main.o
 .text.MX_TIM2_Init
                0x080014a0       0xb0 ./Core/Src/main.o
 .text.MX_TIM3_Init
                0x08001550       0xa8 ./Core/Src/main.o
 .text.MX_TIM4_Init
                0x080015f8       0xc8 ./Core/Src/main.o
 .text.MX_TIM5_Init
                0x080016c0       0xa8 ./Core/Src/main.o
 .text.MX_DMA_Init
                0x08001768       0x40 ./Core/Src/main.o
 .text.MX_GPIO_Init
                0x080017a8      0x15c ./Core/Src/main.o
 .text.HAL_GPIO_EXTI_Callback
                0x08001904       0xe8 ./Core/Src/main.o
                0x08001904                HAL_GPIO_EXTI_Callback
 .text.calibration
                0x080019ec      0x1dc ./Core/Src/main.o
                0x080019ec                calibration
 .text.Error_Handler
                0x08001bc8        0xc ./Core/Src/main.o
                0x08001bc8                Error_Handler
 .text.set_duty
                0x08001bd4      0x170 ./Core/Src/motor_driver.o
                0x08001bd4                set_duty
 .text.enable   0x08001d44       0xb0 ./Core/Src/motor_driver.o
                0x08001d44                enable
 .text.go_to    0x08001df4       0x46 ./Core/Src/motor_driver.o
                0x08001df4                go_to
 .text.photoresistor_task_run
                0x08001e3a       0x36 ./Core/Src/photoresistor_task.o
                0x08001e3a                photoresistor_task_run
 .text.photoresistor_task_state_0_init
                0x08001e70       0x1a ./Core/Src/photoresistor_task.o
                0x08001e70                photoresistor_task_state_0_init
 .text.photoresistor_task_state_1_look
                0x08001e8a       0x32 ./Core/Src/photoresistor_task.o
                0x08001e8a                photoresistor_task_state_1_look
 .text.photoresistor_task_state_2_hit
                0x08001ebc       0x22 ./Core/Src/photoresistor_task.o
                0x08001ebc                photoresistor_task_state_2_hit
 .text.shoot_task_run
                0x08001ede       0x36 ./Core/Src/shoot_task.o
                0x08001ede                shoot_task_run
 .text.shoot_task_state_0_init
                0x08001f14       0x80 ./Core/Src/shoot_task.o
                0x08001f14                shoot_task_state_0_init
 .text.shoot_task_state_1_wait
                0x08001f94       0x88 ./Core/Src/shoot_task.o
                0x08001f94                shoot_task_state_1_wait
 .text.shoot_task_state_2_unshield
                0x0800201c       0x7c ./Core/Src/shoot_task.o
                0x0800201c                shoot_task_state_2_unshield
 .text.shoot_task_state_3_shoot
                0x08002098       0x34 ./Core/Src/shoot_task.o
                0x08002098                shoot_task_state_3_shoot
 .text.sound_task_state_0_init
                0x080020cc       0x14 ./Core/Src/sound_task.o
                0x080020cc                sound_task_state_0_init
 .text.sound_task_state_1_wait
                0x080020e0       0x52 ./Core/Src/sound_task.o
                0x080020e0                sound_task_state_1_wait
 .text.sound_task_state_2_laser
                0x08002132       0x14 ./Core/Src/sound_task.o
                0x08002132                sound_task_state_2_laser
 .text.sound_task_state_3_hit
                0x08002146       0x14 ./Core/Src/sound_task.o
                0x08002146                sound_task_state_3_hit
 .text.sound_task_state_4_win
                0x0800215a       0x14 ./Core/Src/sound_task.o
                0x0800215a                sound_task_state_4_win
 .text.sound_task_state_5_start
                0x0800216e       0x14 ./Core/Src/sound_task.o
                0x0800216e                sound_task_state_5_start
 *fill*         0x08002182        0x2 
 .text.HAL_MspInit
                0x08002184       0x50 ./Core/Src/stm32f4xx_hal_msp.o
                0x08002184                HAL_MspInit
 .text.HAL_ADC_MspInit
                0x080021d4       0xf0 ./Core/Src/stm32f4xx_hal_msp.o
                0x080021d4                HAL_ADC_MspInit
 .text.HAL_I2C_MspInit
                0x080022c4       0x90 ./Core/Src/stm32f4xx_hal_msp.o
                0x080022c4                HAL_I2C_MspInit
 .text.HAL_TIM_PWM_MspInit
                0x08002354       0x98 ./Core/Src/stm32f4xx_hal_msp.o
                0x08002354                HAL_TIM_PWM_MspInit
 .text.HAL_TIM_Encoder_MspInit
                0x080023ec       0xfc ./Core/Src/stm32f4xx_hal_msp.o
                0x080023ec                HAL_TIM_Encoder_MspInit
 .text.HAL_TIM_MspPostInit
                0x080024e8      0x110 ./Core/Src/stm32f4xx_hal_msp.o
                0x080024e8                HAL_TIM_MspPostInit
 .text.NMI_Handler
                0x080025f8        0x8 ./Core/Src/stm32f4xx_it.o
                0x080025f8                NMI_Handler
 .text.HardFault_Handler
                0x08002600        0x8 ./Core/Src/stm32f4xx_it.o
                0x08002600                HardFault_Handler
 .text.MemManage_Handler
                0x08002608        0x8 ./Core/Src/stm32f4xx_it.o
                0x08002608                MemManage_Handler
 .text.BusFault_Handler
                0x08002610        0x8 ./Core/Src/stm32f4xx_it.o
                0x08002610                BusFault_Handler
 .text.UsageFault_Handler
                0x08002618        0x8 ./Core/Src/stm32f4xx_it.o
                0x08002618                UsageFault_Handler
 .text.SVC_Handler
                0x08002620        0xe ./Core/Src/stm32f4xx_it.o
                0x08002620                SVC_Handler
 .text.DebugMon_Handler
                0x0800262e        0xe ./Core/Src/stm32f4xx_it.o
                0x0800262e                DebugMon_Handler
 .text.PendSV_Handler
                0x0800263c        0xe ./Core/Src/stm32f4xx_it.o
                0x0800263c                PendSV_Handler
 .text.SysTick_Handler
                0x0800264a        0xc ./Core/Src/stm32f4xx_it.o
                0x0800264a                SysTick_Handler
 .text.EXTI15_10_IRQHandler
                0x08002656       0x18 ./Core/Src/stm32f4xx_it.o
                0x08002656                EXTI15_10_IRQHandler
 *fill*         0x0800266e        0x2 
 .text.DMA2_Stream0_IRQHandler
                0x08002670       0x14 ./Core/Src/stm32f4xx_it.o
                0x08002670                DMA2_Stream0_IRQHandler
 .text._sbrk    0x08002684       0x6c ./Core/Src/sysmem.o
                0x08002684                _sbrk
 .text.SystemInit
                0x080026f0       0x24 ./Core/Src/system_stm32f4xx.o
                0x080026f0                SystemInit
 .text.Reset_Handler
                0x08002714       0x50 ./Core/Startup/startup_stm32f411ceux.o
                0x08002714                Reset_Handler
 .text.Default_Handler
                0x08002764        0x2 ./Core/Startup/startup_stm32f411ceux.o
                0x08002764                DMA1_Stream3_IRQHandler
                0x08002764                EXTI2_IRQHandler
                0x08002764                SPI4_IRQHandler
                0x08002764                TIM1_CC_IRQHandler
                0x08002764                DMA2_Stream5_IRQHandler
                0x08002764                DMA1_Stream5_IRQHandler
                0x08002764                PVD_IRQHandler
                0x08002764                SDIO_IRQHandler
                0x08002764                TAMP_STAMP_IRQHandler
                0x08002764                EXTI3_IRQHandler
                0x08002764                TIM1_UP_TIM10_IRQHandler
                0x08002764                I2C3_ER_IRQHandler
                0x08002764                EXTI0_IRQHandler
                0x08002764                I2C2_EV_IRQHandler
                0x08002764                DMA1_Stream2_IRQHandler
                0x08002764                FPU_IRQHandler
                0x08002764                DMA2_Stream2_IRQHandler
                0x08002764                SPI1_IRQHandler
                0x08002764                TIM1_BRK_TIM9_IRQHandler
                0x08002764                DMA2_Stream3_IRQHandler
                0x08002764                USART6_IRQHandler
                0x08002764                TIM4_IRQHandler
                0x08002764                I2C1_EV_IRQHandler
                0x08002764                DMA1_Stream6_IRQHandler
                0x08002764                DMA1_Stream1_IRQHandler
                0x08002764                TIM3_IRQHandler
                0x08002764                RCC_IRQHandler
                0x08002764                Default_Handler
                0x08002764                ADC_IRQHandler
                0x08002764                DMA1_Stream7_IRQHandler
                0x08002764                SPI5_IRQHandler
                0x08002764                TIM5_IRQHandler
                0x08002764                DMA2_Stream7_IRQHandler
                0x08002764                I2C3_EV_IRQHandler
                0x08002764                EXTI9_5_IRQHandler
                0x08002764                RTC_WKUP_IRQHandler
                0x08002764                SPI2_IRQHandler
                0x08002764                DMA1_Stream0_IRQHandler
                0x08002764                EXTI4_IRQHandler
                0x08002764                WWDG_IRQHandler
                0x08002764                TIM2_IRQHandler
                0x08002764                OTG_FS_WKUP_IRQHandler
                0x08002764                TIM1_TRG_COM_TIM11_IRQHandler
                0x08002764                EXTI1_IRQHandler
                0x08002764                USART2_IRQHandler
                0x08002764                I2C2_ER_IRQHandler
                0x08002764                DMA2_Stream1_IRQHandler
                0x08002764                FLASH_IRQHandler
                0x08002764                DMA2_Stream4_IRQHandler
                0x08002764                USART1_IRQHandler
                0x08002764                OTG_FS_IRQHandler
                0x08002764                SPI3_IRQHandler
                0x08002764                DMA1_Stream4_IRQHandler
                0x08002764                I2C1_ER_IRQHandler
                0x08002764                DMA2_Stream6_IRQHandler
                0x08002764                RTC_Alarm_IRQHandler
 *fill*         0x08002766        0x2 
 .text.HAL_Init
                0x08002768       0x44 ./Drivers/STM32F4xx_HAL_Driver/Src/stm32f4xx_hal.o
                0x08002768                HAL_Init
 .text.HAL_InitTick
                0x080027ac       0x60 ./Drivers/STM32F4xx_HAL_Driver/Src/stm32f4xx_hal.o
                0x080027ac                HAL_InitTick
 .text.HAL_IncTick
                0x0800280c       0x28 ./Drivers/STM32F4xx_HAL_Driver/Src/stm32f4xx_hal.o
                0x0800280c                HAL_IncTick
 .text.HAL_GetTick
                0x08002834       0x18 ./Drivers/STM32F4xx_HAL_Driver/Src/stm32f4xx_hal.o
                0x08002834                HAL_GetTick
 .text.HAL_Delay
                0x0800284c       0x48 ./Drivers/STM32F4xx_HAL_Driver/Src/stm32f4xx_hal.o
                0x0800284c                HAL_Delay
 .text.HAL_ADC_Init
                0x08002894       0x86 ./Drivers/STM32F4xx_HAL_Driver/Src/stm32f4xx_hal_adc.o
                0x08002894                HAL_ADC_Init
 *fill*         0x0800291a        0x2 
 .text.HAL_ADC_Start_DMA
                0x0800291c      0x1e8 ./Drivers/STM32F4xx_HAL_Driver/Src/stm32f4xx_hal_adc.o
                0x0800291c                HAL_ADC_Start_DMA
 .text.HAL_ADC_ConvCpltCallback
                0x08002b04       0x14 ./Drivers/STM32F4xx_HAL_Driver/Src/stm32f4xx_hal_adc.o
                0x08002b04                HAL_ADC_ConvCpltCallback
 .text.HAL_ADC_ConvHalfCpltCallback
                0x08002b18       0x14 ./Drivers/STM32F4xx_HAL_Driver/Src/stm32f4xx_hal_adc.o
                0x08002b18                HAL_ADC_ConvHalfCpltCallback
 .text.HAL_ADC_ErrorCallback
                0x08002b2c       0x14 ./Drivers/STM32F4xx_HAL_Driver/Src/stm32f4xx_hal_adc.o
                0x08002b2c                HAL_ADC_ErrorCallback
 .text.HAL_ADC_ConfigChannel
                0x08002b40      0x264 ./Drivers/STM32F4xx_HAL_Driver/Src/stm32f4xx_hal_adc.o
                0x08002b40                HAL_ADC_ConfigChannel
 .text.ADC_Init
                0x08002da4      0x1f8 ./Drivers/STM32F4xx_HAL_Driver/Src/stm32f4xx_hal_adc.o
 .text.ADC_DMAConvCplt
                0x08002f9c       0xba ./Drivers/STM32F4xx_HAL_Driver/Src/stm32f4xx_hal_adc.o
 .text.ADC_DMAHalfConvCplt
                0x08003056       0x1c ./Drivers/STM32F4xx_HAL_Driver/Src/stm32f4xx_hal_adc.o
 .text.ADC_DMAError
                0x08003072       0x2e ./Drivers/STM32F4xx_HAL_Driver/Src/stm32f4xx_hal_adc.o
 .text.__NVIC_SetPriorityGrouping
                0x080030a0       0x48 ./Drivers/STM32F4xx_HAL_Driver/Src/stm32f4xx_hal_cortex.o
 .text.__NVIC_GetPriorityGrouping
                0x080030e8       0x1c ./Drivers/STM32F4xx_HAL_Driver/Src/stm32f4xx_hal_cortex.o
 .text.__NVIC_EnableIRQ
                0x08003104       0x3c ./Drivers/STM32F4xx_HAL_Driver/Src/stm32f4xx_hal_cortex.o
 .text.__NVIC_SetPriority
                0x08003140       0x54 ./Drivers/STM32F4xx_HAL_Driver/Src/stm32f4xx_hal_cortex.o
 .text.NVIC_EncodePriority
                0x08003194       0x66 ./Drivers/STM32F4xx_HAL_Driver/Src/stm32f4xx_hal_cortex.o
 *fill*         0x080031fa        0x2 
 .text.SysTick_Config
                0x080031fc       0x44 ./Drivers/STM32F4xx_HAL_Driver/Src/stm32f4xx_hal_cortex.o
 .text.HAL_NVIC_SetPriorityGrouping
                0x08003240       0x16 ./Drivers/STM32F4xx_HAL_Driver/Src/stm32f4xx_hal_cortex.o
                0x08003240                HAL_NVIC_SetPriorityGrouping
 .text.HAL_NVIC_SetPriority
                0x08003256       0x38 ./Drivers/STM32F4xx_HAL_Driver/Src/stm32f4xx_hal_cortex.o
                0x08003256                HAL_NVIC_SetPriority
 .text.HAL_NVIC_EnableIRQ
                0x0800328e       0x1c ./Drivers/STM32F4xx_HAL_Driver/Src/stm32f4xx_hal_cortex.o
                0x0800328e                HAL_NVIC_EnableIRQ
 .text.HAL_SYSTICK_Config
                0x080032aa       0x18 ./Drivers/STM32F4xx_HAL_Driver/Src/stm32f4xx_hal_cortex.o
                0x080032aa                HAL_SYSTICK_Config
 *fill*         0x080032c2        0x2 
 .text.HAL_DMA_Init
                0x080032c4      0x15c ./Drivers/STM32F4xx_HAL_Driver/Src/stm32f4xx_hal_dma.o
                0x080032c4                HAL_DMA_Init
 .text.HAL_DMA_Start_IT
                0x08003420       0xb0 ./Drivers/STM32F4xx_HAL_Driver/Src/stm32f4xx_hal_dma.o
                0x08003420                HAL_DMA_Start_IT
 .text.HAL_DMA_IRQHandler
                0x080034d0      0x314 ./Drivers/STM32F4xx_HAL_Driver/Src/stm32f4xx_hal_dma.o
                0x080034d0                HAL_DMA_IRQHandler
 .text.DMA_SetConfig
                0x080037e4       0x5c ./Drivers/STM32F4xx_HAL_Driver/Src/stm32f4xx_hal_dma.o
 .text.DMA_CalcBaseAndBitshift
                0x08003840       0x6c ./Drivers/STM32F4xx_HAL_Driver/Src/stm32f4xx_hal_dma.o
 .text.DMA_CheckFifoParam
                0x080038ac       0xf8 ./Drivers/STM32F4xx_HAL_Driver/Src/stm32f4xx_hal_dma.o
 .text.HAL_GPIO_Init
                0x080039a4      0x308 ./Drivers/STM32F4xx_HAL_Driver/Src/stm32f4xx_hal_gpio.o
                0x080039a4                HAL_GPIO_Init
 .text.HAL_GPIO_ReadPin
                0x08003cac       0x30 ./Drivers/STM32F4xx_HAL_Driver/Src/stm32f4xx_hal_gpio.o
                0x08003cac                HAL_GPIO_ReadPin
 .text.HAL_GPIO_WritePin
                0x08003cdc       0x32 ./Drivers/STM32F4xx_HAL_Driver/Src/stm32f4xx_hal_gpio.o
                0x08003cdc                HAL_GPIO_WritePin
 *fill*         0x08003d0e        0x2 
 .text.HAL_GPIO_EXTI_IRQHandler
                0x08003d10       0x30 ./Drivers/STM32F4xx_HAL_Driver/Src/stm32f4xx_hal_gpio.o
                0x08003d10                HAL_GPIO_EXTI_IRQHandler
 .text.HAL_I2C_Init
                0x08003d40      0x288 ./Drivers/STM32F4xx_HAL_Driver/Src/stm32f4xx_hal_i2c.o
                0x08003d40                HAL_I2C_Init
 .text.HAL_I2C_Master_Transmit
                0x08003fc8      0x1fc ./Drivers/STM32F4xx_HAL_Driver/Src/stm32f4xx_hal_i2c.o
                0x08003fc8                HAL_I2C_Master_Transmit
 .text.I2C_MasterRequestWrite
                0x080041c4      0x104 ./Drivers/STM32F4xx_HAL_Driver/Src/stm32f4xx_hal_i2c.o
 .text.I2C_WaitOnFlagUntilTimeout
                0x080042c8       0xf4 ./Drivers/STM32F4xx_HAL_Driver/Src/stm32f4xx_hal_i2c.o
 .text.I2C_WaitOnMasterAddressFlagUntilTimeout
                0x080043bc      0x140 ./Drivers/STM32F4xx_HAL_Driver/Src/stm32f4xx_hal_i2c.o
 .text.I2C_WaitOnTXEFlagUntilTimeout
                0x080044fc       0x90 ./Drivers/STM32F4xx_HAL_Driver/Src/stm32f4xx_hal_i2c.o
 .text.I2C_WaitOnBTFFlagUntilTimeout
                0x0800458c       0x90 ./Drivers/STM32F4xx_HAL_Driver/Src/stm32f4xx_hal_i2c.o
 .text.I2C_IsAcknowledgeFailed
                0x0800461c       0x5e ./Drivers/STM32F4xx_HAL_Driver/Src/stm32f4xx_hal_i2c.o
 *fill*         0x0800467a        0x2 
 .text.HAL_RCC_OscConfig
                0x0800467c      0x4f0 ./Drivers/STM32F4xx_HAL_Driver/Src/stm32f4xx_hal_rcc.o
                0x0800467c                HAL_RCC_OscConfig
 .text.HAL_RCC_ClockConfig
                0x08004b6c      0x1cc ./Drivers/STM32F4xx_HAL_Driver/Src/stm32f4xx_hal_rcc.o
                0x08004b6c                HAL_RCC_ClockConfig
 .text.HAL_RCC_GetSysClockFreq
                0x08004d38      0x18c ./Drivers/STM32F4xx_HAL_Driver/Src/stm32f4xx_hal_rcc.o
                0x08004d38                HAL_RCC_GetSysClockFreq
 .text.HAL_RCC_GetHCLKFreq
                0x08004ec4       0x18 ./Drivers/STM32F4xx_HAL_Driver/Src/stm32f4xx_hal_rcc.o
                0x08004ec4                HAL_RCC_GetHCLKFreq
 .text.HAL_RCC_GetPCLK1Freq
                0x08004edc       0x28 ./Drivers/STM32F4xx_HAL_Driver/Src/stm32f4xx_hal_rcc.o
                0x08004edc                HAL_RCC_GetPCLK1Freq
 .text.HAL_TIM_Base_Start
                0x08004f04       0xb4 ./Drivers/STM32F4xx_HAL_Driver/Src/stm32f4xx_hal_tim.o
                0x08004f04                HAL_TIM_Base_Start
 .text.HAL_TIM_PWM_Init
                0x08004fb8       0x9e ./Drivers/STM32F4xx_HAL_Driver/Src/stm32f4xx_hal_tim.o
                0x08004fb8                HAL_TIM_PWM_Init
 *fill*         0x08005056        0x2 
 .text.HAL_TIM_PWM_Start_IT
                0x08005058      0x1fc ./Drivers/STM32F4xx_HAL_Driver/Src/stm32f4xx_hal_tim.o
                0x08005058                HAL_TIM_PWM_Start_IT
 .text.HAL_TIM_Encoder_Init
                0x08005254      0x14c ./Drivers/STM32F4xx_HAL_Driver/Src/stm32f4xx_hal_tim.o
                0x08005254                HAL_TIM_Encoder_Init
 .text.HAL_TIM_Encoder_Start
                0x080053a0      0x11c ./Drivers/STM32F4xx_HAL_Driver/Src/stm32f4xx_hal_tim.o
                0x080053a0                HAL_TIM_Encoder_Start
 .text.HAL_TIM_PWM_ConfigChannel
                0x080054bc      0x184 ./Drivers/STM32F4xx_HAL_Driver/Src/stm32f4xx_hal_tim.o
                0x080054bc                HAL_TIM_PWM_ConfigChannel
 .text.TIM_Base_SetConfig
                0x08005640      0x10c ./Drivers/STM32F4xx_HAL_Driver/Src/stm32f4xx_hal_tim.o
                0x08005640                TIM_Base_SetConfig
 .text.TIM_OC1_SetConfig
                0x0800574c       0xcc ./Drivers/STM32F4xx_HAL_Driver/Src/stm32f4xx_hal_tim.o
 .text.TIM_OC2_SetConfig
                0x08005818       0xd8 ./Drivers/STM32F4xx_HAL_Driver/Src/stm32f4xx_hal_tim.o
                0x08005818                TIM_OC2_SetConfig
 .text.TIM_OC3_SetConfig
                0x080058f0       0xd4 ./Drivers/STM32F4xx_HAL_Driver/Src/stm32f4xx_hal_tim.o
 .text.TIM_OC4_SetConfig
                0x080059c4       0xa0 ./Drivers/STM32F4xx_HAL_Driver/Src/stm32f4xx_hal_tim.o
 .text.TIM_CCxChannelCmd
                0x08005a64       0x4a ./Drivers/STM32F4xx_HAL_Driver/Src/stm32f4xx_hal_tim.o
                0x08005a64                TIM_CCxChannelCmd
 *fill*         0x08005aae        0x2 
 .text.HAL_TIMEx_MasterConfigSynchronization
                0x08005ab0       0xdc ./Drivers/STM32F4xx_HAL_Driver/Src/stm32f4xx_hal_tim_ex.o
                0x08005ab0                HAL_TIMEx_MasterConfigSynchronization
 .text.HAL_TIMEx_ConfigBreakDeadTime
                0x08005b8c       0xa4 ./Drivers/STM32F4xx_HAL_Driver/Src/stm32f4xx_hal_tim_ex.o
                0x08005b8c                HAL_TIMEx_ConfigBreakDeadTime
 .text.sprintf  0x08005c30       0x44 /Applications/STM32CubeIDE.app/Contents/Eclipse/plugins/com.st.stm32cube.ide.mcu.externaltools.gnu-tools-for-stm32.13.3.rel1.macos64_1.0.0.202411102158/tools/bin/../lib/gcc/arm-none-eabi/13.3.1/../../../../arm-none-eabi/lib/thumb/v7e-m+fp/hard/libc_nano.a(libc_a-sprintf.o)
                0x08005c30                sprintf
                0x08005c30                siprintf
 .text.memset   0x08005c74       0x10 /Applications/STM32CubeIDE.app/Contents/Eclipse/plugins/com.st.stm32cube.ide.mcu.externaltools.gnu-tools-for-stm32.13.3.rel1.macos64_1.0.0.202411102158/tools/bin/../lib/gcc/arm-none-eabi/13.3.1/../../../../arm-none-eabi/lib/thumb/v7e-m+fp/hard/libc_nano.a(libc_a-memset.o)
                0x08005c74                memset
 .text.__errno  0x08005c84        0xc /Applications/STM32CubeIDE.app/Contents/Eclipse/plugins/com.st.stm32cube.ide.mcu.externaltools.gnu-tools-for-stm32.13.3.rel1.macos64_1.0.0.202411102158/tools/bin/../lib/gcc/arm-none-eabi/13.3.1/../../../../arm-none-eabi/lib/thumb/v7e-m+fp/hard/libc_nano.a(libc_a-errno.o)
                0x08005c84                __errno
 .text.__libc_init_array
                0x08005c90       0x48 /Applications/STM32CubeIDE.app/Contents/Eclipse/plugins/com.st.stm32cube.ide.mcu.externaltools.gnu-tools-for-stm32.13.3.rel1.macos64_1.0.0.202411102158/tools/bin/../lib/gcc/arm-none-eabi/13.3.1/../../../../arm-none-eabi/lib/thumb/v7e-m+fp/hard/libc_nano.a(libc_a-init.o)
                0x08005c90                __libc_init_array
 .text.__retarget_lock_acquire_recursive
                0x08005cd8        0x2 /Applications/STM32CubeIDE.app/Contents/Eclipse/plugins/com.st.stm32cube.ide.mcu.externaltools.gnu-tools-for-stm32.13.3.rel1.macos64_1.0.0.202411102158/tools/bin/../lib/gcc/arm-none-eabi/13.3.1/../../../../arm-none-eabi/lib/thumb/v7e-m+fp/hard/libc_nano.a(libc_a-lock.o)
                0x08005cd8                __retarget_lock_acquire_recursive
 .text.__retarget_lock_release_recursive
                0x08005cda        0x2 /Applications/STM32CubeIDE.app/Contents/Eclipse/plugins/com.st.stm32cube.ide.mcu.externaltools.gnu-tools-for-stm32.13.3.rel1.macos64_1.0.0.202411102158/tools/bin/../lib/gcc/arm-none-eabi/13.3.1/../../../../arm-none-eabi/lib/thumb/v7e-m+fp/hard/libc_nano.a(libc_a-lock.o)
                0x08005cda                __retarget_lock_release_recursive
 .text.__ssputs_r
                0x08005cdc       0xb6 /Applications/STM32CubeIDE.app/Contents/Eclipse/plugins/com.st.stm32cube.ide.mcu.externaltools.gnu-tools-for-stm32.13.3.rel1.macos64_1.0.0.202411102158/tools/bin/../lib/gcc/arm-none-eabi/13.3.1/../../../../arm-none-eabi/lib/thumb/v7e-m+fp/hard/libc_nano.a(libc_a-nano-svfprintf.o)
                0x08005cdc                __ssputs_r
 *fill*         0x08005d92        0x2 
 .text._svfprintf_r
                0x08005d94      0x1f8 /Applications/STM32CubeIDE.app/Contents/Eclipse/plugins/com.st.stm32cube.ide.mcu.externaltools.gnu-tools-for-stm32.13.3.rel1.macos64_1.0.0.202411102158/tools/bin/../lib/gcc/arm-none-eabi/13.3.1/../../../../arm-none-eabi/lib/thumb/v7e-m+fp/hard/libc_nano.a(libc_a-nano-svfprintf.o)
                0x08005d94                _svfprintf_r
                0x08005d94                _svfiprintf_r
 .text.sbrk_aligned
                0x08005f8c       0x44 /Applications/STM32CubeIDE.app/Contents/Eclipse/plugins/com.st.stm32cube.ide.mcu.externaltools.gnu-tools-for-stm32.13.3.rel1.macos64_1.0.0.202411102158/tools/bin/../lib/gcc/arm-none-eabi/13.3.1/../../../../arm-none-eabi/lib/thumb/v7e-m+fp/hard/libc_nano.a(libc_a-mallocr.o)
 .text._malloc_r
                0x08005fd0      0x100 /Applications/STM32CubeIDE.app/Contents/Eclipse/plugins/com.st.stm32cube.ide.mcu.externaltools.gnu-tools-for-stm32.13.3.rel1.macos64_1.0.0.202411102158/tools/bin/../lib/gcc/arm-none-eabi/13.3.1/../../../../arm-none-eabi/lib/thumb/v7e-m+fp/hard/libc_nano.a(libc_a-mallocr.o)
                0x08005fd0                _malloc_r
 .text._printf_common
                0x080060d0       0xda /Applications/STM32CubeIDE.app/Contents/Eclipse/plugins/com.st.stm32cube.ide.mcu.externaltools.gnu-tools-for-stm32.13.3.rel1.macos64_1.0.0.202411102158/tools/bin/../lib/gcc/arm-none-eabi/13.3.1/../../../../arm-none-eabi/lib/thumb/v7e-m+fp/hard/libc_nano.a(libc_a-nano-vfprintf_i.o)
                0x080060d0                _printf_common
 *fill*         0x080061aa        0x2 
 .text._printf_i
                0x080061ac      0x23c /Applications/STM32CubeIDE.app/Contents/Eclipse/plugins/com.st.stm32cube.ide.mcu.externaltools.gnu-tools-for-stm32.13.3.rel1.macos64_1.0.0.202411102158/tools/bin/../lib/gcc/arm-none-eabi/13.3.1/../../../../arm-none-eabi/lib/thumb/v7e-m+fp/hard/libc_nano.a(libc_a-nano-vfprintf_i.o)
                0x080061ac                _printf_i
 .text.__malloc_lock
                0x080063e8        0xc /Applications/STM32CubeIDE.app/Contents/Eclipse/plugins/com.st.stm32cube.ide.mcu.externaltools.gnu-tools-for-stm32.13.3.rel1.macos64_1.0.0.202411102158/tools/bin/../lib/gcc/arm-none-eabi/13.3.1/../../../../arm-none-eabi/lib/thumb/v7e-m+fp/hard/libc_nano.a(libc_a-mlock.o)
                0x080063e8                __malloc_lock
 .text.__malloc_unlock
                0x080063f4        0xc /Applications/STM32CubeIDE.app/Contents/Eclipse/plugins/com.st.stm32cube.ide.mcu.externaltools.gnu-tools-for-stm32.13.3.rel1.macos64_1.0.0.202411102158/tools/bin/../lib/gcc/arm-none-eabi/13.3.1/../../../../arm-none-eabi/lib/thumb/v7e-m+fp/hard/libc_nano.a(libc_a-mlock.o)
                0x080063f4                __malloc_unlock
 .text._realloc_r
                0x08006400       0x5c /Applications/STM32CubeIDE.app/Contents/Eclipse/plugins/com.st.stm32cube.ide.mcu.externaltools.gnu-tools-for-stm32.13.3.rel1.macos64_1.0.0.202411102158/tools/bin/../lib/gcc/arm-none-eabi/13.3.1/../../../../arm-none-eabi/lib/thumb/v7e-m+fp/hard/libc_nano.a(libc_a-reallocr.o)
                0x08006400                _realloc_r
 .text.memmove  0x0800645c       0x34 /Applications/STM32CubeIDE.app/Contents/Eclipse/plugins/com.st.stm32cube.ide.mcu.externaltools.gnu-tools-for-stm32.13.3.rel1.macos64_1.0.0.202411102158/tools/bin/../lib/gcc/arm-none-eabi/13.3.1/../../../../arm-none-eabi/lib/thumb/v7e-m+fp/hard/libc_nano.a(libc_a-memmove.o)
                0x0800645c                memmove
 .text._sbrk_r  0x08006490       0x20 /Applications/STM32CubeIDE.app/Contents/Eclipse/plugins/com.st.stm32cube.ide.mcu.externaltools.gnu-tools-for-stm32.13.3.rel1.macos64_1.0.0.202411102158/tools/bin/../lib/gcc/arm-none-eabi/13.3.1/../../../../arm-none-eabi/lib/thumb/v7e-m+fp/hard/libc_nano.a(libc_a-sbrkr.o)
                0x08006490                _sbrk_r
 .text.memcpy   0x080064b0       0x1c /Applications/STM32CubeIDE.app/Contents/Eclipse/plugins/com.st.stm32cube.ide.mcu.externaltools.gnu-tools-for-stm32.13.3.rel1.macos64_1.0.0.202411102158/tools/bin/../lib/gcc/arm-none-eabi/13.3.1/../../../../arm-none-eabi/lib/thumb/v7e-m+fp/hard/libc_nano.a(libc_a-memcpy-stub.o)
                0x080064b0                memcpy
 .text._free_r  0x080064cc       0x94 /Applications/STM32CubeIDE.app/Contents/Eclipse/plugins/com.st.stm32cube.ide.mcu.externaltools.gnu-tools-for-stm32.13.3.rel1.macos64_1.0.0.202411102158/tools/bin/../lib/gcc/arm-none-eabi/13.3.1/../../../../arm-none-eabi/lib/thumb/v7e-m+fp/hard/libc_nano.a(libc_a-freer.o)
                0x080064cc                _free_r
 .text._malloc_usable_size_r
                0x08006560       0x10 /Applications/STM32CubeIDE.app/Contents/Eclipse/plugins/com.st.stm32cube.ide.mcu.externaltools.gnu-tools-for-stm32.13.3.rel1.macos64_1.0.0.202411102158/tools/bin/../lib/gcc/arm-none-eabi/13.3.1/../../../../arm-none-eabi/lib/thumb/v7e-m+fp/hard/libc_nano.a(libc_a-msizer.o)
                0x08006560                _malloc_usable_size_r
 *(.glue_7)
 .glue_7        0x08006570        0x0 linker stubs
 *(.glue_7t)
 .glue_7t       0x08006570        0x0 linker stubs
 *(.eh_frame)
 .eh_frame      0x08006570        0x0 /Applications/STM32CubeIDE.app/Contents/Eclipse/plugins/com.st.stm32cube.ide.mcu.externaltools.gnu-tools-for-stm32.13.3.rel1.macos64_1.0.0.202411102158/tools/bin/../lib/gcc/arm-none-eabi/13.3.1/thumb/v7e-m+fp/hard/crtbegin.o
 *(.init)
 .init          0x08006570        0x4 /Applications/STM32CubeIDE.app/Contents/Eclipse/plugins/com.st.stm32cube.ide.mcu.externaltools.gnu-tools-for-stm32.13.3.rel1.macos64_1.0.0.202411102158/tools/bin/../lib/gcc/arm-none-eabi/13.3.1/thumb/v7e-m+fp/hard/crti.o
                0x08006570                _init
 .init          0x08006574        0x8 /Applications/STM32CubeIDE.app/Contents/Eclipse/plugins/com.st.stm32cube.ide.mcu.externaltools.gnu-tools-for-stm32.13.3.rel1.macos64_1.0.0.202411102158/tools/bin/../lib/gcc/arm-none-eabi/13.3.1/thumb/v7e-m+fp/hard/crtn.o
 *(.fini)
 .fini          0x0800657c        0x4 /Applications/STM32CubeIDE.app/Contents/Eclipse/plugins/com.st.stm32cube.ide.mcu.externaltools.gnu-tools-for-stm32.13.3.rel1.macos64_1.0.0.202411102158/tools/bin/../lib/gcc/arm-none-eabi/13.3.1/thumb/v7e-m+fp/hard/crti.o
                0x0800657c                _fini
 .fini          0x08006580        0x8 /Applications/STM32CubeIDE.app/Contents/Eclipse/plugins/com.st.stm32cube.ide.mcu.externaltools.gnu-tools-for-stm32.13.3.rel1.macos64_1.0.0.202411102158/tools/bin/../lib/gcc/arm-none-eabi/13.3.1/thumb/v7e-m+fp/hard/crtn.o
                0x08006588                        . = ALIGN (0x4)
                0x08006588                        _etext = .

.vfp11_veneer   0x08006588        0x0
 .vfp11_veneer  0x08006588        0x0 linker stubs

.v4_bx          0x08006588        0x0
 .v4_bx         0x08006588        0x0 linker stubs

.iplt           0x08006588        0x0
 .iplt          0x08006588        0x0 /Applications/STM32CubeIDE.app/Contents/Eclipse/plugins/com.st.stm32cube.ide.mcu.externaltools.gnu-tools-for-stm32.13.3.rel1.macos64_1.0.0.202411102158/tools/bin/../lib/gcc/arm-none-eabi/13.3.1/thumb/v7e-m+fp/hard/crtbegin.o

.rodata         0x08006588      0x17c
                0x08006588                        . = ALIGN (0x4)
 *(.rodata)
 .rodata        0x08006588       0xf2 ./Core/Src/game_task.o
 *fill*         0x0800667a        0x2 
 .rodata        0x0800667c       0x2d ./Core/Src/main.o
 *(.rodata*)
 *fill*         0x080066a9        0x3 
 .rodata.row_offsets.0
                0x080066ac        0x4 ./Core/Src/lcd.o
 .rodata.AHBPrescTable
                0x080066b0       0x10 ./Core/Src/system_stm32f4xx.o
                0x080066b0                AHBPrescTable
 .rodata.APBPrescTable
                0x080066c0        0x8 ./Core/Src/system_stm32f4xx.o
                0x080066c0                APBPrescTable
 .rodata.flagBitshiftOffset.0
                0x080066c8        0x8 ./Drivers/STM32F4xx_HAL_Driver/Src/stm32f4xx_hal_dma.o
 .rodata._svfprintf_r.str1.1
                0x080066d0       0x33 /Applications/STM32CubeIDE.app/Contents/Eclipse/plugins/com.st.stm32cube.ide.mcu.externaltools.gnu-tools-for-stm32.13.3.rel1.macos64_1.0.0.202411102158/tools/bin/../lib/gcc/arm-none-eabi/13.3.1/../../../../arm-none-eabi/lib/thumb/v7e-m+fp/hard/libc_nano.a(libc_a-nano-svfprintf.o)
                                 0x11 (size before relaxing)
 .rodata._printf_i.str1.1
                0x08006703       0x22 /Applications/STM32CubeIDE.app/Contents/Eclipse/plugins/com.st.stm32cube.ide.mcu.externaltools.gnu-tools-for-stm32.13.3.rel1.macos64_1.0.0.202411102158/tools/bin/../lib/gcc/arm-none-eabi/13.3.1/../../../../arm-none-eabi/lib/thumb/v7e-m+fp/hard/libc_nano.a(libc_a-nano-vfprintf_i.o)
                0x08006728                        . = ALIGN (0x4)
 *fill*         0x08006703        0x1 

.ARM.extab      0x08006704        0x0
                0x08006704                        . = ALIGN (0x4)
 *(.ARM.extab* .gnu.linkonce.armextab.*)
                0x08006704                        . = ALIGN (0x4)

.ARM            0x08006704        0x8
                0x08006704                        . = ALIGN (0x4)
                0x08006704                        __exidx_start = .
 *(.ARM.exidx*)
 .ARM.exidx     0x08006704        0x8 /Applications/STM32CubeIDE.app/Contents/Eclipse/plugins/com.st.stm32cube.ide.mcu.externaltools.gnu-tools-for-stm32.13.3.rel1.macos64_1.0.0.202411102158/tools/bin/../lib/gcc/arm-none-eabi/13.3.1/../../../../arm-none-eabi/lib/thumb/v7e-m+fp/hard/libc_nano.a(libc_a-memchr.o)
 .ARM.exidx     0x0800670c        0x0 /Applications/STM32CubeIDE.app/Contents/Eclipse/plugins/com.st.stm32cube.ide.mcu.externaltools.gnu-tools-for-stm32.13.3.rel1.macos64_1.0.0.202411102158/tools/bin/../lib/gcc/arm-none-eabi/13.3.1/thumb/v7e-m+fp/hard/libgcc.a(_udivmoddi4.o)
                                  0x8 (size before relaxing)
                0x0800670c                        __exidx_end = .
                0x0800670c                        . = ALIGN (0x4)

.preinit_array  0x0800670c        0x0
                0x0800670c                        . = ALIGN (0x4)
                0x0800670c                        PROVIDE (__preinit_array_start = .)
 *(.preinit_array*)
                0x0800670c                        PROVIDE (__preinit_array_end = .)
                0x0800670c                        . = ALIGN (0x4)

.init_array     0x0800670c        0x4
                0x0800670c                        . = ALIGN (0x4)
                0x0800670c                        PROVIDE (__init_array_start = .)
 *(SORT_BY_NAME(.init_array.*))
 *(.init_array*)
 .init_array    0x0800670c        0x4 /Applications/STM32CubeIDE.app/Contents/Eclipse/plugins/com.st.stm32cube.ide.mcu.externaltools.gnu-tools-for-stm32.13.3.rel1.macos64_1.0.0.202411102158/tools/bin/../lib/gcc/arm-none-eabi/13.3.1/thumb/v7e-m+fp/hard/crtbegin.o
                0x08006710                        PROVIDE (__init_array_end = .)
                0x08006710                        . = ALIGN (0x4)

.fini_array     0x08006710        0x4
                0x08006710                        . = ALIGN (0x4)
                [!provide]                        PROVIDE (__fini_array_start = .)
 *(SORT_BY_NAME(.fini_array.*))
 *(.fini_array*)
 .fini_array    0x08006710        0x4 /Applications/STM32CubeIDE.app/Contents/Eclipse/plugins/com.st.stm32cube.ide.mcu.externaltools.gnu-tools-for-stm32.13.3.rel1.macos64_1.0.0.202411102158/tools/bin/../lib/gcc/arm-none-eabi/13.3.1/thumb/v7e-m+fp/hard/crtbegin.o
                [!provide]                        PROVIDE (__fini_array_end = .)
                0x08006714                        . = ALIGN (0x4)
                0x08006714                        _sidata = LOADADDR (.data)

.rel.dyn        0x08006714        0x0
 .rel.iplt      0x08006714        0x0 /Applications/STM32CubeIDE.app/Contents/Eclipse/plugins/com.st.stm32cube.ide.mcu.externaltools.gnu-tools-for-stm32.13.3.rel1.macos64_1.0.0.202411102158/tools/bin/../lib/gcc/arm-none-eabi/13.3.1/thumb/v7e-m+fp/hard/crtbegin.o

.data           0x20000000      0x2c0 load address 0x08006714
                0x20000000                        . = ALIGN (0x4)
                0x20000000                        _sdata = .
 *(.data)
 *(.data*)
 .data.mred     0x20000000        0xc ./Core/Src/main.o
                0x20000000                mred
 .data.mblue    0x2000000c        0xc ./Core/Src/main.o
                0x2000000c                mblue
 .data.red_encoder
                0x20000018       0x18 ./Core/Src/main.o
                0x20000018                red_encoder
 .data.blue_encoder
                0x20000030       0x18 ./Core/Src/main.o
                0x20000030                blue_encoder
 .data.sound_task
                0x20000048       0x30 ./Core/Src/main.o
                0x20000048                sound_task
 .data.red_photoresistor_task
                0x20000078       0x24 ./Core/Src/main.o
                0x20000078                red_photoresistor_task
 .data.blue_photoresistor_task
                0x2000009c       0x24 ./Core/Src/main.o
                0x2000009c                blue_photoresistor_task
 .data.game_task
                0x200000c0       0x58 ./Core/Src/main.o
                0x200000c0                game_task
 .data.red_shoot_task
                0x20000118       0x30 ./Core/Src/main.o
                0x20000118                red_shoot_task
 .data.blue_shoot_task
                0x20000148       0x30 ./Core/Src/main.o
                0x20000148                blue_shoot_task
 .data.blue_controller_task
                0x20000178       0x64 ./Core/Src/main.o
                0x20000178                blue_controller_task
 .data.red_controller_task
                0x200001dc       0x64 ./Core/Src/main.o
                0x200001dc                red_controller_task
 .data.adc_task
                0x20000240       0x24 ./Core/Src/main.o
                0x20000240                adc_task
 .data.SystemCoreClock
                0x20000264        0x4 ./Core/Src/system_stm32f4xx.o
                0x20000264                SystemCoreClock
 .data.uwTickPrio
                0x20000268        0x4 ./Drivers/STM32F4xx_HAL_Driver/Src/stm32f4xx_hal.o
                0x20000268                uwTickPrio
 .data.uwTickFreq
                0x2000026c        0x1 ./Drivers/STM32F4xx_HAL_Driver/Src/stm32f4xx_hal.o
                0x2000026c                uwTickFreq
 *fill*         0x2000026d        0x3 
 .data._impure_ptr
                0x20000270        0x4 /Applications/STM32CubeIDE.app/Contents/Eclipse/plugins/com.st.stm32cube.ide.mcu.externaltools.gnu-tools-for-stm32.13.3.rel1.macos64_1.0.0.202411102158/tools/bin/../lib/gcc/arm-none-eabi/13.3.1/../../../../arm-none-eabi/lib/thumb/v7e-m+fp/hard/libc_nano.a(libc_a-impure.o)
                0x20000270                _impure_ptr
 .data._impure_data
                0x20000274       0x4c /Applications/STM32CubeIDE.app/Contents/Eclipse/plugins/com.st.stm32cube.ide.mcu.externaltools.gnu-tools-for-stm32.13.3.rel1.macos64_1.0.0.202411102158/tools/bin/../lib/gcc/arm-none-eabi/13.3.1/../../../../arm-none-eabi/lib/thumb/v7e-m+fp/hard/libc_nano.a(libc_a-impure.o)
                0x20000274                _impure_data
 *(.RamFunc)
 *(.RamFunc*)
                0x200002c0                        . = ALIGN (0x4)
                0x200002c0                        _edata = .

.igot.plt       0x200002c0        0x0 load address 0x080069d4
 .igot.plt      0x200002c0        0x0 /Applications/STM32CubeIDE.app/Contents/Eclipse/plugins/com.st.stm32cube.ide.mcu.externaltools.gnu-tools-for-stm32.13.3.rel1.macos64_1.0.0.202411102158/tools/bin/../lib/gcc/arm-none-eabi/13.3.1/thumb/v7e-m+fp/hard/crtbegin.o
                0x200002c0                        . = ALIGN (0x4)

.bss            0x200002c0      0x3ec load address 0x080069d4
                0x200002c0                        _sbss = .
                0x200002c0                        __bss_start__ = _sbss
 *(.bss)
 .bss           0x200002c0       0x1c /Applications/STM32CubeIDE.app/Contents/Eclipse/plugins/com.st.stm32cube.ide.mcu.externaltools.gnu-tools-for-stm32.13.3.rel1.macos64_1.0.0.202411102158/tools/bin/../lib/gcc/arm-none-eabi/13.3.1/thumb/v7e-m+fp/hard/crtbegin.o
 *(.bss*)
 .bss.dma_buffer
                0x200002dc        0x8 ./Core/Src/adc_task.o
 .bss.hadc1     0x200002e4       0x48 ./Core/Src/main.o
                0x200002e4                hadc1
 .bss.hdma_adc1
                0x2000032c       0x60 ./Core/Src/main.o
                0x2000032c                hdma_adc1
 .bss.hi2c1     0x2000038c       0x54 ./Core/Src/main.o
                0x2000038c                hi2c1
 .bss.htim1     0x200003e0       0x48 ./Core/Src/main.o
                0x200003e0                htim1
 .bss.htim2     0x20000428       0x48 ./Core/Src/main.o
                0x20000428                htim2
 .bss.htim3     0x20000470       0x48 ./Core/Src/main.o
                0x20000470                htim3
 .bss.htim4     0x200004b8       0x48 ./Core/Src/main.o
                0x200004b8                htim4
 .bss.htim5     0x20000500       0x48 ./Core/Src/main.o
                0x20000500                htim5
 .bss.red_held  0x20000548        0x1 ./Core/Src/main.o
                0x20000548                red_held
 .bss.blue_held
                0x20000549        0x1 ./Core/Src/main.o
                0x20000549                blue_held
 *fill*         0x2000054a        0x2 
 .bss.red_start
                0x2000054c        0x4 ./Core/Src/main.o
                0x2000054c                red_start
 .bss.blue_start
                0x20000550        0x4 ./Core/Src/main.o
                0x20000550                blue_start
 .bss.red_elapsed
                0x20000554        0x4 ./Core/Src/main.o
                0x20000554                red_elapsed
 .bss.blue_elapsed
                0x20000558        0x4 ./Core/Src/main.o
                0x20000558                blue_elapsed
 .bss.__sbrk_heap_end
                0x2000055c        0x4 ./Core/Src/sysmem.o
 .bss.uwTick    0x20000560        0x4 ./Drivers/STM32F4xx_HAL_Driver/Src/stm32f4xx_hal.o
                0x20000560                uwTick
 .bss.__sf      0x20000564      0x138 /Applications/STM32CubeIDE.app/Contents/Eclipse/plugins/com.st.stm32cube.ide.mcu.externaltools.gnu-tools-for-stm32.13.3.rel1.macos64_1.0.0.202411102158/tools/bin/../lib/gcc/arm-none-eabi/13.3.1/../../../../arm-none-eabi/lib/thumb/v7e-m+fp/hard/libc_nano.a(libc_a-findfp.o)
                0x20000564                __sf
 .bss.__lock___malloc_recursive_mutex
                0x2000069c        0x1 /Applications/STM32CubeIDE.app/Contents/Eclipse/plugins/com.st.stm32cube.ide.mcu.externaltools.gnu-tools-for-stm32.13.3.rel1.macos64_1.0.0.202411102158/tools/bin/../lib/gcc/arm-none-eabi/13.3.1/../../../../arm-none-eabi/lib/thumb/v7e-m+fp/hard/libc_nano.a(libc_a-lock.o)
                0x2000069c                __lock___malloc_recursive_mutex
 *fill*         0x2000069d        0x3 
 .bss.__malloc_sbrk_start
                0x200006a0        0x4 /Applications/STM32CubeIDE.app/Contents/Eclipse/plugins/com.st.stm32cube.ide.mcu.externaltools.gnu-tools-for-stm32.13.3.rel1.macos64_1.0.0.202411102158/tools/bin/../lib/gcc/arm-none-eabi/13.3.1/../../../../arm-none-eabi/lib/thumb/v7e-m+fp/hard/libc_nano.a(libc_a-mallocr.o)
                0x200006a0                __malloc_sbrk_start
 .bss.__malloc_free_list
                0x200006a4        0x4 /Applications/STM32CubeIDE.app/Contents/Eclipse/plugins/com.st.stm32cube.ide.mcu.externaltools.gnu-tools-for-stm32.13.3.rel1.macos64_1.0.0.202411102158/tools/bin/../lib/gcc/arm-none-eabi/13.3.1/../../../../arm-none-eabi/lib/thumb/v7e-m+fp/hard/libc_nano.a(libc_a-mallocr.o)
                0x200006a4                __malloc_free_list
 .bss.errno     0x200006a8        0x4 /Applications/STM32CubeIDE.app/Contents/Eclipse/plugins/com.st.stm32cube.ide.mcu.externaltools.gnu-tools-for-stm32.13.3.rel1.macos64_1.0.0.202411102158/tools/bin/../lib/gcc/arm-none-eabi/13.3.1/../../../../arm-none-eabi/lib/thumb/v7e-m+fp/hard/libc_nano.a(libc_a-reent.o)
                0x200006a8                errno
 *(COMMON)
                0x200006ac                        . = ALIGN (0x4)
                0x200006ac                        _ebss = .
                0x200006ac                        __bss_end__ = _ebss

._user_heap_stack
                0x200006ac      0x604 load address 0x080069d4
                0x200006b0                        . = ALIGN (0x8)
 *fill*         0x200006ac        0x4 
                [!provide]                        PROVIDE (end = .)
                0x200006b0                        PROVIDE (_end = .)
                0x200008b0                        . = (. + _Min_Heap_Size)
 *fill*         0x200006b0      0x200 
                0x20000cb0                        . = (. + _Min_Stack_Size)
 *fill*         0x200008b0      0x400 
                0x20000cb0                        . = ALIGN (0x8)

/DISCARD/
 libc.a(*)
 libm.a(*)
 libgcc.a(*)

.ARM.attributes
                0x00000000       0x30
 *(.ARM.attributes)
 .ARM.attributes
                0x00000000       0x22 /Applications/STM32CubeIDE.app/Contents/Eclipse/plugins/com.st.stm32cube.ide.mcu.externaltools.gnu-tools-for-stm32.13.3.rel1.macos64_1.0.0.202411102158/tools/bin/../lib/gcc/arm-none-eabi/13.3.1/thumb/v7e-m+fp/hard/crti.o
 .ARM.attributes
                0x00000022       0x34 /Applications/STM32CubeIDE.app/Contents/Eclipse/plugins/com.st.stm32cube.ide.mcu.externaltools.gnu-tools-for-stm32.13.3.rel1.macos64_1.0.0.202411102158/tools/bin/../lib/gcc/arm-none-eabi/13.3.1/thumb/v7e-m+fp/hard/crtbegin.o
 .ARM.attributes
                0x00000056       0x34 ./Core/Src/adc_task.o
 .ARM.attributes
                0x0000008a       0x34 ./Core/Src/controller_task.o
 .ARM.attributes
                0x000000be       0x34 ./Core/Src/encoder_driver.o
 .ARM.attributes
                0x000000f2       0x34 ./Core/Src/game_task.o
 .ARM.attributes
                0x00000126       0x34 ./Core/Src/lcd.o
 .ARM.attributes
                0x0000015a       0x34 ./Core/Src/main.o
 .ARM.attributes
                0x0000018e       0x34 ./Core/Src/motor_driver.o
 .ARM.attributes
                0x000001c2       0x34 ./Core/Src/photoresistor_task.o
 .ARM.attributes
                0x000001f6       0x34 ./Core/Src/shoot_task.o
 .ARM.attributes
                0x0000022a       0x34 ./Core/Src/sound_task.o
 .ARM.attributes
                0x0000025e       0x34 ./Core/Src/stm32f4xx_hal_msp.o
 .ARM.attributes
                0x00000292       0x34 ./Core/Src/stm32f4xx_it.o
 .ARM.attributes
                0x000002c6       0x34 ./Core/Src/sysmem.o
 .ARM.attributes
                0x000002fa       0x34 ./Core/Src/system_stm32f4xx.o
 .ARM.attributes
                0x0000032e       0x21 ./Core/Startup/startup_stm32f411ceux.o
 .ARM.attributes
                0x0000034f       0x34 ./Drivers/STM32F4xx_HAL_Driver/Src/stm32f4xx_hal.o
 .ARM.attributes
                0x00000383       0x34 ./Drivers/STM32F4xx_HAL_Driver/Src/stm32f4xx_hal_adc.o
 .ARM.attributes
                0x000003b7       0x34 ./Drivers/STM32F4xx_HAL_Driver/Src/stm32f4xx_hal_cortex.o
 .ARM.attributes
                0x000003eb       0x34 ./Drivers/STM32F4xx_HAL_Driver/Src/stm32f4xx_hal_dma.o
 .ARM.attributes
                0x0000041f       0x34 ./Drivers/STM32F4xx_HAL_Driver/Src/stm32f4xx_hal_gpio.o
 .ARM.attributes
                0x00000453       0x34 ./Drivers/STM32F4xx_HAL_Driver/Src/stm32f4xx_hal_i2c.o
 .ARM.attributes
                0x00000487       0x34 ./Drivers/STM32F4xx_HAL_Driver/Src/stm32f4xx_hal_rcc.o
 .ARM.attributes
                0x000004bb       0x34 ./Drivers/STM32F4xx_HAL_Driver/Src/stm32f4xx_hal_tim.o
 .ARM.attributes
                0x000004ef       0x34 ./Drivers/STM32F4xx_HAL_Driver/Src/stm32f4xx_hal_tim_ex.o
 .ARM.attributes
                0x00000523       0x34 /Applications/STM32CubeIDE.app/Contents/Eclipse/plugins/com.st.stm32cube.ide.mcu.externaltools.gnu-tools-for-stm32.13.3.rel1.macos64_1.0.0.202411102158/tools/bin/../lib/gcc/arm-none-eabi/13.3.1/../../../../arm-none-eabi/lib/thumb/v7e-m+fp/hard/libc_nano.a(libc_a-sprintf.o)
 .ARM.attributes
                0x00000557       0x34 /Applications/STM32CubeIDE.app/Contents/Eclipse/plugins/com.st.stm32cube.ide.mcu.externaltools.gnu-tools-for-stm32.13.3.rel1.macos64_1.0.0.202411102158/tools/bin/../lib/gcc/arm-none-eabi/13.3.1/../../../../arm-none-eabi/lib/thumb/v7e-m+fp/hard/libc_nano.a(libc_a-findfp.o)
 .ARM.attributes
                0x0000058b       0x34 /Applications/STM32CubeIDE.app/Contents/Eclipse/plugins/com.st.stm32cube.ide.mcu.externaltools.gnu-tools-for-stm32.13.3.rel1.macos64_1.0.0.202411102158/tools/bin/../lib/gcc/arm-none-eabi/13.3.1/../../../../arm-none-eabi/lib/thumb/v7e-m+fp/hard/libc_nano.a(libc_a-memset.o)
 .ARM.attributes
                0x000005bf       0x34 /Applications/STM32CubeIDE.app/Contents/Eclipse/plugins/com.st.stm32cube.ide.mcu.externaltools.gnu-tools-for-stm32.13.3.rel1.macos64_1.0.0.202411102158/tools/bin/../lib/gcc/arm-none-eabi/13.3.1/../../../../arm-none-eabi/lib/thumb/v7e-m+fp/hard/libc_nano.a(libc_a-errno.o)
 .ARM.attributes
                0x000005f3       0x34 /Applications/STM32CubeIDE.app/Contents/Eclipse/plugins/com.st.stm32cube.ide.mcu.externaltools.gnu-tools-for-stm32.13.3.rel1.macos64_1.0.0.202411102158/tools/bin/../lib/gcc/arm-none-eabi/13.3.1/../../../../arm-none-eabi/lib/thumb/v7e-m+fp/hard/libc_nano.a(libc_a-init.o)
 .ARM.attributes
                0x00000627       0x34 /Applications/STM32CubeIDE.app/Contents/Eclipse/plugins/com.st.stm32cube.ide.mcu.externaltools.gnu-tools-for-stm32.13.3.rel1.macos64_1.0.0.202411102158/tools/bin/../lib/gcc/arm-none-eabi/13.3.1/../../../../arm-none-eabi/lib/thumb/v7e-m+fp/hard/libc_nano.a(libc_a-lock.o)
 .ARM.attributes
                0x0000065b       0x34 /Applications/STM32CubeIDE.app/Contents/Eclipse/plugins/com.st.stm32cube.ide.mcu.externaltools.gnu-tools-for-stm32.13.3.rel1.macos64_1.0.0.202411102158/tools/bin/../lib/gcc/arm-none-eabi/13.3.1/../../../../arm-none-eabi/lib/thumb/v7e-m+fp/hard/libc_nano.a(libc_a-impure.o)
 .ARM.attributes
                0x0000068f       0x34 /Applications/STM32CubeIDE.app/Contents/Eclipse/plugins/com.st.stm32cube.ide.mcu.externaltools.gnu-tools-for-stm32.13.3.rel1.macos64_1.0.0.202411102158/tools/bin/../lib/gcc/arm-none-eabi/13.3.1/../../../../arm-none-eabi/lib/thumb/v7e-m+fp/hard/libc_nano.a(libc_a-nano-svfprintf.o)
 .ARM.attributes
                0x000006c3       0x34 /Applications/STM32CubeIDE.app/Contents/Eclipse/plugins/com.st.stm32cube.ide.mcu.externaltools.gnu-tools-for-stm32.13.3.rel1.macos64_1.0.0.202411102158/tools/bin/../lib/gcc/arm-none-eabi/13.3.1/../../../../arm-none-eabi/lib/thumb/v7e-m+fp/hard/libc_nano.a(libc_a-mallocr.o)
 .ARM.attributes
                0x000006f7       0x34 /Applications/STM32CubeIDE.app/Contents/Eclipse/plugins/com.st.stm32cube.ide.mcu.externaltools.gnu-tools-for-stm32.13.3.rel1.macos64_1.0.0.202411102158/tools/bin/../lib/gcc/arm-none-eabi/13.3.1/../../../../arm-none-eabi/lib/thumb/v7e-m+fp/hard/libc_nano.a(libc_a-nano-vfprintf_i.o)
 .ARM.attributes
                0x0000072b       0x34 /Applications/STM32CubeIDE.app/Contents/Eclipse/plugins/com.st.stm32cube.ide.mcu.externaltools.gnu-tools-for-stm32.13.3.rel1.macos64_1.0.0.202411102158/tools/bin/../lib/gcc/arm-none-eabi/13.3.1/../../../../arm-none-eabi/lib/thumb/v7e-m+fp/hard/libc_nano.a(libc_a-mlock.o)
 .ARM.attributes
                0x0000075f       0x34 /Applications/STM32CubeIDE.app/Contents/Eclipse/plugins/com.st.stm32cube.ide.mcu.externaltools.gnu-tools-for-stm32.13.3.rel1.macos64_1.0.0.202411102158/tools/bin/../lib/gcc/arm-none-eabi/13.3.1/../../../../arm-none-eabi/lib/thumb/v7e-m+fp/hard/libc_nano.a(libc_a-reallocr.o)
 .ARM.attributes
                0x00000793       0x34 /Applications/STM32CubeIDE.app/Contents/Eclipse/plugins/com.st.stm32cube.ide.mcu.externaltools.gnu-tools-for-stm32.13.3.rel1.macos64_1.0.0.202411102158/tools/bin/../lib/gcc/arm-none-eabi/13.3.1/../../../../arm-none-eabi/lib/thumb/v7e-m+fp/hard/libc_nano.a(libc_a-memmove.o)
 .ARM.attributes
                0x000007c7       0x34 /Applications/STM32CubeIDE.app/Contents/Eclipse/plugins/com.st.stm32cube.ide.mcu.externaltools.gnu-tools-for-stm32.13.3.rel1.macos64_1.0.0.202411102158/tools/bin/../lib/gcc/arm-none-eabi/13.3.1/../../../../arm-none-eabi/lib/thumb/v7e-m+fp/hard/libc_nano.a(libc_a-sbrkr.o)
 .ARM.attributes
                0x000007fb       0x34 /Applications/STM32CubeIDE.app/Contents/Eclipse/plugins/com.st.stm32cube.ide.mcu.externaltools.gnu-tools-for-stm32.13.3.rel1.macos64_1.0.0.202411102158/tools/bin/../lib/gcc/arm-none-eabi/13.3.1/../../../../arm-none-eabi/lib/thumb/v7e-m+fp/hard/libc_nano.a(libc_a-reent.o)
 .ARM.attributes
                0x0000082f       0x1c /Applications/STM32CubeIDE.app/Contents/Eclipse/plugins/com.st.stm32cube.ide.mcu.externaltools.gnu-tools-for-stm32.13.3.rel1.macos64_1.0.0.202411102158/tools/bin/../lib/gcc/arm-none-eabi/13.3.1/../../../../arm-none-eabi/lib/thumb/v7e-m+fp/hard/libc_nano.a(libc_a-memchr.o)
 .ARM.attributes
                0x0000084b       0x34 /Applications/STM32CubeIDE.app/Contents/Eclipse/plugins/com.st.stm32cube.ide.mcu.externaltools.gnu-tools-for-stm32.13.3.rel1.macos64_1.0.0.202411102158/tools/bin/../lib/gcc/arm-none-eabi/13.3.1/../../../../arm-none-eabi/lib/thumb/v7e-m+fp/hard/libc_nano.a(libc_a-memcpy-stub.o)
 .ARM.attributes
                0x0000087f       0x34 /Applications/STM32CubeIDE.app/Contents/Eclipse/plugins/com.st.stm32cube.ide.mcu.externaltools.gnu-tools-for-stm32.13.3.rel1.macos64_1.0.0.202411102158/tools/bin/../lib/gcc/arm-none-eabi/13.3.1/../../../../arm-none-eabi/lib/thumb/v7e-m+fp/hard/libc_nano.a(libc_a-freer.o)
 .ARM.attributes
                0x000008b3       0x34 /Applications/STM32CubeIDE.app/Contents/Eclipse/plugins/com.st.stm32cube.ide.mcu.externaltools.gnu-tools-for-stm32.13.3.rel1.macos64_1.0.0.202411102158/tools/bin/../lib/gcc/arm-none-eabi/13.3.1/../../../../arm-none-eabi/lib/thumb/v7e-m+fp/hard/libc_nano.a(libc_a-msizer.o)
 .ARM.attributes
                0x000008e7       0x22 /Applications/STM32CubeIDE.app/Contents/Eclipse/plugins/com.st.stm32cube.ide.mcu.externaltools.gnu-tools-for-stm32.13.3.rel1.macos64_1.0.0.202411102158/tools/bin/../lib/gcc/arm-none-eabi/13.3.1/thumb/v7e-m+fp/hard/libgcc.a(_aeabi_uldivmod.o)
 .ARM.attributes
                0x00000909       0x34 /Applications/STM32CubeIDE.app/Contents/Eclipse/plugins/com.st.stm32cube.ide.mcu.externaltools.gnu-tools-for-stm32.13.3.rel1.macos64_1.0.0.202411102158/tools/bin/../lib/gcc/arm-none-eabi/13.3.1/thumb/v7e-m+fp/hard/libgcc.a(_udivmoddi4.o)
 .ARM.attributes
                0x0000093d       0x22 /Applications/STM32CubeIDE.app/Contents/Eclipse/plugins/com.st.stm32cube.ide.mcu.externaltools.gnu-tools-for-stm32.13.3.rel1.macos64_1.0.0.202411102158/tools/bin/../lib/gcc/arm-none-eabi/13.3.1/thumb/v7e-m+fp/hard/libgcc.a(_dvmd_tls.o)
 .ARM.attributes
                0x0000095f       0x22 /Applications/STM32CubeIDE.app/Contents/Eclipse/plugins/com.st.stm32cube.ide.mcu.externaltools.gnu-tools-for-stm32.13.3.rel1.macos64_1.0.0.202411102158/tools/bin/../lib/gcc/arm-none-eabi/13.3.1/thumb/v7e-m+fp/hard/crtn.o
OUTPUT(CODE.elf elf32-littlearm)
LOAD linker stubs
LOAD /Applications/STM32CubeIDE.app/Contents/Eclipse/plugins/com.st.stm32cube.ide.mcu.externaltools.gnu-tools-for-stm32.13.3.rel1.macos64_1.0.0.202411102158/tools/bin/../lib/gcc/arm-none-eabi/13.3.1/../../../../arm-none-eabi/lib/thumb/v7e-m+fp/hard/libc.a
LOAD /Applications/STM32CubeIDE.app/Contents/Eclipse/plugins/com.st.stm32cube.ide.mcu.externaltools.gnu-tools-for-stm32.13.3.rel1.macos64_1.0.0.202411102158/tools/bin/../lib/gcc/arm-none-eabi/13.3.1/../../../../arm-none-eabi/lib/thumb/v7e-m+fp/hard/libm.a
LOAD /Applications/STM32CubeIDE.app/Contents/Eclipse/plugins/com.st.stm32cube.ide.mcu.externaltools.gnu-tools-for-stm32.13.3.rel1.macos64_1.0.0.202411102158/tools/bin/../lib/gcc/arm-none-eabi/13.3.1/thumb/v7e-m+fp/hard/libgcc.a

.debug_info     0x00000000    0x127ba
 .debug_info    0x00000000      0xd14 ./Core/Src/adc_task.o
 .debug_info    0x00000d14      0xc7c ./Core/Src/controller_task.o
 .debug_info    0x00001990      0x6ff ./Core/Src/encoder_driver.o
 .debug_info    0x0000208f      0xcd2 ./Core/Src/game_task.o
 .debug_info    0x00002d61      0x7d7 ./Core/Src/lcd.o
 .debug_info    0x00003538     0x23b0 ./Core/Src/main.o
 .debug_info    0x000058e8      0x74d ./Core/Src/motor_driver.o
 .debug_info    0x00006035      0x1bf ./Core/Src/photoresistor_task.o
 .debug_info    0x000061f4      0x8a0 ./Core/Src/shoot_task.o
 .debug_info    0x00006a94      0x21a ./Core/Src/sound_task.o
 .debug_info    0x00006cae     0x122a ./Core/Src/stm32f4xx_hal_msp.o
 .debug_info    0x00007ed8      0x3f9 ./Core/Src/stm32f4xx_it.o
 .debug_info    0x000082d1      0x168 ./Core/Src/sysmem.o
 .debug_info    0x00008439      0x53e ./Core/Src/system_stm32f4xx.o
 .debug_info    0x00008977       0x30 ./Core/Startup/startup_stm32f411ceux.o
 .debug_info    0x000089a7      0x8c4 ./Drivers/STM32F4xx_HAL_Driver/Src/stm32f4xx_hal.o
 .debug_info    0x0000926b      0xce0 ./Drivers/STM32F4xx_HAL_Driver/Src/stm32f4xx_hal_adc.o
 .debug_info    0x00009f4b      0xcfc ./Drivers/STM32F4xx_HAL_Driver/Src/stm32f4xx_hal_cortex.o
 .debug_info    0x0000ac47      0x8e6 ./Drivers/STM32F4xx_HAL_Driver/Src/stm32f4xx_hal_dma.o
 .debug_info    0x0000b52d      0x6f9 ./Drivers/STM32F4xx_HAL_Driver/Src/stm32f4xx_hal_gpio.o
 .debug_info    0x0000bc26     0x2426 ./Drivers/STM32F4xx_HAL_Driver/Src/stm32f4xx_hal_i2c.o
 .debug_info    0x0000e04c      0x904 ./Drivers/STM32F4xx_HAL_Driver/Src/stm32f4xx_hal_rcc.o
 .debug_info    0x0000e950     0x2996 ./Drivers/STM32F4xx_HAL_Driver/Src/stm32f4xx_hal_tim.o
 .debug_info    0x000112e6     0x14d4 ./Drivers/STM32F4xx_HAL_Driver/Src/stm32f4xx_hal_tim_ex.o

.debug_abbrev   0x00000000     0x2cc1
 .debug_abbrev  0x00000000      0x1c2 ./Core/Src/adc_task.o
 .debug_abbrev  0x000001c2      0x1b0 ./Core/Src/controller_task.o
 .debug_abbrev  0x00000372      0x18b ./Core/Src/encoder_driver.o
 .debug_abbrev  0x000004fd      0x1e3 ./Core/Src/game_task.o
 .debug_abbrev  0x000006e0      0x201 ./Core/Src/lcd.o
 .debug_abbrev  0x000008e1      0x325 ./Core/Src/main.o
 .debug_abbrev  0x00000c06      0x1b7 ./Core/Src/motor_driver.o
 .debug_abbrev  0x00000dbd       0xd0 ./Core/Src/photoresistor_task.o
 .debug_abbrev  0x00000e8d      0x1b3 ./Core/Src/shoot_task.o
 .debug_abbrev  0x00001040       0xd0 ./Core/Src/sound_task.o
 .debug_abbrev  0x00001110      0x26d ./Core/Src/stm32f4xx_hal_msp.o
 .debug_abbrev  0x0000137d      0x14d ./Core/Src/stm32f4xx_it.o
 .debug_abbrev  0x000014ca       0xbc ./Core/Src/sysmem.o
 .debug_abbrev  0x00001586      0x11a ./Core/Src/system_stm32f4xx.o
 .debug_abbrev  0x000016a0       0x24 ./Core/Startup/startup_stm32f411ceux.o
 .debug_abbrev  0x000016c4      0x24b ./Drivers/STM32F4xx_HAL_Driver/Src/stm32f4xx_hal.o
 .debug_abbrev  0x0000190f      0x20e ./Drivers/STM32F4xx_HAL_Driver/Src/stm32f4xx_hal_adc.o
 .debug_abbrev  0x00001b1d      0x31d ./Drivers/STM32F4xx_HAL_Driver/Src/stm32f4xx_hal_cortex.o
 .debug_abbrev  0x00001e3a      0x221 ./Drivers/STM32F4xx_HAL_Driver/Src/stm32f4xx_hal_dma.o
 .debug_abbrev  0x0000205b      0x1d3 ./Drivers/STM32F4xx_HAL_Driver/Src/stm32f4xx_hal_gpio.o
 .debug_abbrev  0x0000222e      0x2bc ./Drivers/STM32F4xx_HAL_Driver/Src/stm32f4xx_hal_i2c.o
 .debug_abbrev  0x000024ea      0x2b6 ./Drivers/STM32F4xx_HAL_Driver/Src/stm32f4xx_hal_rcc.o
 .debug_abbrev  0x000027a0      0x28b ./Drivers/STM32F4xx_HAL_Driver/Src/stm32f4xx_hal_tim.o
 .debug_abbrev  0x00002a2b      0x296 ./Drivers/STM32F4xx_HAL_Driver/Src/stm32f4xx_hal_tim_ex.o

.debug_aranges  0x00000000     0x1058
 .debug_aranges
                0x00000000       0x30 ./Core/Src/adc_task.o
 .debug_aranges
                0x00000030       0x38 ./Core/Src/controller_task.o
 .debug_aranges
                0x00000068       0x28 ./Core/Src/encoder_driver.o
 .debug_aranges
                0x00000090       0x40 ./Core/Src/game_task.o
 .debug_aranges
                0x000000d0       0x60 ./Core/Src/lcd.o
 .debug_aranges
                0x00000130       0x88 ./Core/Src/main.o
 .debug_aranges
                0x000001b8       0x38 ./Core/Src/motor_driver.o
 .debug_aranges
                0x000001f0       0x38 ./Core/Src/photoresistor_task.o
 .debug_aranges
                0x00000228       0x40 ./Core/Src/shoot_task.o
 .debug_aranges
                0x00000268       0x50 ./Core/Src/sound_task.o
 .debug_aranges
                0x000002b8       0x68 ./Core/Src/stm32f4xx_hal_msp.o
 .debug_aranges
                0x00000320       0x70 ./Core/Src/stm32f4xx_it.o
 .debug_aranges
                0x00000390       0x20 ./Core/Src/sysmem.o
 .debug_aranges
                0x000003b0       0x28 ./Core/Src/system_stm32f4xx.o
 .debug_aranges
                0x000003d8       0x28 ./Core/Startup/startup_stm32f411ceux.o
 .debug_aranges
                0x00000400       0xf0 ./Drivers/STM32F4xx_HAL_Driver/Src/stm32f4xx_hal.o
 .debug_aranges
                0x000004f0       0xe8 ./Drivers/STM32F4xx_HAL_Driver/Src/stm32f4xx_hal_adc.o
 .debug_aranges
                0x000005d8      0x130 ./Drivers/STM32F4xx_HAL_Driver/Src/stm32f4xx_hal_cortex.o
 .debug_aranges
                0x00000708       0x90 ./Drivers/STM32F4xx_HAL_Driver/Src/stm32f4xx_hal_dma.o
 .debug_aranges
                0x00000798       0x58 ./Drivers/STM32F4xx_HAL_Driver/Src/stm32f4xx_hal_gpio.o
 .debug_aranges
                0x000007f0      0x2a8 ./Drivers/STM32F4xx_HAL_Driver/Src/stm32f4xx_hal_i2c.o
 .debug_aranges
                0x00000a98       0x88 ./Drivers/STM32F4xx_HAL_Driver/Src/stm32f4xx_hal_rcc.o
 .debug_aranges
                0x00000b20      0x3d0 ./Drivers/STM32F4xx_HAL_Driver/Src/stm32f4xx_hal_tim.o
 .debug_aranges
                0x00000ef0      0x168 ./Drivers/STM32F4xx_HAL_Driver/Src/stm32f4xx_hal_tim_ex.o

.debug_rnglists
                0x00000000      0xca3
 .debug_rnglists
                0x00000000       0x1f ./Core/Src/adc_task.o
 .debug_rnglists
                0x0000001f       0x26 ./Core/Src/controller_task.o
 .debug_rnglists
                0x00000045       0x1a ./Core/Src/encoder_driver.o
 .debug_rnglists
                0x0000005f       0x2c ./Core/Src/game_task.o
 .debug_rnglists
                0x0000008b       0x44 ./Core/Src/lcd.o
 .debug_rnglists
                0x000000cf       0x6c ./Core/Src/main.o
 .debug_rnglists
                0x0000013b       0x28 ./Core/Src/motor_driver.o
 .debug_rnglists
                0x00000163       0x25 ./Core/Src/photoresistor_task.o
 .debug_rnglists
                0x00000188       0x2d ./Core/Src/shoot_task.o
 .debug_rnglists
                0x000001b5       0x37 ./Core/Src/sound_task.o
 .debug_rnglists
                0x000001ec       0x4e ./Core/Src/stm32f4xx_hal_msp.o
 .debug_rnglists
                0x0000023a       0x4f ./Core/Src/stm32f4xx_it.o
 .debug_rnglists
                0x00000289       0x13 ./Core/Src/sysmem.o
 .debug_rnglists
                0x0000029c       0x1a ./Core/Src/system_stm32f4xx.o
 .debug_rnglists
                0x000002b6       0x19 ./Core/Startup/startup_stm32f411ceux.o
 .debug_rnglists
                0x000002cf       0xaf ./Drivers/STM32F4xx_HAL_Driver/Src/stm32f4xx_hal.o
 .debug_rnglists
                0x0000037e       0xb5 ./Drivers/STM32F4xx_HAL_Driver/Src/stm32f4xx_hal_adc.o
 .debug_rnglists
                0x00000433       0xe0 ./Drivers/STM32F4xx_HAL_Driver/Src/stm32f4xx_hal_cortex.o
 .debug_rnglists
                0x00000513       0x70 ./Drivers/STM32F4xx_HAL_Driver/Src/stm32f4xx_hal_dma.o
 .debug_rnglists
                0x00000583       0x3f ./Drivers/STM32F4xx_HAL_Driver/Src/stm32f4xx_hal_gpio.o
 .debug_rnglists
                0x000005c2      0x23c ./Drivers/STM32F4xx_HAL_Driver/Src/stm32f4xx_hal_i2c.o
 .debug_rnglists
                0x000007fe       0x66 ./Drivers/STM32F4xx_HAL_Driver/Src/stm32f4xx_hal_rcc.o
 .debug_rnglists
                0x00000864      0x31a ./Drivers/STM32F4xx_HAL_Driver/Src/stm32f4xx_hal_tim.o
 .debug_rnglists
                0x00000b7e      0x125 ./Drivers/STM32F4xx_HAL_Driver/Src/stm32f4xx_hal_tim_ex.o

.debug_macro    0x00000000    0x1958c
 .debug_macro   0x00000000      0x331 ./Core/Src/adc_task.o
 .debug_macro   0x00000331      0xad8 ./Core/Src/adc_task.o
 .debug_macro   0x00000e09       0x2a ./Core/Src/adc_task.o
 .debug_macro   0x00000e33       0x22 ./Core/Src/adc_task.o
 .debug_macro   0x00000e55       0x5b ./Core/Src/adc_task.o
 .debug_macro   0x00000eb0       0x94 ./Core/Src/adc_task.o
 .debug_macro   0x00000f44       0x43 ./Core/Src/adc_task.o
 .debug_macro   0x00000f87       0x34 ./Core/Src/adc_task.o
 .debug_macro   0x00000fbb       0x16 ./Core/Src/adc_task.o
 .debug_macro   0x00000fd1      0x11c ./Core/Src/adc_task.o
 .debug_macro   0x000010ed       0x9b ./Core/Src/adc_task.o
 .debug_macro   0x00001188       0x57 ./Core/Src/adc_task.o
 .debug_macro   0x000011df      0x370 ./Core/Src/adc_task.o
 .debug_macro   0x0000154f       0x16 ./Core/Src/adc_task.o
 .debug_macro   0x00001565       0x4a ./Core/Src/adc_task.o
 .debug_macro   0x000015af       0x34 ./Core/Src/adc_task.o
 .debug_macro   0x000015e3       0x10 ./Core/Src/adc_task.o
 .debug_macro   0x000015f3       0x58 ./Core/Src/adc_task.o
 .debug_macro   0x0000164b       0x8e ./Core/Src/adc_task.o
 .debug_macro   0x000016d9       0x1c ./Core/Src/adc_task.o
 .debug_macro   0x000016f5      0x185 ./Core/Src/adc_task.o
 .debug_macro   0x0000187a       0x16 ./Core/Src/adc_task.o
 .debug_macro   0x00001890       0x29 ./Core/Src/adc_task.o
 .debug_macro   0x000018b9       0x1c ./Core/Src/adc_task.o
 .debug_macro   0x000018d5       0x3c ./Core/Src/adc_task.o
 .debug_macro   0x00001911       0x10 ./Core/Src/adc_task.o
 .debug_macro   0x00001921       0x1c ./Core/Src/adc_task.o
 .debug_macro   0x0000193d       0x16 ./Core/Src/adc_task.o
 .debug_macro   0x00001953      0x146 ./Core/Src/adc_task.o
 .debug_macro   0x00001a99      0x2a1 ./Core/Src/adc_task.o
 .debug_macro   0x00001d3a       0x2e ./Core/Src/adc_task.o
 .debug_macro   0x00001d68       0x28 ./Core/Src/adc_task.o
 .debug_macro   0x00001d90      0x103 ./Core/Src/adc_task.o
 .debug_macro   0x00001e93       0x6a ./Core/Src/adc_task.o
 .debug_macro   0x00001efd      0x1df ./Core/Src/adc_task.o
 .debug_macro   0x000020dc       0x1c ./Core/Src/adc_task.o
 .debug_macro   0x000020f8       0x22 ./Core/Src/adc_task.o
 .debug_macro   0x0000211a       0xfb ./Core/Src/adc_task.o
 .debug_macro   0x00002215     0x1011 ./Core/Src/adc_task.o
 .debug_macro   0x00003226      0x11f ./Core/Src/adc_task.o
 .debug_macro   0x00003345     0xb968 ./Core/Src/adc_task.o
 .debug_macro   0x0000ecad       0x6d ./Core/Src/adc_task.o
 .debug_macro   0x0000ed1a     0x3693 ./Core/Src/adc_task.o
 .debug_macro   0x000123ad       0x56 ./Core/Src/adc_task.o
 .debug_macro   0x00012403      0x45c ./Core/Src/adc_task.o
 .debug_macro   0x0001285f      0x9e9 ./Core/Src/adc_task.o
 .debug_macro   0x00013248      0x115 ./Core/Src/adc_task.o
 .debug_macro   0x0001335d      0x11b ./Core/Src/adc_task.o
 .debug_macro   0x00013478       0xa5 ./Core/Src/adc_task.o
 .debug_macro   0x0001351d      0x15f ./Core/Src/adc_task.o
 .debug_macro   0x0001367c      0x287 ./Core/Src/adc_task.o
 .debug_macro   0x00013903       0x5f ./Core/Src/adc_task.o
 .debug_macro   0x00013962      0x236 ./Core/Src/adc_task.o
 .debug_macro   0x00013b98      0x9e1 ./Core/Src/adc_task.o
 .debug_macro   0x00014579      0x38b ./Core/Src/adc_task.o
 .debug_macro   0x00014904      0x17d ./Core/Src/adc_task.o
 .debug_macro   0x00014a81       0xf9 ./Core/Src/adc_task.o
 .debug_macro   0x00014b7a      0x132 ./Core/Src/adc_task.o
 .debug_macro   0x00014cac      0x264 ./Core/Src/adc_task.o
 .debug_macro   0x00014f10       0x2e ./Core/Src/adc_task.o
 .debug_macro   0x00014f3e      0x1b5 ./Core/Src/adc_task.o
 .debug_macro   0x000150f3       0x22 ./Core/Src/adc_task.o
 .debug_macro   0x00015115       0xd6 ./Core/Src/adc_task.o
 .debug_macro   0x000151eb      0x127 ./Core/Src/adc_task.o
 .debug_macro   0x00015312       0x85 ./Core/Src/adc_task.o
 .debug_macro   0x00015397       0x89 ./Core/Src/adc_task.o
 .debug_macro   0x00015420      0x8ed ./Core/Src/adc_task.o
 .debug_macro   0x00015d0d       0x47 ./Core/Src/adc_task.o
 .debug_macro   0x00015d54      0x126 ./Core/Src/adc_task.o
 .debug_macro   0x00015e7a      0x325 ./Core/Src/controller_task.o
 .debug_macro   0x0001619f      0x2e7 ./Core/Src/encoder_driver.o
 .debug_macro   0x00016486      0x190 ./Core/Src/encoder_driver.o
 .debug_macro   0x00016616       0x5c ./Core/Src/encoder_driver.o
 .debug_macro   0x00016672       0x61 ./Core/Src/encoder_driver.o
 .debug_macro   0x000166d3       0x16 ./Core/Src/encoder_driver.o
 .debug_macro   0x000166e9       0x16 ./Core/Src/encoder_driver.o
 .debug_macro   0x000166ff      0x304 ./Core/Src/game_task.o
 .debug_macro   0x00016a03       0x10 ./Core/Src/game_task.o
 .debug_macro   0x00016a13      0x22d ./Core/Src/lcd.o
 .debug_macro   0x00016c40      0x370 ./Core/Src/main.o
 .debug_macro   0x00016fb0      0x319 ./Core/Src/motor_driver.o
 .debug_macro   0x000172c9      0x2e7 ./Core/Src/photoresistor_task.o
 .debug_macro   0x000175b0      0x2e7 ./Core/Src/shoot_task.o
 .debug_macro   0x00017897       0x6d ./Core/Src/sound_task.o
 .debug_macro   0x00017904      0x20f ./Core/Src/stm32f4xx_hal_msp.o
 .debug_macro   0x00017b13      0x219 ./Core/Src/stm32f4xx_it.o
 .debug_macro   0x00017d2c      0x112 ./Core/Src/sysmem.o
 .debug_macro   0x00017e3e      0x23c ./Core/Src/sysmem.o
 .debug_macro   0x0001807a      0x205 ./Core/Src/system_stm32f4xx.o
 .debug_macro   0x0001827f      0x265 ./Drivers/STM32F4xx_HAL_Driver/Src/stm32f4xx_hal.o
 .debug_macro   0x000184e4      0x206 ./Drivers/STM32F4xx_HAL_Driver/Src/stm32f4xx_hal_adc.o
 .debug_macro   0x000186ea      0x205 ./Drivers/STM32F4xx_HAL_Driver/Src/stm32f4xx_hal_cortex.o
 .debug_macro   0x000188ef      0x20b ./Drivers/STM32F4xx_HAL_Driver/Src/stm32f4xx_hal_dma.o
 .debug_macro   0x00018afa      0x20b ./Drivers/STM32F4xx_HAL_Driver/Src/stm32f4xx_hal_gpio.o
 .debug_macro   0x00018d05      0x253 ./Drivers/STM32F4xx_HAL_Driver/Src/stm32f4xx_hal_i2c.o
 .debug_macro   0x00018f58      0x229 ./Drivers/STM32F4xx_HAL_Driver/Src/stm32f4xx_hal_rcc.o
 .debug_macro   0x00019181      0x206 ./Drivers/STM32F4xx_HAL_Driver/Src/stm32f4xx_hal_tim.o
 .debug_macro   0x00019387      0x205 ./Drivers/STM32F4xx_HAL_Driver/Src/stm32f4xx_hal_tim_ex.o

.debug_line     0x00000000    0x15b42
 .debug_line    0x00000000      0x980 ./Core/Src/adc_task.o
 .debug_line    0x00000980      0xa65 ./Core/Src/controller_task.o
 .debug_line    0x000013e5      0x8f6 ./Core/Src/encoder_driver.o
 .debug_line    0x00001cdb      0xa97 ./Core/Src/game_task.o
 .debug_line    0x00002772      0x850 ./Core/Src/lcd.o
 .debug_line    0x00002fc2      0xf89 ./Core/Src/main.o
 .debug_line    0x00003f4b      0xa82 ./Core/Src/motor_driver.o
 .debug_line    0x000049cd      0x924 ./Core/Src/photoresistor_task.o
 .debug_line    0x000052f1      0x9b3 ./Core/Src/shoot_task.o
 .debug_line    0x00005ca4      0x48e ./Core/Src/sound_task.o
 .debug_line    0x00006132      0x962 ./Core/Src/stm32f4xx_hal_msp.o
 .debug_line    0x00006a94      0x81b ./Core/Src/stm32f4xx_it.o
 .debug_line    0x000072af      0x521 ./Core/Src/sysmem.o
 .debug_line    0x000077d0      0x7c0 ./Core/Src/system_stm32f4xx.o
 .debug_line    0x00007f90       0x7a ./Core/Startup/startup_stm32f411ceux.o
 .debug_line    0x0000800a      0xa2d ./Drivers/STM32F4xx_HAL_Driver/Src/stm32f4xx_hal.o
 .debug_line    0x00008a37     0x1184 ./Drivers/STM32F4xx_HAL_Driver/Src/stm32f4xx_hal_adc.o
 .debug_line    0x00009bbb      0xcfd ./Drivers/STM32F4xx_HAL_Driver/Src/stm32f4xx_hal_cortex.o
 .debug_line    0x0000a8b8      0xf99 ./Drivers/STM32F4xx_HAL_Driver/Src/stm32f4xx_hal_dma.o
 .debug_line    0x0000b851      0xb49 ./Drivers/STM32F4xx_HAL_Driver/Src/stm32f4xx_hal_gpio.o
 .debug_line    0x0000c39a     0x3ada ./Drivers/STM32F4xx_HAL_Driver/Src/stm32f4xx_hal_i2c.o
 .debug_line    0x0000fe74      0xe3a ./Drivers/STM32F4xx_HAL_Driver/Src/stm32f4xx_hal_rcc.o
 .debug_line    0x00010cae     0x356c ./Drivers/STM32F4xx_HAL_Driver/Src/stm32f4xx_hal_tim.o
 .debug_line    0x0001421a     0x1928 ./Drivers/STM32F4xx_HAL_Driver/Src/stm32f4xx_hal_tim_ex.o

.debug_str      0x00000000    0x9ad85
 .debug_str     0x00000000    0x9ad85 ./Core/Src/adc_task.o
                              0x96640 (size before relaxing)
 .debug_str     0x0009ad85    0x9662d ./Core/Src/controller_task.o
 .debug_str     0x0009ad85    0x96193 ./Core/Src/encoder_driver.o
 .debug_str     0x0009ad85    0x9664d ./Core/Src/game_task.o
 .debug_str     0x0009ad85    0x92a94 ./Core/Src/lcd.o
 .debug_str     0x0009ad85    0x97923 ./Core/Src/main.o
 .debug_str     0x0009ad85    0x96283 ./Core/Src/motor_driver.o
 .debug_str     0x0009ad85    0x95cee ./Core/Src/photoresistor_task.o
 .debug_str     0x0009ad85    0x9629a ./Core/Src/shoot_task.o
 .debug_str     0x0009ad85     0x3eb4 ./Core/Src/sound_task.o
 .debug_str     0x0009ad85    0x93094 ./Core/Src/stm32f4xx_hal_msp.o
 .debug_str     0x0009ad85    0x927c3 ./Core/Src/stm32f4xx_it.o
 .debug_str     0x0009ad85     0x777a ./Core/Src/sysmem.o
 .debug_str     0x0009ad85    0x92628 ./Core/Src/system_stm32f4xx.o
 .debug_str     0x0009ad85       0x7c ./Core/Startup/startup_stm32f411ceux.o
 .debug_str     0x0009ad85    0x93054 ./Drivers/STM32F4xx_HAL_Driver/Src/stm32f4xx_hal.o
 .debug_str     0x0009ad85    0x92c03 ./Drivers/STM32F4xx_HAL_Driver/Src/stm32f4xx_hal_adc.o
 .debug_str     0x0009ad85    0x92dbe ./Drivers/STM32F4xx_HAL_Driver/Src/stm32f4xx_hal_cortex.o
 .debug_str     0x0009ad85    0x92a30 ./Drivers/STM32F4xx_HAL_Driver/Src/stm32f4xx_hal_dma.o
 .debug_str     0x0009ad85    0x927a3 ./Drivers/STM32F4xx_HAL_Driver/Src/stm32f4xx_hal_gpio.o
 .debug_str     0x0009ad85    0x93639 ./Drivers/STM32F4xx_HAL_Driver/Src/stm32f4xx_hal_i2c.o
 .debug_str     0x0009ad85    0x92a5c ./Drivers/STM32F4xx_HAL_Driver/Src/stm32f4xx_hal_rcc.o
 .debug_str     0x0009ad85    0x939a0 ./Drivers/STM32F4xx_HAL_Driver/Src/stm32f4xx_hal_tim.o
 .debug_str     0x0009ad85    0x931ac ./Drivers/STM32F4xx_HAL_Driver/Src/stm32f4xx_hal_tim_ex.o

.comment        0x00000000       0x43
 .comment       0x00000000       0x43 ./Core/Src/adc_task.o
                                 0x44 (size before relaxing)
 .comment       0x00000043       0x44 ./Core/Src/controller_task.o
 .comment       0x00000043       0x44 ./Core/Src/encoder_driver.o
 .comment       0x00000043       0x44 ./Core/Src/game_task.o
 .comment       0x00000043       0x44 ./Core/Src/lcd.o
 .comment       0x00000043       0x44 ./Core/Src/main.o
 .comment       0x00000043       0x44 ./Core/Src/motor_driver.o
 .comment       0x00000043       0x44 ./Core/Src/photoresistor_task.o
 .comment       0x00000043       0x44 ./Core/Src/shoot_task.o
 .comment       0x00000043       0x44 ./Core/Src/sound_task.o
 .comment       0x00000043       0x44 ./Core/Src/stm32f4xx_hal_msp.o
 .comment       0x00000043       0x44 ./Core/Src/stm32f4xx_it.o
 .comment       0x00000043       0x44 ./Core/Src/sysmem.o
 .comment       0x00000043       0x44 ./Core/Src/system_stm32f4xx.o
 .comment       0x00000043       0x44 ./Drivers/STM32F4xx_HAL_Driver/Src/stm32f4xx_hal.o
 .comment       0x00000043       0x44 ./Drivers/STM32F4xx_HAL_Driver/Src/stm32f4xx_hal_adc.o
 .comment       0x00000043       0x44 ./Drivers/STM32F4xx_HAL_Driver/Src/stm32f4xx_hal_cortex.o
 .comment       0x00000043       0x44 ./Drivers/STM32F4xx_HAL_Driver/Src/stm32f4xx_hal_dma.o
 .comment       0x00000043       0x44 ./Drivers/STM32F4xx_HAL_Driver/Src/stm32f4xx_hal_gpio.o
 .comment       0x00000043       0x44 ./Drivers/STM32F4xx_HAL_Driver/Src/stm32f4xx_hal_i2c.o
 .comment       0x00000043       0x44 ./Drivers/STM32F4xx_HAL_Driver/Src/stm32f4xx_hal_rcc.o
 .comment       0x00000043       0x44 ./Drivers/STM32F4xx_HAL_Driver/Src/stm32f4xx_hal_tim.o
 .comment       0x00000043       0x44 ./Drivers/STM32F4xx_HAL_Driver/Src/stm32f4xx_hal_tim_ex.o

.debug_frame    0x00000000     0x486c
 .debug_frame   0x00000000       0x80 ./Core/Src/adc_task.o
 .debug_frame   0x00000080       0xa0 ./Core/Src/controller_task.o
 .debug_frame   0x00000120       0x60 ./Core/Src/encoder_driver.o
 .debug_frame   0x00000180       0xc8 ./Core/Src/game_task.o
 .debug_frame   0x00000248      0x144 ./Core/Src/lcd.o
 .debug_frame   0x0000038c      0x1e8 ./Core/Src/main.o
 .debug_frame   0x00000574       0xac ./Core/Src/motor_driver.o
 .debug_frame   0x00000620       0xac ./Core/Src/photoresistor_task.o
 .debug_frame   0x000006cc       0xc8 ./Core/Src/shoot_task.o
 .debug_frame   0x00000794      0x124 ./Core/Src/sound_task.o
 .debug_frame   0x000008b8      0x184 ./Core/Src/stm32f4xx_hal_msp.o
 .debug_frame   0x00000a3c      0x13c ./Core/Src/stm32f4xx_it.o
 .debug_frame   0x00000b78       0x34 ./Core/Src/sysmem.o
 .debug_frame   0x00000bac       0x58 ./Core/Src/system_stm32f4xx.o
 .debug_frame   0x00000c04      0x374 ./Drivers/STM32F4xx_HAL_Driver/Src/stm32f4xx_hal.o
 .debug_frame   0x00000f78      0x3fc ./Drivers/STM32F4xx_HAL_Driver/Src/stm32f4xx_hal_adc.o
 .debug_frame   0x00001374      0x508 ./Drivers/STM32F4xx_HAL_Driver/Src/stm32f4xx_hal_cortex.o
 .debug_frame   0x0000187c      0x250 ./Drivers/STM32F4xx_HAL_Driver/Src/stm32f4xx_hal_dma.o
 .debug_frame   0x00001acc      0x14c ./Drivers/STM32F4xx_HAL_Driver/Src/stm32f4xx_hal_gpio.o
 .debug_frame   0x00001c18      0xc84 ./Drivers/STM32F4xx_HAL_Driver/Src/stm32f4xx_hal_i2c.o
 .debug_frame   0x0000289c      0x1f4 ./Drivers/STM32F4xx_HAL_Driver/Src/stm32f4xx_hal_rcc.o
 .debug_frame   0x00002a90     0x11b8 ./Drivers/STM32F4xx_HAL_Driver/Src/stm32f4xx_hal_tim.o
 .debug_frame   0x00003c48      0x638 ./Drivers/STM32F4xx_HAL_Driver/Src/stm32f4xx_hal_tim_ex.o
 .debug_frame   0x00004280       0x74 /Applications/STM32CubeIDE.app/Contents/Eclipse/plugins/com.st.stm32cube.ide.mcu.externaltools.gnu-tools-for-stm32.13.3.rel1.macos64_1.0.0.202411102158/tools/bin/../lib/gcc/arm-none-eabi/13.3.1/../../../../arm-none-eabi/lib/thumb/v7e-m+fp/hard/libc_nano.a(libc_a-sprintf.o)
 .debug_frame   0x000042f4      0x144 /Applications/STM32CubeIDE.app/Contents/Eclipse/plugins/com.st.stm32cube.ide.mcu.externaltools.gnu-tools-for-stm32.13.3.rel1.macos64_1.0.0.202411102158/tools/bin/../lib/gcc/arm-none-eabi/13.3.1/../../../../arm-none-eabi/lib/thumb/v7e-m+fp/hard/libc_nano.a(libc_a-findfp.o)
 .debug_frame   0x00004438       0x20 /Applications/STM32CubeIDE.app/Contents/Eclipse/plugins/com.st.stm32cube.ide.mcu.externaltools.gnu-tools-for-stm32.13.3.rel1.macos64_1.0.0.202411102158/tools/bin/../lib/gcc/arm-none-eabi/13.3.1/../../../../arm-none-eabi/lib/thumb/v7e-m+fp/hard/libc_nano.a(libc_a-memset.o)
 .debug_frame   0x00004458       0x20 /Applications/STM32CubeIDE.app/Contents/Eclipse/plugins/com.st.stm32cube.ide.mcu.externaltools.gnu-tools-for-stm32.13.3.rel1.macos64_1.0.0.202411102158/tools/bin/../lib/gcc/arm-none-eabi/13.3.1/../../../../arm-none-eabi/lib/thumb/v7e-m+fp/hard/libc_nano.a(libc_a-errno.o)
 .debug_frame   0x00004478       0x2c /Applications/STM32CubeIDE.app/Contents/Eclipse/plugins/com.st.stm32cube.ide.mcu.externaltools.gnu-tools-for-stm32.13.3.rel1.macos64_1.0.0.202411102158/tools/bin/../lib/gcc/arm-none-eabi/13.3.1/../../../../arm-none-eabi/lib/thumb/v7e-m+fp/hard/libc_nano.a(libc_a-init.o)
 .debug_frame   0x000044a4       0xb0 /Applications/STM32CubeIDE.app/Contents/Eclipse/plugins/com.st.stm32cube.ide.mcu.externaltools.gnu-tools-for-stm32.13.3.rel1.macos64_1.0.0.202411102158/tools/bin/../lib/gcc/arm-none-eabi/13.3.1/../../../../arm-none-eabi/lib/thumb/v7e-m+fp/hard/libc_nano.a(libc_a-lock.o)
 .debug_frame   0x00004554       0x90 /Applications/STM32CubeIDE.app/Contents/Eclipse/plugins/com.st.stm32cube.ide.mcu.externaltools.gnu-tools-for-stm32.13.3.rel1.macos64_1.0.0.202411102158/tools/bin/../lib/gcc/arm-none-eabi/13.3.1/../../../../arm-none-eabi/lib/thumb/v7e-m+fp/hard/libc_nano.a(libc_a-nano-svfprintf.o)
 .debug_frame   0x000045e4       0x50 /Applications/STM32CubeIDE.app/Contents/Eclipse/plugins/com.st.stm32cube.ide.mcu.externaltools.gnu-tools-for-stm32.13.3.rel1.macos64_1.0.0.202411102158/tools/bin/../lib/gcc/arm-none-eabi/13.3.1/../../../../arm-none-eabi/lib/thumb/v7e-m+fp/hard/libc_nano.a(libc_a-mallocr.o)
 .debug_frame   0x00004634       0x60 /Applications/STM32CubeIDE.app/Contents/Eclipse/plugins/com.st.stm32cube.ide.mcu.externaltools.gnu-tools-for-stm32.13.3.rel1.macos64_1.0.0.202411102158/tools/bin/../lib/gcc/arm-none-eabi/13.3.1/../../../../arm-none-eabi/lib/thumb/v7e-m+fp/hard/libc_nano.a(libc_a-nano-vfprintf_i.o)
 .debug_frame   0x00004694       0x30 /Applications/STM32CubeIDE.app/Contents/Eclipse/plugins/com.st.stm32cube.ide.mcu.externaltools.gnu-tools-for-stm32.13.3.rel1.macos64_1.0.0.202411102158/tools/bin/../lib/gcc/arm-none-eabi/13.3.1/../../../../arm-none-eabi/lib/thumb/v7e-m+fp/hard/libc_nano.a(libc_a-mlock.o)
 .debug_frame   0x000046c4       0x3c /Applications/STM32CubeIDE.app/Contents/Eclipse/plugins/com.st.stm32cube.ide.mcu.externaltools.gnu-tools-for-stm32.13.3.rel1.macos64_1.0.0.202411102158/tools/bin/../lib/gcc/arm-none-eabi/13.3.1/../../../../arm-none-eabi/lib/thumb/v7e-m+fp/hard/libc_nano.a(libc_a-reallocr.o)
 .debug_frame   0x00004700       0x28 /Applications/STM32CubeIDE.app/Contents/Eclipse/plugins/com.st.stm32cube.ide.mcu.externaltools.gnu-tools-for-stm32.13.3.rel1.macos64_1.0.0.202411102158/tools/bin/../lib/gcc/arm-none-eabi/13.3.1/../../../../arm-none-eabi/lib/thumb/v7e-m+fp/hard/libc_nano.a(libc_a-memmove.o)
 .debug_frame   0x00004728       0x2c /Applications/STM32CubeIDE.app/Contents/Eclipse/plugins/com.st.stm32cube.ide.mcu.externaltools.gnu-tools-for-stm32.13.3.rel1.macos64_1.0.0.202411102158/tools/bin/../lib/gcc/arm-none-eabi/13.3.1/../../../../arm-none-eabi/lib/thumb/v7e-m+fp/hard/libc_nano.a(libc_a-sbrkr.o)
 .debug_frame   0x00004754       0x38 /Applications/STM32CubeIDE.app/Contents/Eclipse/plugins/com.st.stm32cube.ide.mcu.externaltools.gnu-tools-for-stm32.13.3.rel1.macos64_1.0.0.202411102158/tools/bin/../lib/gcc/arm-none-eabi/13.3.1/../../../../arm-none-eabi/lib/thumb/v7e-m+fp/hard/libc_nano.a(libc_a-reent.o)
 .debug_frame   0x0000478c       0x28 /Applications/STM32CubeIDE.app/Contents/Eclipse/plugins/com.st.stm32cube.ide.mcu.externaltools.gnu-tools-for-stm32.13.3.rel1.macos64_1.0.0.202411102158/tools/bin/../lib/gcc/arm-none-eabi/13.3.1/../../../../arm-none-eabi/lib/thumb/v7e-m+fp/hard/libc_nano.a(libc_a-memcpy-stub.o)
 .debug_frame   0x000047b4       0x38 /Applications/STM32CubeIDE.app/Contents/Eclipse/plugins/com.st.stm32cube.ide.mcu.externaltools.gnu-tools-for-stm32.13.3.rel1.macos64_1.0.0.202411102158/tools/bin/../lib/gcc/arm-none-eabi/13.3.1/../../../../arm-none-eabi/lib/thumb/v7e-m+fp/hard/libc_nano.a(libc_a-freer.o)
 .debug_frame   0x000047ec       0x20 /Applications/STM32CubeIDE.app/Contents/Eclipse/plugins/com.st.stm32cube.ide.mcu.externaltools.gnu-tools-for-stm32.13.3.rel1.macos64_1.0.0.202411102158/tools/bin/../lib/gcc/arm-none-eabi/13.3.1/../../../../arm-none-eabi/lib/thumb/v7e-m+fp/hard/libc_nano.a(libc_a-msizer.o)
 .debug_frame   0x0000480c       0x2c /Applications/STM32CubeIDE.app/Contents/Eclipse/plugins/com.st.stm32cube.ide.mcu.externaltools.gnu-tools-for-stm32.13.3.rel1.macos64_1.0.0.202411102158/tools/bin/../lib/gcc/arm-none-eabi/13.3.1/thumb/v7e-m+fp/hard/libgcc.a(_aeabi_uldivmod.o)