Archive member included to satisfy reference by file (symbol)

/Applications/STM32CubeIDE.app/Contents/Eclipse/plugins/com.st.stm32cube.ide.mcu.externaltools.gnu-tools-for-stm32.13.3.rel1.macos64_1.0.0.202411102158/tools/bin/../lib/gcc/arm-none-eabi/13.3.1/../../../../arm-none-eabi/lib/thumb/v7e-m+fp/hard/libc_nano.a(libc_a-exit.o)
                              /Applications/STM32CubeIDE.app/Contents/Eclipse/plugins/com.st.stm32cube.ide.mcu.externaltools.gnu-tools-for-stm32.13.3.rel1.macos64_1.0.0.202411102158/tools/bin/../lib/gcc/arm-none-eabi/13.3.1/../../../../arm-none-eabi/lib/thumb/v7e-m+fp/hard/crt0.o (exit)
/Applications/STM32CubeIDE.app/Contents/Eclipse/plugins/com.st.stm32cube.ide.mcu.externaltools.gnu-tools-for-stm32.13.3.rel1.macos64_1.0.0.202411102158/tools/bin/../lib/gcc/arm-none-eabi/13.3.1/../../../../arm-none-eabi/lib/thumb/v7e-m+fp/hard/libc_nano.a(libc_a-sprintf.o)
                              ./Core/Src/game_task.o (sprintf)
/Applications/STM32CubeIDE.app/Contents/Eclipse/plugins/com.st.stm32cube.ide.mcu.externaltools.gnu-tools-for-stm32.13.3.rel1.macos64_1.0.0.202411102158/tools/bin/../lib/gcc/arm-none-eabi/13.3.1/../../../../arm-none-eabi/lib/thumb/v7e-m+fp/hard/libc_nano.a(libc_a-findfp.o)
                              /Applications/STM32CubeIDE.app/Contents/Eclipse/plugins/com.st.stm32cube.ide.mcu.externaltools.gnu-tools-for-stm32.13.3.rel1.macos64_1.0.0.202411102158/tools/bin/../lib/gcc/arm-none-eabi/13.3.1/../../../../arm-none-eabi/lib/thumb/v7e-m+fp/hard/libc_nano.a(libc_a-exit.o) (__stdio_exit_handler)
/Applications/STM32CubeIDE.app/Contents/Eclipse/plugins/com.st.stm32cube.ide.mcu.externaltools.gnu-tools-for-stm32.13.3.rel1.macos64_1.0.0.202411102158/tools/bin/../lib/gcc/arm-none-eabi/13.3.1/../../../../arm-none-eabi/lib/thumb/v7e-m+fp/hard/libc_nano.a(libc_a-fwalk.o)
                              /Applications/STM32CubeIDE.app/Contents/Eclipse/plugins/com.st.stm32cube.ide.mcu.externaltools.gnu-tools-for-stm32.13.3.rel1.macos64_1.0.0.202411102158/tools/bin/../lib/gcc/arm-none-eabi/13.3.1/../../../../arm-none-eabi/lib/thumb/v7e-m+fp/hard/libc_nano.a(libc_a-findfp.o) (_fwalk_sglue)
/Applications/STM32CubeIDE.app/Contents/Eclipse/plugins/com.st.stm32cube.ide.mcu.externaltools.gnu-tools-for-stm32.13.3.rel1.macos64_1.0.0.202411102158/tools/bin/../lib/gcc/arm-none-eabi/13.3.1/../../../../arm-none-eabi/lib/thumb/v7e-m+fp/hard/libc_nano.a(libc_a-memset.o)
                              /Applications/STM32CubeIDE.app/Contents/Eclipse/plugins/com.st.stm32cube.ide.mcu.externaltools.gnu-tools-for-stm32.13.3.rel1.macos64_1.0.0.202411102158/tools/bin/../lib/gcc/arm-none-eabi/13.3.1/../../../../arm-none-eabi/lib/thumb/v7e-m+fp/hard/crt0.o (memset)
/Applications/STM32CubeIDE.app/Contents/Eclipse/plugins/com.st.stm32cube.ide.mcu.externaltools.gnu-tools-for-stm32.13.3.rel1.macos64_1.0.0.202411102158/tools/bin/../lib/gcc/arm-none-eabi/13.3.1/../../../../arm-none-eabi/lib/thumb/v7e-m+fp/hard/libc_nano.a(libc_a-errno.o)
                              ./Core/Src/syscalls.o (__errno)
/Applications/STM32CubeIDE.app/Contents/Eclipse/plugins/com.st.stm32cube.ide.mcu.externaltools.gnu-tools-for-stm32.13.3.rel1.macos64_1.0.0.202411102158/tools/bin/../lib/gcc/arm-none-eabi/13.3.1/../../../../arm-none-eabi/lib/thumb/v7e-m+fp/hard/libc_nano.a(libc_a-init.o)
                              /Applications/STM32CubeIDE.app/Contents/Eclipse/plugins/com.st.stm32cube.ide.mcu.externaltools.gnu-tools-for-stm32.13.3.rel1.macos64_1.0.0.202411102158/tools/bin/../lib/gcc/arm-none-eabi/13.3.1/../../../../arm-none-eabi/lib/thumb/v7e-m+fp/hard/crt0.o (__libc_init_array)
/Applications/STM32CubeIDE.app/Contents/Eclipse/plugins/com.st.stm32cube.ide.mcu.externaltools.gnu-tools-for-stm32.13.3.rel1.macos64_1.0.0.202411102158/tools/bin/../lib/gcc/arm-none-eabi/13.3.1/../../../../arm-none-eabi/lib/thumb/v7e-m+fp/hard/libc_nano.a(libc_a-lock.o)
                              /Applications/STM32CubeIDE.app/Contents/Eclipse/plugins/com.st.stm32cube.ide.mcu.externaltools.gnu-tools-for-stm32.13.3.rel1.macos64_1.0.0.202411102158/tools/bin/../lib/gcc/arm-none-eabi/13.3.1/../../../../arm-none-eabi/lib/thumb/v7e-m+fp/hard/libc_nano.a(libc_a-findfp.o) (__retarget_lock_init_recursive)
/Applications/STM32CubeIDE.app/Contents/Eclipse/plugins/com.st.stm32cube.ide.mcu.externaltools.gnu-tools-for-stm32.13.3.rel1.macos64_1.0.0.202411102158/tools/bin/../lib/gcc/arm-none-eabi/13.3.1/../../../../arm-none-eabi/lib/thumb/v7e-m+fp/hard/libc_nano.a(libc_a-impure.o)
                              /Applications/STM32CubeIDE.app/Contents/Eclipse/plugins/com.st.stm32cube.ide.mcu.externaltools.gnu-tools-for-stm32.13.3.rel1.macos64_1.0.0.202411102158/tools/bin/../lib/gcc/arm-none-eabi/13.3.1/../../../../arm-none-eabi/lib/thumb/v7e-m+fp/hard/libc_nano.a(libc_a-sprintf.o) (_impure_ptr)
[...]
Memory Configuration

Name             Origin             Length             Attributes
RAM              0x20000000         0x00020000         xrw
FLASH            0x08000000         0x00080000         xr
*default*        0x00000000         0xffffffff

Linker script and memory map

LOAD /Applications/STM32CubeIDE.app/Contents/Eclipse/plugins/com.st.stm32cube.ide.mcu.externaltools.gnu-tools-for-stm32.13.3.rel1.macos64_1.0.0.202411102158/tools/bin/../lib/gcc/arm-none-eabi/13.3.1/thumb/v7e-m+fp/hard/crti.o
LOAD /Applications/STM32CubeIDE.app/Contents/Eclipse/plugins/com.st.stm32cube.ide.mcu.externaltools.gnu-tools-for-stm32.13.3.rel1.macos64_1.0.0.202411102158/tools/bin/../lib/gcc/arm-none-eabi/13.3.1/thumb/v7e-m+fp/hard/crtbegin.o
LOAD /Applications/STM32CubeIDE.app/Contents/Eclipse/plugins/com.st.stm32cube.ide.mcu.externaltools.gnu-tools-for-stm32.13.3.rel1.macos64_1.0.0.202411102158/tools/bin/../lib/gcc/arm-none-eabi/13.3.1/../../../../arm-none-eabi/lib/thumb/v7e-m+fp/hard/crt0.o
LOAD ./Core/Src/adc_task.o
LOAD ./Core/Src/controller_task.o
LOAD ./Core/Src/game_task.o
LOAD ./Core/Src/lcd.o
LOAD ./Core/Src/main.o
LOAD ./Core/Src/motor_driver.o
LOAD ./Core/Src/photoresistor_task.o
LOAD ./Core/Src/shoot_task.o
LOAD ./Core/Src/sound_task.o
LOAD ./Core/Src/stm32f4xx_hal_msp.o
LOAD ./Core/Src/stm32f4xx_it.o
LOAD ./Core/Src/syscalls.o
LOAD ./Core/Src/sysmem.o
LOAD ./Core/Src/system_stm32f4xx.o
LOAD ./Core/Startup/startup_stm32f411ceux.o
LOAD ./Drivers/STM32F4xx_HAL_Driver/Src/stm32f4xx_hal.o
LOAD ./Drivers/STM32F4xx_HAL_Driver/Src/stm32f4xx_hal_adc.o
LOAD ./Drivers/STM32F4xx_HAL_Driver/Src/stm32f4xx_hal_adc_ex.o
LOAD ./Drivers/STM32F4xx_HAL_Driver/Src/stm32f4xx_hal_cortex.o
LOAD ./Drivers/STM32F4xx_HAL_Driver/Src/stm32f4xx_hal_dma.o
LOAD ./Drivers/STM32F4xx_HAL_Driver/Src/stm32f4xx_hal_dma_ex.o
LOAD ./Drivers/STM32F4xx_HAL_Driver/Src/stm32f4xx_hal_exti.o
LOAD ./Drivers/STM32F4xx_HAL_Driver/Src/stm32f4xx_hal_flash.o
LOAD ./Drivers/STM32F4xx_HAL_Driver/Src/stm32f4xx_hal_flash_ex.o
LOAD ./Drivers/STM32F4xx_HAL_Driver/Src/stm32f4xx_hal_flash_ramfunc.o
LOAD ./Drivers/STM32F4xx_HAL_Driver/Src/stm32f4xx_hal_gpio.o
LOAD ./Drivers/STM32F4xx_HAL_Driver/Src/stm32f4xx_hal_i2c.o
LOAD ./Drivers/STM32F4xx_HAL_Driver/Src/stm32f4xx_hal_i2c_ex.o
LOAD ./Drivers/STM32F4xx_HAL_Driver/Src/stm32f4xx_hal_pwr.o
LOAD ./Drivers/STM32F4xx_HAL_Driver/Src/stm32f4xx_hal_pwr_ex.o
LOAD ./Drivers/STM32F4xx_HAL_Driver/Src/stm32f4xx_hal_rcc.o
LOAD ./Drivers/STM32F4xx_HAL_Driver/Src/stm32f4xx_hal_rcc_ex.o
LOAD ./Drivers/STM32F4xx_HAL_Driver/Src/stm32f4xx_hal_tim.o
LOAD ./Drivers/STM32F4xx_HAL_Driver/Src/stm32f4xx_hal_tim_ex.o
LOAD ./Drivers/STM32F4xx_HAL_Driver/Src/stm32f4xx_ll_adc.o
START GROUP
LOAD /Applications/STM32CubeIDE.app/Contents/Eclipse/plugins/com.st.stm32cube.ide.mcu.externaltools.gnu-tools-for-stm32.13.3.rel1.macos64_1.0.0.202411102158/tools/bin/../lib/gcc/arm-none-eabi/13.3.1/../../../../arm-none-eabi/lib/thumb/v7e-m+fp/hard/libc_nano.a
LOAD /Applications/STM32CubeIDE.app/Contents/Eclipse/plugins/com.st.stm32cube.ide.mcu.externaltools.gnu-tools-for-stm32.13.3.rel1.macos64_1.0.0.202411102158/tools/bin/../lib/gcc/arm-none-eabi/13.3.1/../../../../arm-none-eabi/lib/thumb/v7e-m+fp/hard/libm.a
END GROUP
START GROUP
LOAD /Applications/STM32CubeIDE.app/Contents/Eclipse/plugins/com.st.stm32cube.ide.mcu.externaltools.gnu-tools-for-stm32.13.3.rel1.macos64_1.0.0.202411102158/tools/bin/../lib/gcc/arm-none-eabi/13.3.1/thumb/v7e-m+fp/hard/libgcc.a
LOAD /Applications/STM32CubeIDE.app/Contents/Eclipse/plugins/com.st.stm32cube.ide.mcu.externaltools.gnu-tools-for-stm32.13.3.rel1.macos64_1.0.0.202411102158/tools/bin/../lib/gcc/arm-none-eabi/13.3.1/../../../../arm-none-eabi/lib/thumb/v7e-m+fp/hard/libc_nano.a
END GROUP
START GROUP
LOAD /Applications/STM32CubeIDE.app/Contents/Eclipse/plugins/com.st.stm32cube.ide.mcu.externaltools.gnu-tools-for-stm32.13.3.rel1.macos64_1.0.0.202411102158/tools/bin/../lib/gcc/arm-none-eabi/13.3.1/thumb/v7e-m+fp/hard/libgcc.a
LOAD /Applications/STM32CubeIDE.app/Contents/Eclipse/plugins/com.st.stm32cube.ide.mcu.externaltools.gnu-tools-for-stm32.13.3.rel1.macos64_1.0.0.202411102158/tools/bin/../lib/gcc/arm-none-eabi/13.3.1/../../../../arm-none-eabi/lib/thumb/v7e-m+fp/hard/libc_nano.a
LOAD /Applications/STM32CubeIDE.app/Contents/Eclipse/plugins/com.st.stm32cube.ide.mcu.externaltools.gnu-tools-for-stm32.13.3.rel1.macos64_1.0.0.202411102158/tools/bin/../lib/gcc/arm-none-eabi/13.3.1/../../../../arm-none-eabi/lib/thumb/v7e-m+fp/hard/libnosys.a
END GROUP
START GROUP
LOAD /Applications/STM32CubeIDE.app/Contents/Eclipse/plugins/com.st.stm32cube.ide.mcu.externaltools.gnu-tools-for-stm32.13.3.rel1.macos64_1.0.0.202411102158/tools/bin/../lib/gcc/arm-none-eabi/13.3.1/thumb/v7e-m+fp/hard/libgcc.a
LOAD /Applications/STM32CubeIDE.app/Contents/Eclipse/plugins/com.st.stm32cube.ide.mcu.externaltools.gnu-tools-for-stm32.13.3.rel1.macos64_1.0.0.202411102158/tools/bin/../lib/gcc/arm-none-eabi/13.3.1/../../../../arm-none-eabi/lib/thumb/v7e-m+fp/hard/libc_nano.a
LOAD /Applications/STM32CubeIDE.app/Contents/Eclipse/plugins/com.st.stm32cube.ide.mcu.externaltools.gnu-tools-for-stm32.13.3.rel1.macos64_1.0.0.202411102158/tools/bin/../lib/gcc/arm-none-eabi/13.3.1/../../../../arm-none-eabi/lib/thumb/v7e-m+fp/hard/libnosys.a
END GROUP
LOAD /Applications/STM32CubeIDE.app/Contents/Eclipse/plugins/com.st.stm32cube.ide.mcu.externaltools.gnu-tools-for-stm32.13.3.rel1.macos64_1.0.0.202411102158/tools/bin/../lib/gcc/arm-none-eabi/13.3.1/thumb/v7e-m+fp/hard/crtend.o
LOAD /Applications/STM32CubeIDE.app/Contents/Eclipse/plugins/com.st.stm32cube.ide.mcu.externaltools.gnu-tools-for-stm32.13.3.rel1.macos64_1.0.0.202411102158/tools/bin/../lib/gcc/arm-none-eabi/13.3.1/thumb/v7e-m+fp/hard/crtn.o
                0x20020000                        _estack = (ORIGIN (RAM) + LENGTH (RAM))
                0x00000200                        _Min_Heap_Size = 0x200
                0x00000400                        _Min_Stack_Size = 0x400

.isr_vector     0x08000000      0x198
                0x08000000                        . = ALIGN (0x4)
 *(.isr_vector)
 .isr_vector    0x08000000      0x198 ./Core/Startup/startup_stm32f411ceux.o
                0x08000000                g_pfnVectors
                0x08000198                        . = ALIGN (0x4)

.text           0x080001a0     0x5e5c
                0x080001a0                        . = ALIGN (0x4)
 *(.text)
 .text          0x080001a0       0x40 /Applications/STM32CubeIDE.app/Contents/Eclipse/plugins/com.st.stm32cube.ide.mcu.externaltools.gnu-tools-for-stm32.13.3.rel1.macos64_1.0.0.202411102158/tools/bin/../lib/gcc/arm-none-eabi/13.3.1/thumb/v7e-m+fp/hard/crtbegin.o
 .text          0x080001e0       0xa0 /Applications/STM32CubeIDE.app/Contents/Eclipse/plugins/com.st.stm32cube.ide.mcu.externaltools.gnu-tools-for-stm32.13.3.rel1.macos64_1.0.0.202411102158/tools/bin/../lib/gcc/arm-none-eabi/13.3.1/../../../../arm-none-eabi/lib/thumb/v7e-m+fp/hard/libc_nano.a(libc_a-memchr.o)
                0x080001e0                memchr
 .text          0x08000280       0x30 /Applications/STM32CubeIDE.app/Contents/Eclipse/plugins/com.st.stm32cube.ide.mcu.externaltools.gnu-tools-for-stm32.13.3.rel1.macos64_1.0.0.202411102158/tools/bin/../lib/gcc/arm-none-eabi/13.3.1/thumb/v7e-m+fp/hard/libgcc.a(_aeabi_uldivmod.o)
                0x08000280                __aeabi_uldivmod
 .text          0x080002b0      0x2f8 /Applications/STM32CubeIDE.app/Contents/Eclipse/plugins/com.st.stm32cube.ide.mcu.externaltools.gnu-tools-for-stm32.13.3.rel1.macos64_1.0.0.202411102158/tools/bin/../lib/gcc/arm-none-eabi/13.3.1/thumb/v7e-m+fp/hard/libgcc.a(_udivmoddi4.o)
                0x080002b0                __udivmoddi4
 .text          0x080005a8        0x4 /Applications/STM32CubeIDE.app/Contents/Eclipse/plugins/com.st.stm32cube.ide.mcu.externaltools.gnu-tools-for-stm32.13.3.rel1.macos64_1.0.0.202411102158/tools/bin/../lib/gcc/arm-none-eabi/13.3.1/thumb/v7e-m+fp/hard/libgcc.a(_dvmd_tls.o)
                0x080005a8                __aeabi_ldiv0
                0x080005a8                __aeabi_idiv0
 *(.text*)
 .text.adc_task_run
                0x080005ac       0x38 ./Core/Src/adc_task.o
                0x080005ac                adc_task_run
 .text.adc_task_state_0_init
                0x080005e4       0x28 ./Core/Src/adc_task.o
                0x080005e4                adc_task_state_0_init
 .text.adc_task_state_1_read
                0x0800060c       0x40 ./Core/Src/adc_task.o
                0x0800060c                adc_task_state_1_read
 .text.controller_task_run
                0x0800064c       0x36 ./Core/Src/controller_task.o
                0x0800064c                controller_task_run
 .text.controller_task_state_0_init
                0x08000682       0x3e ./Core/Src/controller_task.o
                0x08000682                controller_task_state_0_init
 .text.controller_task_state_1_calc_vel
                0x080006c0      0x20c ./Core/Src/controller_task.o
                0x080006c0                controller_task_state_1_calc_vel
 .text.game_task_run
                0x080008cc       0x38 ./Core/Src/game_task.o
                0x080008cc                game_task_run
 .text.game_task_state_0_init
                0x08000904       0x24 ./Core/Src/game_task.o
                0x08000904                game_task_state_0_init
 .text.game_task_state_1_home
                0x08000928       0x50 ./Core/Src/game_task.o
                0x08000928                game_task_state_1_home
 .text.game_task_state_2_play
                0x08000978      0x158 ./Core/Src/game_task.o
                0x08000978                game_task_state_2_play
 .text.game_task_state_3_end
                0x08000ad0       0x2a ./Core/Src/game_task.o
                0x08000ad0                game_task_state_3_end
 *fill*         0x08000afa        0x2 
 .text.lcd_send_nibble
                0x08000afc       0x80 ./Core/Src/lcd.o
 .text.lcd_send_byte
                0x08000b7c       0x3a ./Core/Src/lcd.o
 .text.lcd_send_command
                0x08000bb6       0x22 ./Core/Src/lcd.o
                0x08000bb6                lcd_send_command
 .text.lcd_send_data
                0x08000bd8       0x1c ./Core/Src/lcd.o
                0x08000bd8                lcd_send_data
 .text.lcd_force_backlight_on
                0x08000bf4       0x28 ./Core/Src/lcd.o
                0x08000bf4                lcd_force_backlight_on
 .text.lcd_init
                0x08000c1c       0x6e ./Core/Src/lcd.o
                0x08000c1c                lcd_init
 .text.lcd_clear
                0x08000c8a       0x14 ./Core/Src/lcd.o
                0x08000c8a                lcd_clear
 *fill*         0x08000c9e        0x2 
 .text.lcd_set_cursor
                0x08000ca0       0x44 ./Core/Src/lcd.o
                0x08000ca0                lcd_set_cursor
 .text.lcd_print
                0x08000ce4       0x2a ./Core/Src/lcd.o
                0x08000ce4                lcd_print
 *fill*         0x08000d0e        0x2 
 .text.main     0x08000d10      0x128 ./Core/Src/main.o
                0x08000d10                main
 .text.SystemClock_Config
                0x08000e38       0xd0 ./Core/Src/main.o
                0x08000e38                SystemClock_Config
 .text.MX_ADC1_Init
                0x08000f08       0xf8 ./Core/Src/main.o
 .text.MX_I2C1_Init
                0x08001000       0x5c ./Core/Src/main.o
 .text.MX_TIM1_Init
                0x0800105c      0x150 ./Core/Src/main.o
 .text.MX_TIM2_Init
                0x080011ac       0xb0 ./Core/Src/main.o
 .text.MX_TIM3_Init
                0x0800125c       0xa8 ./Core/Src/main.o
 .text.MX_TIM4_Init
                0x08001304       0xc8 ./Core/Src/main.o
 .text.MX_TIM5_Init
                0x080013cc       0xa8 ./Core/Src/main.o
 .text.MX_DMA_Init
                0x08001474       0x40 ./Core/Src/main.o
 .text.MX_GPIO_Init
                0x080014b4      0x15c ./Core/Src/main.o
 .text.HAL_GPIO_EXTI_Callback
                0x08001610       0x6c ./Core/Src/main.o
                0x08001610                HAL_GPIO_EXTI_Callback
 .text.Error_Handler
                0x0800167c        0xc ./Core/Src/main.o
                0x0800167c                Error_Handler
 .text.set_duty
                0x08001688      0x170 ./Core/Src/motor_driver.o
                0x08001688                set_duty
 .text.enable   0x080017f8       0xb0 ./Core/Src/motor_driver.o
                0x080017f8                enable
 .text.photoresistor_task_run
                0x080018a8       0x38 ./Core/Src/photoresistor_task.o
                0x080018a8                photoresistor_task_run
 .text.photoresistor_task_state_0_init
                0x080018e0       0x1a ./Core/Src/photoresistor_task.o
                0x080018e0                photoresistor_task_state_0_init
 .text.photoresistor_task_state_1_look
                0x080018fa       0x34 ./Core/Src/photoresistor_task.o
                0x080018fa                photoresistor_task_state_1_look
 .text.photoresistor_task_state_2_hit
                0x0800192e       0x22 ./Core/Src/photoresistor_task.o
                0x0800192e                photoresistor_task_state_2_hit
 .text.shoot_task_run
                0x08001950       0x36 ./Core/Src/shoot_task.o
                0x08001950                shoot_task_run
 *fill*         0x08001986        0x2 
 .text.shoot_task_state_0_init
                0x08001988       0x80 ./Core/Src/shoot_task.o
                0x08001988                shoot_task_state_0_init
 .text.shoot_task_state_1_wait
                0x08001a08       0x88 ./Core/Src/shoot_task.o
                0x08001a08                shoot_task_state_1_wait
 .text.shoot_task_state_2_unshield
                0x08001a90       0x7c ./Core/Src/shoot_task.o
                0x08001a90                shoot_task_state_2_unshield
 .text.shoot_task_state_3_shoot
                0x08001b0c       0x34 ./Core/Src/shoot_task.o
                0x08001b0c                shoot_task_state_3_shoot
 .text.sound_task_state_0_init
                0x08001b40       0x14 ./Core/Src/sound_task.o
                0x08001b40                sound_task_state_0_init
 .text.sound_task_state_1_wait
                0x08001b54       0x52 ./Core/Src/sound_task.o
                0x08001b54                sound_task_state_1_wait
 .text.sound_task_state_2_laser
                0x08001ba6       0x14 ./Core/Src/sound_task.o
                0x08001ba6                sound_task_state_2_laser
 .text.sound_task_state_3_hit
                0x08001bba       0x14 ./Core/Src/sound_task.o
                0x08001bba                sound_task_state_3_hit
 .text.sound_task_state_4_win
                0x08001bce       0x14 ./Core/Src/sound_task.o
                0x08001bce                sound_task_state_4_win
 .text.sound_task_state_5_start
                0x08001be2       0x14 ./Core/Src/sound_task.o
                0x08001be2                sound_task_state_5_start
 *fill*         0x08001bf6        0x2 
 .text.HAL_MspInit
                0x08001bf8       0x50 ./Core/Src/stm32f4xx_hal_msp.o
                0x08001bf8                HAL_MspInit
 .text.HAL_ADC_MspInit
                0x08001c48       0xf0 ./Core/Src/stm32f4xx_hal_msp.o
                0x08001c48                HAL_ADC_MspInit
 .text.HAL_I2C_MspInit
                0x08001d38       0x90 ./Core/Src/stm32f4xx_hal_msp.o
                0x08001d38                HAL_I2C_MspInit
 .text.HAL_TIM_PWM_MspInit
                0x08001dc8       0x98 ./Core/Src/stm32f4xx_hal_msp.o
                0x08001dc8                HAL_TIM_PWM_MspInit
 .text.HAL_TIM_Encoder_MspInit
                0x08001e60       0xfc ./Core/Src/stm32f4xx_hal_msp.o
                0x08001e60                HAL_TIM_Encoder_MspInit
 .text.HAL_TIM_MspPostInit
                0x08001f5c      0x110 ./Core/Src/stm32f4xx_hal_msp.o
                0x08001f5c                HAL_TIM_MspPostInit
 .text.NMI_Handler
                0x0800206c        0x8 ./Core/Src/stm32f4xx_it.o
                0x0800206c                NMI_Handler
 .text.HardFault_Handler
                0x08002074        0x8 ./Core/Src/stm32f4xx_it.o
                0x08002074                HardFault_Handler
 .text.MemManage_Handler
                0x0800207c        0x8 ./Core/Src/stm32f4xx_it.o
                0x0800207c                MemManage_Handler
 .text.BusFault_Handler
                0x08002084        0x8 ./Core/Src/stm32f4xx_it.o
                0x08002084                BusFault_Handler
 .text.UsageFault_Handler
                0x0800208c        0x8 ./Core/Src/stm32f4xx_it.o
                0x0800208c                UsageFault_Handler
 .text.SVC_Handler
                0x08002094        0xe ./Core/Src/stm32f4xx_it.o
                0x08002094                SVC_Handler
 .text.DebugMon_Handler
                0x080020a2        0xe ./Core/Src/stm32f4xx_it.o
                0x080020a2                DebugMon_Handler
 .text.PendSV_Handler
                0x080020b0        0xe ./Core/Src/stm32f4xx_it.o
                0x080020b0                PendSV_Handler
 .text.SysTick_Handler
                0x080020be        0xc ./Core/Src/stm32f4xx_it.o
                0x080020be                SysTick_Handler
 .text.EXTI15_10_IRQHandler
                0x080020ca       0x18 ./Core/Src/stm32f4xx_it.o
                0x080020ca                EXTI15_10_IRQHandler
 *fill*         0x080020e2        0x2 
 .text.DMA2_Stream0_IRQHandler
                0x080020e4       0x14 ./Core/Src/stm32f4xx_it.o
                0x080020e4                DMA2_Stream0_IRQHandler
 .text._sbrk    0x080020f8       0x6c ./Core/Src/sysmem.o
                0x080020f8                _sbrk
 .text.SystemInit
                0x08002164       0x24 ./Core/Src/system_stm32f4xx.o
                0x08002164                SystemInit
 .text.Reset_Handler
                0x08002188       0x50 ./Core/Startup/startup_stm32f411ceux.o
                0x08002188                Reset_Handler
 .text.Default_Handler
                0x080021d8        0x2 ./Core/Startup/startup_stm32f411ceux.o
                0x080021d8                DMA1_Stream3_IRQHandler
                0x080021d8                EXTI2_IRQHandler
                0x080021d8                SPI4_IRQHandler
                0x080021d8                TIM1_CC_IRQHandler
                0x080021d8                DMA2_Stream5_IRQHandler
                0x080021d8                DMA1_Stream5_IRQHandler
                0x080021d8                PVD_IRQHandler
                0x080021d8                SDIO_IRQHandler
                0x080021d8                TAMP_STAMP_IRQHandler
                0x080021d8                EXTI3_IRQHandler
                0x080021d8                TIM1_UP_TIM10_IRQHandler
                0x080021d8                I2C3_ER_IRQHandler
                0x080021d8                EXTI0_IRQHandler
                0x080021d8                I2C2_EV_IRQHandler
                0x080021d8                DMA1_Stream2_IRQHandler
                0x080021d8                FPU_IRQHandler
                0x080021d8                DMA2_Stream2_IRQHandler
                0x080021d8                SPI1_IRQHandler
                0x080021d8                TIM1_BRK_TIM9_IRQHandler
                0x080021d8                DMA2_Stream3_IRQHandler
                0x080021d8                USART6_IRQHandler
                0x080021d8                TIM4_IRQHandler
                0x080021d8                I2C1_EV_IRQHandler
                0x080021d8                DMA1_Stream6_IRQHandler
                0x080021d8                DMA1_Stream1_IRQHandler
                0x080021d8                TIM3_IRQHandler
                0x080021d8                RCC_IRQHandler
                0x080021d8                Default_Handler
                0x080021d8                ADC_IRQHandler
                0x080021d8                DMA1_Stream7_IRQHandler
                0x080021d8                SPI5_IRQHandler
                0x080021d8                TIM5_IRQHandler
                0x080021d8                DMA2_Stream7_IRQHandler
                0x080021d8                I2C3_EV_IRQHandler
                0x080021d8                EXTI9_5_IRQHandler
                0x080021d8                RTC_WKUP_IRQHandler
                0x080021d8                SPI2_IRQHandler
                0x080021d8                DMA1_Stream0_IRQHandler
                0x080021d8                EXTI4_IRQHandler
                0x080021d8                WWDG_IRQHandler
                0x080021d8                TIM2_IRQHandler
                0x080021d8                OTG_FS_WKUP_IRQHandler
                0x080021d8                TIM1_TRG_COM_TIM11_IRQHandler
                0x080021d8                EXTI1_IRQHandler
                0x080021d8                USART2_IRQHandler
                0x080021d8                I2C2_ER_IRQHandler
                0x080021d8                DMA2_Stream1_IRQHandler
                0x080021d8                FLASH_IRQHandler
                0x080021d8                DMA2_Stream4_IRQHandler
                0x080021d8                USART1_IRQHandler
                0x080021d8                OTG_FS_IRQHandler
                0x080021d8                SPI3_IRQHandler
                0x080021d8                DMA1_Stream4_IRQHandler
                0x080021d8                I2C1_ER_IRQHandler
                0x080021d8                DMA2_Stream6_IRQHandler
                0x080021d8                RTC_Alarm_IRQHandler
 *fill*         0x080021da        0x2 
 .text.HAL_Init
                0x080021dc       0x44 ./Drivers/STM32F4xx_HAL_Driver/Src/stm32f4xx_hal.o
                0x080021dc                HAL_Init
 .text.HAL_InitTick
                0x08002220       0x60 ./Drivers/STM32F4xx_HAL_Driver/Src/stm32f4xx_hal.o
                0x08002220                HAL_InitTick
 .text.HAL_IncTick
                0x08002280       0x28 ./Drivers/STM32F4xx_HAL_Driver/Src/stm32f4xx_hal.o
                0x08002280                HAL_IncTick
 .text.HAL_GetTick
                0x080022a8       0x18 ./Drivers/STM32F4xx_HAL_Driver/Src/stm32f4xx_hal.o
                0x080022a8                HAL_GetTick
 .text.HAL_Delay
                0x080022c0       0x48 ./Drivers/STM32F4xx_HAL_Driver/Src/stm32f4xx_hal.o
                0x080022c0                HAL_Delay
 .text.HAL_ADC_Init
                0x08002308       0x86 ./Drivers/STM32F4xx_HAL_Driver/Src/stm32f4xx_hal_adc.o
                0x08002308                HAL_ADC_Init
 *fill*         0x0800238e        0x2 
 .text.HAL_ADC_Start_DMA
                0x08002390      0x1e8 ./Drivers/STM32F4xx_HAL_Driver/Src/stm32f4xx_hal_adc.o
                0x08002390                HAL_ADC_Start_DMA
 .text.HAL_ADC_ConvCpltCallback
                0x08002578       0x14 ./Drivers/STM32F4xx_HAL_Driver/Src/stm32f4xx_hal_adc.o
                0x08002578                HAL_ADC_ConvCpltCallback
 .text.HAL_ADC_ConvHalfCpltCallback
                0x0800258c       0x14 ./Drivers/STM32F4xx_HAL_Driver/Src/stm32f4xx_hal_adc.o
                0x0800258c                HAL_ADC_ConvHalfCpltCallback
 .text.HAL_ADC_ErrorCallback
                0x080025a0       0x14 ./Drivers/STM32F4xx_HAL_Driver/Src/stm32f4xx_hal_adc.o
                0x080025a0                HAL_ADC_ErrorCallback
 .text.HAL_ADC_ConfigChannel
                0x080025b4      0x264 ./Drivers/STM32F4xx_HAL_Driver/Src/stm32f4xx_hal_adc.o
                0x080025b4                HAL_ADC_ConfigChannel
 .text.ADC_Init
                0x08002818      0x1f8 ./Drivers/STM32F4xx_HAL_Driver/Src/stm32f4xx_hal_adc.o
 .text.ADC_DMAConvCplt
                0x08002a10       0xba ./Drivers/STM32F4xx_HAL_Driver/Src/stm32f4xx_hal_adc.o
 .text.ADC_DMAHalfConvCplt
                0x08002aca       0x1c ./Drivers/STM32F4xx_HAL_Driver/Src/stm32f4xx_hal_adc.o
 .text.ADC_DMAError
                0x08002ae6       0x2e ./Drivers/STM32F4xx_HAL_Driver/Src/stm32f4xx_hal_adc.o
 .text.__NVIC_SetPriorityGrouping
                0x08002b14       0x48 ./Drivers/STM32F4xx_HAL_Driver/Src/stm32f4xx_hal_cortex.o
 .text.__NVIC_GetPriorityGrouping
                0x08002b5c       0x1c ./Drivers/STM32F4xx_HAL_Driver/Src/stm32f4xx_hal_cortex.o
 .text.__NVIC_EnableIRQ
                0x08002b78       0x3c ./Drivers/STM32F4xx_HAL_Driver/Src/stm32f4xx_hal_cortex.o
 .text.__NVIC_SetPriority
                0x08002bb4       0x54 ./Drivers/STM32F4xx_HAL_Driver/Src/stm32f4xx_hal_cortex.o
 .text.NVIC_EncodePriority
                0x08002c08       0x66 ./Drivers/STM32F4xx_HAL_Driver/Src/stm32f4xx_hal_cortex.o
 *fill*         0x08002c6e        0x2 
 .text.SysTick_Config
                0x08002c70       0x44 ./Drivers/STM32F4xx_HAL_Driver/Src/stm32f4xx_hal_cortex.o
 .text.HAL_NVIC_SetPriorityGrouping
                0x08002cb4       0x16 ./Drivers/STM32F4xx_HAL_Driver/Src/stm32f4xx_hal_cortex.o
                0x08002cb4                HAL_NVIC_SetPriorityGrouping
 .text.HAL_NVIC_SetPriority
                0x08002cca       0x38 ./Drivers/STM32F4xx_HAL_Driver/Src/stm32f4xx_hal_cortex.o
                0x08002cca                HAL_NVIC_SetPriority
 .text.HAL_NVIC_EnableIRQ
                0x08002d02       0x1c ./Drivers/STM32F4xx_HAL_Driver/Src/stm32f4xx_hal_cortex.o
                0x08002d02                HAL_NVIC_EnableIRQ
 .text.HAL_SYSTICK_Config
                0x08002d1e       0x18 ./Drivers/STM32F4xx_HAL_Driver/Src/stm32f4xx_hal_cortex.o
                0x08002d1e                HAL_SYSTICK_Config
 *fill*         0x08002d36        0x2 
 .text.HAL_DMA_Init
                0x08002d38      0x15c ./Drivers/STM32F4xx_HAL_Driver/Src/stm32f4xx_hal_dma.o
                0x08002d38                HAL_DMA_Init
 .text.HAL_DMA_Start_IT
                0x08002e94       0xb0 ./Drivers/STM32F4xx_HAL_Driver/Src/stm32f4xx_hal_dma.o
                0x08002e94                HAL_DMA_Start_IT
 .text.HAL_DMA_IRQHandler
                0x08002f44      0x314 ./Drivers/STM32F4xx_HAL_Driver/Src/stm32f4xx_hal_dma.o
                0x08002f44                HAL_DMA_IRQHandler
 .text.DMA_SetConfig
                0x08003258       0x5c ./Drivers/STM32F4xx_HAL_Driver/Src/stm32f4xx_hal_dma.o
 .text.DMA_CalcBaseAndBitshift
                0x080032b4       0x6c ./Drivers/STM32F4xx_HAL_Driver/Src/stm32f4xx_hal_dma.o
 .text.DMA_CheckFifoParam
                0x08003320       0xf8 ./Drivers/STM32F4xx_HAL_Driver/Src/stm32f4xx_hal_dma.o
 .text.HAL_GPIO_Init
                0x08003418      0x308 ./Drivers/STM32F4xx_HAL_Driver/Src/stm32f4xx_hal_gpio.o
                0x08003418                HAL_GPIO_Init
 .text.HAL_GPIO_ReadPin
                0x08003720       0x30 ./Drivers/STM32F4xx_HAL_Driver/Src/stm32f4xx_hal_gpio.o
                0x08003720                HAL_GPIO_ReadPin
 .text.HAL_GPIO_WritePin
                0x08003750       0x32 ./Drivers/STM32F4xx_HAL_Driver/Src/stm32f4xx_hal_gpio.o
                0x08003750                HAL_GPIO_WritePin
 *fill*         0x08003782        0x2 
 .text.HAL_GPIO_EXTI_IRQHandler
                0x08003784       0x30 ./Drivers/STM32F4xx_HAL_Driver/Src/stm32f4xx_hal_gpio.o
                0x08003784                HAL_GPIO_EXTI_IRQHandler
 .text.HAL_I2C_Init
                0x080037b4      0x288 ./Drivers/STM32F4xx_HAL_Driver/Src/stm32f4xx_hal_i2c.o
                0x080037b4                HAL_I2C_Init
 .text.HAL_I2C_Master_Transmit
                0x08003a3c      0x1fc ./Drivers/STM32F4xx_HAL_Driver/Src/stm32f4xx_hal_i2c.o
                0x08003a3c                HAL_I2C_Master_Transmit
 .text.I2C_MasterRequestWrite
                0x08003c38      0x104 ./Drivers/STM32F4xx_HAL_Driver/Src/stm32f4xx_hal_i2c.o
 .text.I2C_WaitOnFlagUntilTimeout
                0x08003d3c       0xf4 ./Drivers/STM32F4xx_HAL_Driver/Src/stm32f4xx_hal_i2c.o
 .text.I2C_WaitOnMasterAddressFlagUntilTimeout
                0x08003e30      0x140 ./Drivers/STM32F4xx_HAL_Driver/Src/stm32f4xx_hal_i2c.o
 .text.I2C_WaitOnTXEFlagUntilTimeout
                0x08003f70       0x90 ./Drivers/STM32F4xx_HAL_Driver/Src/stm32f4xx_hal_i2c.o
 .text.I2C_WaitOnBTFFlagUntilTimeout
                0x08004000       0x90 ./Drivers/STM32F4xx_HAL_Driver/Src/stm32f4xx_hal_i2c.o
 .text.I2C_IsAcknowledgeFailed
                0x08004090       0x5e ./Drivers/STM32F4xx_HAL_Driver/Src/stm32f4xx_hal_i2c.o
 *fill*         0x080040ee        0x2 
 .text.HAL_RCC_OscConfig
                0x080040f0      0x4f0 ./Drivers/STM32F4xx_HAL_Driver/Src/stm32f4xx_hal_rcc.o
                0x080040f0                HAL_RCC_OscConfig
 .text.HAL_RCC_ClockConfig
                0x080045e0      0x1cc ./Drivers/STM32F4xx_HAL_Driver/Src/stm32f4xx_hal_rcc.o
                0x080045e0                HAL_RCC_ClockConfig
 .text.HAL_RCC_GetSysClockFreq
                0x080047ac      0x18c ./Drivers/STM32F4xx_HAL_Driver/Src/stm32f4xx_hal_rcc.o
                0x080047ac                HAL_RCC_GetSysClockFreq
 .text.HAL_RCC_GetHCLKFreq
                0x08004938       0x18 ./Drivers/STM32F4xx_HAL_Driver/Src/stm32f4xx_hal_rcc.o
                0x08004938                HAL_RCC_GetHCLKFreq
 .text.HAL_RCC_GetPCLK1Freq
                0x08004950       0x28 ./Drivers/STM32F4xx_HAL_Driver/Src/stm32f4xx_hal_rcc.o
                0x08004950                HAL_RCC_GetPCLK1Freq
 .text.HAL_TIM_Base_Start
                0x08004978       0xb4 ./Drivers/STM32F4xx_HAL_Driver/Src/stm32f4xx_hal_tim.o
                0x08004978                HAL_TIM_Base_Start
 .text.HAL_TIM_PWM_Init
                0x08004a2c       0x9e ./Drivers/STM32F4xx_HAL_Driver/Src/stm32f4xx_hal_tim.o
                0x08004a2c                HAL_TIM_PWM_Init
 *fill*         0x08004aca        0x2 
 .text.HAL_TIM_PWM_Start_IT
                0x08004acc      0x1fc ./Drivers/STM32F4xx_HAL_Driver/Src/stm32f4xx_hal_tim.o
                0x08004acc                HAL_TIM_PWM_Start_IT
 .text.HAL_TIM_Encoder_Init
                0x08004cc8      0x14c ./Drivers/STM32F4xx_HAL_Driver/Src/stm32f4xx_hal_tim.o
                0x08004cc8                HAL_TIM_Encoder_Init
 .text.HAL_TIM_Encoder_Start
                0x08004e14      0x11c ./Drivers/STM32F4xx_HAL_Driver/Src/stm32f4xx_hal_tim.o
                0x08004e14                HAL_TIM_Encoder_Start
 .text.HAL_TIM_PWM_ConfigChannel
                0x08004f30      0x184 ./Drivers/STM32F4xx_HAL_Driver/Src/stm32f4xx_hal_tim.o
                0x08004f30                HAL_TIM_PWM_ConfigChannel
 .text.TIM_Base_SetConfig
                0x080050b4      0x10c ./Drivers/STM32F4xx_HAL_Driver/Src/stm32f4xx_hal_tim.o
                0x080050b4                TIM_Base_SetConfig
 .text.TIM_OC1_SetConfig
                0x080051c0       0xcc ./Drivers/STM32F4xx_HAL_Driver/Src/stm32f4xx_hal_tim.o
 .text.TIM_OC2_SetConfig
                0x0800528c       0xd8 ./Drivers/STM32F4xx_HAL_Driver/Src/stm32f4xx_hal_tim.o
                0x0800528c                TIM_OC2_SetConfig
 .text.TIM_OC3_SetConfig
                0x08005364       0xd4 ./Drivers/STM32F4xx_HAL_Driver/Src/stm32f4xx_hal_tim.o
 .text.TIM_OC4_SetConfig
                0x08005438       0xa0 ./Drivers/STM32F4xx_HAL_Driver/Src/stm32f4xx_hal_tim.o
 .text.TIM_CCxChannelCmd
                0x080054d8       0x4a ./Drivers/STM32F4xx_HAL_Driver/Src/stm32f4xx_hal_tim.o
                0x080054d8                TIM_CCxChannelCmd
 *fill*         0x08005522        0x2 
 .text.HAL_TIMEx_MasterConfigSynchronization
                0x08005524       0xdc ./Drivers/STM32F4xx_HAL_Driver/Src/stm32f4xx_hal_tim_ex.o
                0x08005524                HAL_TIMEx_MasterConfigSynchronization
 .text.HAL_TIMEx_ConfigBreakDeadTime
                0x08005600       0xa4 ./Drivers/STM32F4xx_HAL_Driver/Src/stm32f4xx_hal_tim_ex.o
                0x08005600                HAL_TIMEx_ConfigBreakDeadTime
 .text.sprintf  0x080056a4       0x44 /Applications/STM32CubeIDE.app/Contents/Eclipse/plugins/com.st.stm32cube.ide.mcu.externaltools.gnu-tools-for-stm32.13.3.rel1.macos64_1.0.0.202411102158/tools/bin/../lib/gcc/arm-none-eabi/13.3.1/../../../../arm-none-eabi/lib/thumb/v7e-m+fp/hard/libc_nano.a(libc_a-sprintf.o)
                0x080056a4                sprintf
                0x080056a4                siprintf
 .text.memset   0x080056e8       0x10 /Applications/STM32CubeIDE.app/Contents/Eclipse/plugins/com.st.stm32cube.ide.mcu.externaltools.gnu-tools-for-stm32.13.3.rel1.macos64_1.0.0.202411102158/tools/bin/../lib/gcc/arm-none-eabi/13.3.1/../../../../arm-none-eabi/lib/thumb/v7e-m+fp/hard/libc_nano.a(libc_a-memset.o)
                0x080056e8                memset
 .text.__errno  0x080056f8        0xc /Applications/STM32CubeIDE.app/Contents/Eclipse/plugins/com.st.stm32cube.ide.mcu.externaltools.gnu-tools-for-stm32.13.3.rel1.macos64_1.0.0.202411102158/tools/bin/../lib/gcc/arm-none-eabi/13.3.1/../../../../arm-none-eabi/lib/thumb/v7e-m+fp/hard/libc_nano.a(libc_a-errno.o)
                0x080056f8                __errno
 .text.__libc_init_array
                0x08005704       0x48 /Applications/STM32CubeIDE.app/Contents/Eclipse/plugins/com.st.stm32cube.ide.mcu.externaltools.gnu-tools-for-stm32.13.3.rel1.macos64_1.0.0.202411102158/tools/bin/../lib/gcc/arm-none-eabi/13.3.1/../../../../arm-none-eabi/lib/thumb/v7e-m+fp/hard/libc_nano.a(libc_a-init.o)
                0x08005704                __libc_init_array
 .text.__retarget_lock_acquire_recursive
                0x0800574c        0x2 /Applications/STM32CubeIDE.app/Contents/Eclipse/plugins/com.st.stm32cube.ide.mcu.externaltools.gnu-tools-for-stm32.13.3.rel1.macos64_1.0.0.202411102158/tools/bin/../lib/gcc/arm-none-eabi/13.3.1/../../../../arm-none-eabi/lib/thumb/v7e-m+fp/hard/libc_nano.a(libc_a-lock.o)
                0x0800574c                __retarget_lock_acquire_recursive
 .text.__retarget_lock_release_recursive
                0x0800574e        0x2 /Applications/STM32CubeIDE.app/Contents/Eclipse/plugins/com.st.stm32cube.ide.mcu.externaltools.gnu-tools-for-stm32.13.3.rel1.macos64_1.0.0.202411102158/tools/bin/../lib/gcc/arm-none-eabi/13.3.1/../../../../arm-none-eabi/lib/thumb/v7e-m+fp/hard/libc_nano.a(libc_a-lock.o)
                0x0800574e                __retarget_lock_release_recursive
 .text.__ssputs_r
                0x08005750       0xb6 /Applications/STM32CubeIDE.app/Contents/Eclipse/plugins/com.st.stm32cube.ide.mcu.externaltools.gnu-tools-for-stm32.13.3.rel1.macos64_1.0.0.202411102158/tools/bin/../lib/gcc/arm-none-eabi/13.3.1/../../../../arm-none-eabi/lib/thumb/v7e-m+fp/hard/libc_nano.a(libc_a-nano-svfprintf.o)
                0x08005750                __ssputs_r
 *fill*         0x08005806        0x2 
 .text._svfprintf_r
                0x08005808      0x1f8 /Applications/STM32CubeIDE.app/Contents/Eclipse/plugins/com.st.stm32cube.ide.mcu.externaltools.gnu-tools-for-stm32.13.3.rel1.macos64_1.0.0.202411102158/tools/bin/../lib/gcc/arm-none-eabi/13.3.1/../../../../arm-none-eabi/lib/thumb/v7e-m+fp/hard/libc_nano.a(libc_a-nano-svfprintf.o)
                0x08005808                _svfprintf_r
                0x08005808                _svfiprintf_r
 .text.sbrk_aligned
                0x08005a00       0x44 /Applications/STM32CubeIDE.app/Contents/Eclipse/plugins/com.st.stm32cube.ide.mcu.externaltools.gnu-tools-for-stm32.13.3.rel1.macos64_1.0.0.202411102158/tools/bin/../lib/gcc/arm-none-eabi/13.3.1/../../../../arm-none-eabi/lib/thumb/v7e-m+fp/hard/libc_nano.a(libc_a-mallocr.o)
 .text._malloc_r
                0x08005a44      0x100 /Applications/STM32CubeIDE.app/Contents/Eclipse/plugins/com.st.stm32cube.ide.mcu.externaltools.gnu-tools-for-stm32.13.3.rel1.macos64_1.0.0.202411102158/tools/bin/../lib/gcc/arm-none-eabi/13.3.1/../../../../arm-none-eabi/lib/thumb/v7e-m+fp/hard/libc_nano.a(libc_a-mallocr.o)
                0x08005a44                _malloc_r
 .text._printf_common
                0x08005b44       0xda /Applications/STM32CubeIDE.app/Contents/Eclipse/plugins/com.st.stm32cube.ide.mcu.externaltools.gnu-tools-for-stm32.13.3.rel1.macos64_1.0.0.202411102158/tools/bin/../lib/gcc/arm-none-eabi/13.3.1/../../../../arm-none-eabi/lib/thumb/v7e-m+fp/hard/libc_nano.a(libc_a-nano-vfprintf_i.o)
                0x08005b44                _printf_common
 *fill*         0x08005c1e        0x2 
 .text._printf_i
                0x08005c20      0x23c /Applications/STM32CubeIDE.app/Contents/Eclipse/plugins/com.st.stm32cube.ide.mcu.externaltools.gnu-tools-for-stm32.13.3.rel1.macos64_1.0.0.202411102158/tools/bin/../lib/gcc/arm-none-eabi/13.3.1/../../../../arm-none-eabi/lib/thumb/v7e-m+fp/hard/libc_nano.a(libc_a-nano-vfprintf_i.o)
                0x08005c20                _printf_i
 .text.__malloc_lock
                0x08005e5c        0xc /Applications/STM32CubeIDE.app/Contents/Eclipse/plugins/com.st.stm32cube.ide.mcu.externaltools.gnu-tools-for-stm32.13.3.rel1.macos64_1.0.0.202411102158/tools/bin/../lib/gcc/arm-none-eabi/13.3.1/../../../../arm-none-eabi/lib/thumb/v7e-m+fp/hard/libc_nano.a(libc_a-mlock.o)
                0x08005e5c                __malloc_lock
 .text.__malloc_unlock
                0x08005e68        0xc /Applications/STM32CubeIDE.app/Contents/Eclipse/plugins/com.st.stm32cube.ide.mcu.externaltools.gnu-tools-for-stm32.13.3.rel1.macos64_1.0.0.202411102158/tools/bin/../lib/gcc/arm-none-eabi/13.3.1/../../../../arm-none-eabi/lib/thumb/v7e-m+fp/hard/libc_nano.a(libc_a-mlock.o)
                0x08005e68                __malloc_unlock
 .text._realloc_r
                0x08005e74       0x5c /Applications/STM32CubeIDE.app/Contents/Eclipse/plugins/com.st.stm32cube.ide.mcu.externaltools.gnu-tools-for-stm32.13.3.rel1.macos64_1.0.0.202411102158/tools/bin/../lib/gcc/arm-none-eabi/13.3.1/../../../../arm-none-eabi/lib/thumb/v7e-m+fp/hard/libc_nano.a(libc_a-reallocr.o)
                0x08005e74                _realloc_r
 .text.memmove  0x08005ed0       0x34 /Applications/STM32CubeIDE.app/Contents/Eclipse/plugins/com.st.stm32cube.ide.mcu.externaltools.gnu-tools-for-stm32.13.3.rel1.macos64_1.0.0.202411102158/tools/bin/../lib/gcc/arm-none-eabi/13.3.1/../../../../arm-none-eabi/lib/thumb/v7e-m+fp/hard/libc_nano.a(libc_a-memmove.o)
                0x08005ed0                memmove
 .text._sbrk_r  0x08005f04       0x20 /Applications/STM32CubeIDE.app/Contents/Eclipse/plugins/com.st.stm32cube.ide.mcu.externaltools.gnu-tools-for-stm32.13.3.rel1.macos64_1.0.0.202411102158/tools/bin/../lib/gcc/arm-none-eabi/13.3.1/../../../../arm-none-eabi/lib/thumb/v7e-m+fp/hard/libc_nano.a(libc_a-sbrkr.o)
                0x08005f04                _sbrk_r
 .text.memcpy   0x08005f24       0x1c /Applications/STM32CubeIDE.app/Contents/Eclipse/plugins/com.st.stm32cube.ide.mcu.externaltools.gnu-tools-for-stm32.13.3.rel1.macos64_1.0.0.202411102158/tools/bin/../lib/gcc/arm-none-eabi/13.3.1/../../../../arm-none-eabi/lib/thumb/v7e-m+fp/hard/libc_nano.a(libc_a-memcpy-stub.o)
                0x08005f24                memcpy
 .text._free_r  0x08005f40       0x94 /Applications/STM32CubeIDE.app/Contents/Eclipse/plugins/com.st.stm32cube.ide.mcu.externaltools.gnu-tools-for-stm32.13.3.rel1.macos64_1.0.0.202411102158/tools/bin/../lib/gcc/arm-none-eabi/13.3.1/../../../../arm-none-eabi/lib/thumb/v7e-m+fp/hard/libc_nano.a(libc_a-freer.o)
                0x08005f40                _free_r
 .text._malloc_usable_size_r
                0x08005fd4       0x10 /Applications/STM32CubeIDE.app/Contents/Eclipse/plugins/com.st.stm32cube.ide.mcu.externaltools.gnu-tools-for-stm32.13.3.rel1.macos64_1.0.0.202411102158/tools/bin/../lib/gcc/arm-none-eabi/13.3.1/../../../../arm-none-eabi/lib/thumb/v7e-m+fp/hard/libc_nano.a(libc_a-msizer.o)
                0x08005fd4                _malloc_usable_size_r
 *(.glue_7)
 .glue_7        0x08005fe4        0x0 linker stubs
 *(.glue_7t)
 .glue_7t       0x08005fe4        0x0 linker stubs
 *(.eh_frame)
 .eh_frame      0x08005fe4        0x0 /Applications/STM32CubeIDE.app/Contents/Eclipse/plugins/com.st.stm32cube.ide.mcu.externaltools.gnu-tools-for-stm32.13.3.rel1.macos64_1.0.0.202411102158/tools/bin/../lib/gcc/arm-none-eabi/13.3.1/thumb/v7e-m+fp/hard/crtbegin.o
 *(.init)
 .init          0x08005fe4        0x4 /Applications/STM32CubeIDE.app/Contents/Eclipse/plugins/com.st.stm32cube.ide.mcu.externaltools.gnu-tools-for-stm32.13.3.rel1.macos64_1.0.0.202411102158/tools/bin/../lib/gcc/arm-none-eabi/13.3.1/thumb/v7e-m+fp/hard/crti.o
                0x08005fe4                _init
 .init          0x08005fe8        0x8 /Applications/STM32CubeIDE.app/Contents/Eclipse/plugins/com.st.stm32cube.ide.mcu.externaltools.gnu-tools-for-stm32.13.3.rel1.macos64_1.0.0.202411102158/tools/bin/../lib/gcc/arm-none-eabi/13.3.1/thumb/v7e-m+fp/hard/crtn.o
 *(.fini)
 .fini          0x08005ff0        0x4 /Applications/STM32CubeIDE.app/Contents/Eclipse/plugins/com.st.stm32cube.ide.mcu.externaltools.gnu-tools-for-stm32.13.3.rel1.macos64_1.0.0.202411102158/tools/bin/../lib/gcc/arm-none-eabi/13.3.1/thumb/v7e-m+fp/hard/crti.o
                0x08005ff0                _fini
 .fini          0x08005ff4        0x8 /Applications/STM32CubeIDE.app/Contents/Eclipse/plugins/com.st.stm32cube.ide.mcu.externaltools.gnu-tools-for-stm32.13.3.rel1.macos64_1.0.0.202411102158/tools/bin/../lib/gcc/arm-none-eabi/13.3.1/thumb/v7e-m+fp/hard/crtn.o
                0x08005ffc                        . = ALIGN (0x4)
                0x08005ffc                        _etext = .

.vfp11_veneer   0x08005ffc        0x0
 .vfp11_veneer  0x08005ffc        0x0 linker stubs

.v4_bx          0x08005ffc        0x0
 .v4_bx         0x08005ffc        0x0 linker stubs

.iplt           0x08005ffc        0x0
 .iplt          0x08005ffc        0x0 /Applications/STM32CubeIDE.app/Contents/Eclipse/plugins/com.st.stm32cube.ide.mcu.externaltools.gnu-tools-for-stm32.13.3.rel1.macos64_1.0.0.202411102158/tools/bin/../lib/gcc/arm-none-eabi/13.3.1/thumb/v7e-m+fp/hard/crtbegin.o

.rodata         0x08005ffc       0xec
                0x08005ffc                        . = ALIGN (0x4)
 *(.rodata)
 .rodata        0x08005ffc       0x91 ./Core/Src/game_task.o
 *(.rodata*)
 *fill*         0x0800608d        0x3 
 .rodata.row_offsets.0
                0x08006090        0x4 ./Core/Src/lcd.o
 .rodata.AHBPrescTable
                0x08006094       0x10 ./Core/Src/system_stm32f4xx.o
                0x08006094                AHBPrescTable
 .rodata.APBPrescTable
                0x080060a4        0x8 ./Core/Src/system_stm32f4xx.o
                0x080060a4                APBPrescTable
 .rodata.flagBitshiftOffset.0
                0x080060ac        0x8 ./Drivers/STM32F4xx_HAL_Driver/Src/stm32f4xx_hal_dma.o
 .rodata._svfprintf_r.str1.1
                0x080060b4       0x33 /Applications/STM32CubeIDE.app/Contents/Eclipse/plugins/com.st.stm32cube.ide.mcu.externaltools.gnu-tools-for-stm32.13.3.rel1.macos64_1.0.0.202411102158/tools/bin/../lib/gcc/arm-none-eabi/13.3.1/../../../../arm-none-eabi/lib/thumb/v7e-m+fp/hard/libc_nano.a(libc_a-nano-svfprintf.o)
                                 0x11 (size before relaxing)
 .rodata._printf_i.str1.1
                0x080060e7       0x22 /Applications/STM32CubeIDE.app/Contents/Eclipse/plugins/com.st.stm32cube.ide.mcu.externaltools.gnu-tools-for-stm32.13.3.rel1.macos64_1.0.0.202411102158/tools/bin/../lib/gcc/arm-none-eabi/13.3.1/../../../../arm-none-eabi/lib/thumb/v7e-m+fp/hard/libc_nano.a(libc_a-nano-vfprintf_i.o)
                0x0800610c                        . = ALIGN (0x4)
 *fill*         0x080060e7        0x1 

.ARM.extab      0x080060e8        0x0
                0x080060e8                        . = ALIGN (0x4)
 *(.ARM.extab* .gnu.linkonce.armextab.*)
                0x080060e8                        . = ALIGN (0x4)

.ARM            0x080060e8        0x8
                0x080060e8                        . = ALIGN (0x4)
                0x080060e8                        __exidx_start = .
 *(.ARM.exidx*)
 .ARM.exidx     0x080060e8        0x8 /Applications/STM32CubeIDE.app/Contents/Eclipse/plugins/com.st.stm32cube.ide.mcu.externaltools.gnu-tools-for-stm32.13.3.rel1.macos64_1.0.0.202411102158/tools/bin/../lib/gcc/arm-none-eabi/13.3.1/../../../../arm-none-eabi/lib/thumb/v7e-m+fp/hard/libc_nano.a(libc_a-memchr.o)
 .ARM.exidx     0x080060f0        0x0 /Applications/STM32CubeIDE.app/Contents/Eclipse/plugins/com.st.stm32cube.ide.mcu.externaltools.gnu-tools-for-stm32.13.3.rel1.macos64_1.0.0.202411102158/tools/bin/../lib/gcc/arm-none-eabi/13.3.1/thumb/v7e-m+fp/hard/libgcc.a(_udivmoddi4.o)
                                  0x8 (size before relaxing)
                0x080060f0                        __exidx_end = .
                0x080060f0                        . = ALIGN (0x4)

.preinit_array  0x080060f0        0x0
                0x080060f0                        . = ALIGN (0x4)
                0x080060f0                        PROVIDE (__preinit_array_start = .)
 *(.preinit_array*)
                0x080060f0                        PROVIDE (__preinit_array_end = .)
                0x080060f0                        . = ALIGN (0x4)

.init_array     0x080060f0        0x4
                0x080060f0                        . = ALIGN (0x4)
                0x080060f0                        PROVIDE (__init_array_start = .)
 *(SORT_BY_NAME(.init_array.*))
 *(.init_array*)
 .init_array    0x080060f0        0x4 /Applications/STM32CubeIDE.app/Contents/Eclipse/plugins/com.st.stm32cube.ide.mcu.externaltools.gnu-tools-for-stm32.13.3.rel1.macos64_1.0.0.202411102158/tools/bin/../lib/gcc/arm-none-eabi/13.3.1/thumb/v7e-m+fp/hard/crtbegin.o
                0x080060f4                        PROVIDE (__init_array_end = .)
                0x080060f4                        . = ALIGN (0x4)

.fini_array     0x080060f4        0x4
                0x080060f4                        . = ALIGN (0x4)
                [!provide]                        PROVIDE (__fini_array_start = .)
 *(SORT_BY_NAME(.fini_array.*))
 *(.fini_array*)
 .fini_array    0x080060f4        0x4 /Applications/STM32CubeIDE.app/Contents/Eclipse/plugins/com.st.stm32cube.ide.mcu.externaltools.gnu-tools-for-stm32.13.3.rel1.macos64_1.0.0.202411102158/tools/bin/../lib/gcc/arm-none-eabi/13.3.1/thumb/v7e-m+fp/hard/crtbegin.o
                [!provide]                        PROVIDE (__fini_array_end = .)
                0x080060f8                        . = ALIGN (0x4)
                0x080060f8                        _sidata = LOADADDR (.data)

.rel.dyn        0x080060f8        0x0
 .rel.iplt      0x080060f8        0x0 /Applications/STM32CubeIDE.app/Contents/Eclipse/plugins/com.st.stm32cube.ide.mcu.externaltools.gnu-tools-for-stm32.13.3.rel1.macos64_1.0.0.202411102158/tools/bin/../lib/gcc/arm-none-eabi/13.3.1/thumb/v7e-m+fp/hard/crtbegin.o

.data           0x20000000      0x25c load address 0x080060f8
                0x20000000                        . = ALIGN (0x4)
                0x20000000                        _sdata = .
 *(.data)
 *(.data*)
 .data.mred     0x20000000        0xc ./Core/Src/main.o
                0x20000000                mred
 .data.mblue    0x2000000c        0xc ./Core/Src/main.o
                0x2000000c                mblue
 .data.sound_task
                0x20000018       0x30 ./Core/Src/main.o
                0x20000018                sound_task
 .data.red_photoresistor_task
                0x20000048       0x20 ./Core/Src/main.o
                0x20000048                red_photoresistor_task
 .data.blue_photoresistor_task
                0x20000068       0x20 ./Core/Src/main.o
                0x20000068                blue_photoresistor_task
 .data.game_task
                0x20000088       0x44 ./Core/Src/main.o
                0x20000088                game_task
 .data.red_shoot_task
                0x200000cc       0x30 ./Core/Src/main.o
                0x200000cc                red_shoot_task
 .data.blue_shoot_task
                0x200000fc       0x30 ./Core/Src/main.o
                0x200000fc                blue_shoot_task
 .data.blue_controller_task
                0x2000012c       0x58 ./Core/Src/main.o
                0x2000012c                blue_controller_task
 .data.red_controller_task
                0x20000184       0x58 ./Core/Src/main.o
                0x20000184                red_controller_task
 .data.adc_task
                0x200001dc       0x24 ./Core/Src/main.o
                0x200001dc                adc_task
 .data.SystemCoreClock
                0x20000200        0x4 ./Core/Src/system_stm32f4xx.o
                0x20000200                SystemCoreClock
 .data.uwTickPrio
                0x20000204        0x4 ./Drivers/STM32F4xx_HAL_Driver/Src/stm32f4xx_hal.o
                0x20000204                uwTickPrio
 .data.uwTickFreq
                0x20000208        0x1 ./Drivers/STM32F4xx_HAL_Driver/Src/stm32f4xx_hal.o
                0x20000208                uwTickFreq
 *fill*         0x20000209        0x3 
 .data._impure_ptr
                0x2000020c        0x4 /Applications/STM32CubeIDE.app/Contents/Eclipse/plugins/com.st.stm32cube.ide.mcu.externaltools.gnu-tools-for-stm32.13.3.rel1.macos64_1.0.0.202411102158/tools/bin/../lib/gcc/arm-none-eabi/13.3.1/../../../../arm-none-eabi/lib/thumb/v7e-m+fp/hard/libc_nano.a(libc_a-impure.o)
                0x2000020c                _impure_ptr
 .data._impure_data
                0x20000210       0x4c /Applications/STM32CubeIDE.app/Contents/Eclipse/plugins/com.st.stm32cube.ide.mcu.externaltools.gnu-tools-for-stm32.13.3.rel1.macos64_1.0.0.202411102158/tools/bin/../lib/gcc/arm-none-eabi/13.3.1/../../../../arm-none-eabi/lib/thumb/v7e-m+fp/hard/libc_nano.a(libc_a-impure.o)
                0x20000210                _impure_data
 *(.RamFunc)
 *(.RamFunc*)
                0x2000025c                        . = ALIGN (0x4)
                0x2000025c                        _edata = .

.igot.plt       0x2000025c        0x0 load address 0x08006354
 .igot.plt      0x2000025c        0x0 /Applications/STM32CubeIDE.app/Contents/Eclipse/plugins/com.st.stm32cube.ide.mcu.externaltools.gnu-tools-for-stm32.13.3.rel1.macos64_1.0.0.202411102158/tools/bin/../lib/gcc/arm-none-eabi/13.3.1/thumb/v7e-m+fp/hard/crtbegin.o
                0x2000025c                        . = ALIGN (0x4)

.bss            0x2000025c      0x3d8 load address 0x08006354
                0x2000025c                        _sbss = .
                0x2000025c                        __bss_start__ = _sbss
 *(.bss)
 .bss           0x2000025c       0x1c /Applications/STM32CubeIDE.app/Contents/Eclipse/plugins/com.st.stm32cube.ide.mcu.externaltools.gnu-tools-for-stm32.13.3.rel1.macos64_1.0.0.202411102158/tools/bin/../lib/gcc/arm-none-eabi/13.3.1/thumb/v7e-m+fp/hard/crtbegin.o
 *(.bss*)
 .bss.dma_buffer
                0x20000278        0x8 ./Core/Src/adc_task.o
 .bss.hadc1     0x20000280       0x48 ./Core/Src/main.o
                0x20000280                hadc1
 .bss.hdma_adc1
                0x200002c8       0x60 ./Core/Src/main.o
                0x200002c8                hdma_adc1
 .bss.hi2c1     0x20000328       0x54 ./Core/Src/main.o
                0x20000328                hi2c1
 .bss.htim1     0x2000037c       0x48 ./Core/Src/main.o
                0x2000037c                htim1
 .bss.htim2     0x200003c4       0x48 ./Core/Src/main.o
                0x200003c4                htim2
 .bss.htim3     0x2000040c       0x48 ./Core/Src/main.o
                0x2000040c                htim3
 .bss.htim4     0x20000454       0x48 ./Core/Src/main.o
                0x20000454                htim4
 .bss.htim5     0x2000049c       0x48 ./Core/Src/main.o
                0x2000049c                htim5
 .bss.__sbrk_heap_end
                0x200004e4        0x4 ./Core/Src/sysmem.o
 .bss.uwTick    0x200004e8        0x4 ./Drivers/STM32F4xx_HAL_Driver/Src/stm32f4xx_hal.o
                0x200004e8                uwTick
 .bss.__sf      0x200004ec      0x138 /Applications/STM32CubeIDE.app/Contents/Eclipse/plugins/com.st.stm32cube.ide.mcu.externaltools.gnu-tools-for-stm32.13.3.rel1.macos64_1.0.0.202411102158/tools/bin/../lib/gcc/arm-none-eabi/13.3.1/../../../../arm-none-eabi/lib/thumb/v7e-m+fp/hard/libc_nano.a(libc_a-findfp.o)
                0x200004ec                __sf
 .bss.__lock___malloc_recursive_mutex
                0x20000624        0x1 /Applications/STM32CubeIDE.app/Contents/Eclipse/plugins/com.st.stm32cube.ide.mcu.externaltools.gnu-tools-for-stm32.13.3.rel1.macos64_1.0.0.202411102158/tools/bin/../lib/gcc/arm-none-eabi/13.3.1/../../../../arm-none-eabi/lib/thumb/v7e-m+fp/hard/libc_nano.a(libc_a-lock.o)
                0x20000624                __lock___malloc_recursive_mutex
 *fill*         0x20000625        0x3 
 .bss.__malloc_sbrk_start
                0x20000628        0x4 /Applications/STM32CubeIDE.app/Contents/Eclipse/plugins/com.st.stm32cube.ide.mcu.externaltools.gnu-tools-for-stm32.13.3.rel1.macos64_1.0.0.202411102158/tools/bin/../lib/gcc/arm-none-eabi/13.3.1/../../../../arm-none-eabi/lib/thumb/v7e-m+fp/hard/libc_nano.a(libc_a-mallocr.o)
                0x20000628                __malloc_sbrk_start
 .bss.__malloc_free_list
                0x2000062c        0x4 /Applications/STM32CubeIDE.app/Contents/Eclipse/plugins/com.st.stm32cube.ide.mcu.externaltools.gnu-tools-for-stm32.13.3.rel1.macos64_1.0.0.202411102158/tools/bin/../lib/gcc/arm-none-eabi/13.3.1/../../../../arm-none-eabi/lib/thumb/v7e-m+fp/hard/libc_nano.a(libc_a-mallocr.o)
                0x2000062c                __malloc_free_list
 .bss.errno     0x20000630        0x4 /Applications/STM32CubeIDE.app/Contents/Eclipse/plugins/com.st.stm32cube.ide.mcu.externaltools.gnu-tools-for-stm32.13.3.rel1.macos64_1.0.0.202411102158/tools/bin/../lib/gcc/arm-none-eabi/13.3.1/../../../../arm-none-eabi/lib/thumb/v7e-m+fp/hard/libc_nano.a(libc_a-reent.o)
                0x20000630                errno
 *(COMMON)
                0x20000634                        . = ALIGN (0x4)
                0x20000634                        _ebss = .
                0x20000634                        __bss_end__ = _ebss

._user_heap_stack
                0x20000634      0x604 load address 0x08006354
                0x20000638                        . = ALIGN (0x8)
 *fill*         0x20000634        0x4 
                [!provide]                        PROVIDE (end = .)
                0x20000638                        PROVIDE (_end = .)
                0x20000838                        . = (. + _Min_Heap_Size)
 *fill*         0x20000638      0x200 
                0x20000c38                        . = (. + _Min_Stack_Size)
 *fill*         0x20000838      0x400 
                0x20000c38                        . = ALIGN (0x8)

/DISCARD/
 libc.a(*)
 libm.a(*)
 libgcc.a(*)

.ARM.attributes
                0x00000000       0x30
 *(.ARM.attributes)
 .ARM.attributes
                0x00000000       0x22 /Applications/STM32CubeIDE.app/Contents/Eclipse/plugins/com.st.stm32cube.ide.mcu.externaltools.gnu-tools-for-stm32.13.3.rel1.macos64_1.0.0.202411102158/tools/bin/../lib/gcc/arm-none-eabi/13.3.1/thumb/v7e-m+fp/hard/crti.o
 .ARM.attributes
                0x00000022       0x34 /Applications/STM32CubeIDE.app/Contents/Eclipse/plugins/com.st.stm32cube.ide.mcu.externaltools.gnu-tools-for-stm32.13.3.rel1.macos64_1.0.0.202411102158/tools/bin/../lib/gcc/arm-none-eabi/13.3.1/thumb/v7e-m+fp/hard/crtbegin.o
 .ARM.attributes
                0x00000056       0x34 ./Core/Src/adc_task.o
 .ARM.attributes
                0x0000008a       0x34 ./Core/Src/controller_task.o
 .ARM.attributes
                0x000000be       0x34 ./Core/Src/game_task.o
 .ARM.attributes
                0x000000f2       0x34 ./Core/Src/lcd.o
 .ARM.attributes
                0x00000126       0x34 ./Core/Src/main.o
 .ARM.attributes
                0x0000015a       0x34 ./Core/Src/motor_driver.o
 .ARM.attributes
                0x0000018e       0x34 ./Core/Src/photoresistor_task.o
 .ARM.attributes
                0x000001c2       0x34 ./Core/Src/shoot_task.o
 .ARM.attributes
                0x000001f6       0x34 ./Core/Src/sound_task.o
 .ARM.attributes
                0x0000022a       0x34 ./Core/Src/stm32f4xx_hal_msp.o
 .ARM.attributes
                0x0000025e       0x34 ./Core/Src/stm32f4xx_it.o
 .ARM.attributes
                0x00000292       0x34 ./Core/Src/sysmem.o
 .ARM.attributes
                0x000002c6       0x34 ./Core/Src/system_stm32f4xx.o
 .ARM.attributes
                0x000002fa       0x21 ./Core/Startup/startup_stm32f411ceux.o
 .ARM.attributes
                0x0000031b       0x34 ./Drivers/STM32F4xx_HAL_Driver/Src/stm32f4xx_hal.o
 .ARM.attributes
                0x0000034f       0x34 ./Drivers/STM32F4xx_HAL_Driver/Src/stm32f4xx_hal_adc.o
 .ARM.attributes
                0x00000383       0x34 ./Drivers/STM32F4xx_HAL_Driver/Src/stm32f4xx_hal_cortex.o
 .ARM.attributes
                0x000003b7       0x34 ./Drivers/STM32F4xx_HAL_Driver/Src/stm32f4xx_hal_dma.o
 .ARM.attributes
                0x000003eb       0x34 ./Drivers/STM32F4xx_HAL_Driver/Src/stm32f4xx_hal_gpio.o
 .ARM.attributes
                0x0000041f       0x34 ./Drivers/STM32F4xx_HAL_Driver/Src/stm32f4xx_hal_i2c.o
 .ARM.attributes
                0x00000453       0x34 ./Drivers/STM32F4xx_HAL_Driver/Src/stm32f4xx_hal_rcc.o
 .ARM.attributes
                0x00000487       0x34 ./Drivers/STM32F4xx_HAL_Driver/Src/stm32f4xx_hal_tim.o
 .ARM.attributes
                0x000004bb       0x34 ./Drivers/STM32F4xx_HAL_Driver/Src/stm32f4xx_hal_tim_ex.o
 .ARM.attributes
                0x000004ef       0x34 /Applications/STM32CubeIDE.app/Contents/Eclipse/plugins/com.st.stm32cube.ide.mcu.externaltools.gnu-tools-for-stm32.13.3.rel1.macos64_1.0.0.202411102158/tools/bin/../lib/gcc/arm-none-eabi/13.3.1/../../../../arm-none-eabi/lib/thumb/v7e-m+fp/hard/libc_nano.a(libc_a-sprintf.o)
 .ARM.attributes
                0x00000523       0x34 /Applications/STM32CubeIDE.app/Contents/Eclipse/plugins/com.st.stm32cube.ide.mcu.externaltools.gnu-tools-for-stm32.13.3.rel1.macos64_1.0.0.202411102158/tools/bin/../lib/gcc/arm-none-eabi/13.3.1/../../../../arm-none-eabi/lib/thumb/v7e-m+fp/hard/libc_nano.a(libc_a-findfp.o)
 .ARM.attributes
                0x00000557       0x34 /Applications/STM32CubeIDE.app/Contents/Eclipse/plugins/com.st.stm32cube.ide.mcu.externaltools.gnu-tools-for-stm32.13.3.rel1.macos64_1.0.0.202411102158/tools/bin/../lib/gcc/arm-none-eabi/13.3.1/../../../../arm-none-eabi/lib/thumb/v7e-m+fp/hard/libc_nano.a(libc_a-memset.o)
 .ARM.attributes
                0x0000058b       0x34 /Applications/STM32CubeIDE.app/Contents/Eclipse/plugins/com.st.stm32cube.ide.mcu.externaltools.gnu-tools-for-stm32.13.3.rel1.macos64_1.0.0.202411102158/tools/bin/../lib/gcc/arm-none-eabi/13.3.1/../../../../arm-none-eabi/lib/thumb/v7e-m+fp/hard/libc_nano.a(libc_a-errno.o)
 .ARM.attributes
                0x000005bf       0x34 /Applications/STM32CubeIDE.app/Contents/Eclipse/plugins/com.st.stm32cube.ide.mcu.externaltools.gnu-tools-for-stm32.13.3.rel1.macos64_1.0.0.202411102158/tools/bin/../lib/gcc/arm-none-eabi/13.3.1/../../../../arm-none-eabi/lib/thumb/v7e-m+fp/hard/libc_nano.a(libc_a-init.o)
 .ARM.attributes
                0x000005f3       0x34 /Applications/STM32CubeIDE.app/Contents/Eclipse/plugins/com.st.stm32cube.ide.mcu.externaltools.gnu-tools-for-stm32.13.3.rel1.macos64_1.0.0.202411102158/tools/bin/../lib/gcc/arm-none-eabi/13.3.1/../../../../arm-none-eabi/lib/thumb/v7e-m+fp/hard/libc_nano.a(libc_a-lock.o)
 .ARM.attributes
                0x00000627       0x34 /Applications/STM32CubeIDE.app/Contents/Eclipse/plugins/com.st.stm32cube.ide.mcu.externaltools.gnu-tools-for-stm32.13.3.rel1.macos64_1.0.0.202411102158/tools/bin/../lib/gcc/arm-none-eabi/13.3.1/../../../../arm-none-eabi/lib/thumb/v7e-m+fp/hard/libc_nano.a(libc_a-impure.o)
 .ARM.attributes
                0x0000065b       0x34 /Applications/STM32CubeIDE.app/Contents/Eclipse/plugins/com.st.stm32cube.ide.mcu.externaltools.gnu-tools-for-stm32.13.3.rel1.macos64_1.0.0.202411102158/tools/bin/../lib/gcc/arm-none-eabi/13.3.1/../../../../arm-none-eabi/lib/thumb/v7e-m+fp/hard/libc_nano.a(libc_a-nano-svfprintf.o)
 .ARM.attributes
                0x0000068f       0x34 /Applications/STM32CubeIDE.app/Contents/Eclipse/plugins/com.st.stm32cube.ide.mcu.externaltools.gnu-tools-for-stm32.13.3.rel1.macos64_1.0.0.202411102158/tools/bin/../lib/gcc/arm-none-eabi/13.3.1/../../../../arm-none-eabi/lib/thumb/v7e-m+fp/hard/libc_nano.a(libc_a-mallocr.o)
 .ARM.attributes
                0x000006c3       0x34 /Applications/STM32CubeIDE.app/Contents/Eclipse/plugins/com.st.stm32cube.ide.mcu.externaltools.gnu-tools-for-stm32.13.3.rel1.macos64_1.0.0.202411102158/tools/bin/../lib/gcc/arm-none-eabi/13.3.1/../../../../arm-none-eabi/lib/thumb/v7e-m+fp/hard/libc_nano.a(libc_a-nano-vfprintf_i.o)
 .ARM.attributes
                0x000006f7       0x34 /Applications/STM32CubeIDE.app/Contents/Eclipse/plugins/com.st.stm32cube.ide.mcu.externaltools.gnu-tools-for-stm32.13.3.rel1.macos64_1.0.0.202411102158/tools/bin/../lib/gcc/arm-none-eabi/13.3.1/../../../../arm-none-eabi/lib/thumb/v7e-m+fp/hard/libc_nano.a(libc_a-mlock.o)
 .ARM.attributes
                0x0000072b       0x34 /Applications/STM32CubeIDE.app/Contents/Eclipse/plugins/com.st.stm32cube.ide.mcu.externaltools.gnu-tools-for-stm32.13.3.rel1.macos64_1.0.0.202411102158/tools/bin/../lib/gcc/arm-none-eabi/13.3.1/../../../../arm-none-eabi/lib/thumb/v7e-m+fp/hard/libc_nano.a(libc_a-reallocr.o)
 .ARM.attributes
                0x0000075f       0x34 /Applications/STM32CubeIDE.app/Contents/Eclipse/plugins/com.st.stm32cube.ide.mcu.externaltools.gnu-tools-for-stm32.13.3.rel1.macos64_1.0.0.202411102158/tools/bin/../lib/gcc/arm-none-eabi/13.3.1/../../../../arm-none-eabi/lib/thumb/v7e-m+fp/hard/libc_nano.a(libc_a-memmove.o)
 .ARM.attributes
                0x00000793       0x34 /Applications/STM32CubeIDE.app/Contents/Eclipse/plugins/com.st.stm32cube.ide.mcu.externaltools.gnu-tools-for-stm32.13.3.rel1.macos64_1.0.0.202411102158/tools/bin/../lib/gcc/arm-none-eabi/13.3.1/../../../../arm-none-eabi/lib/thumb/v7e-m+fp/hard/libc_nano.a(libc_a-sbrkr.o)
 .ARM.attributes
                0x000007c7       0x34 /Applications/STM32CubeIDE.app/Contents/Eclipse/plugins/com.st.stm32cube.ide.mcu.externaltools.gnu-tools-for-stm32.13.3.rel1.macos64_1.0.0.202411102158/tools/bin/../lib/gcc/arm-none-eabi/13.3.1/../../../../arm-none-eabi/lib/thumb/v7e-m+fp/hard/libc_nano.a(libc_a-reent.o)
 .ARM.attributes
                0x000007fb       0x1c /Applications/STM32CubeIDE.app/Contents/Eclipse/plugins/com.st.stm32cube.ide.mcu.externaltools.gnu-tools-for-stm32.13.3.rel1.macos64_1.0.0.202411102158/tools/bin/../lib/gcc/arm-none-eabi/13.3.1/../../../../arm-none-eabi/lib/thumb/v7e-m+fp/hard/libc_nano.a(libc_a-memchr.o)
 .ARM.attributes
                0x00000817       0x34 /Applications/STM32CubeIDE.app/Contents/Eclipse/plugins/com.st.stm32cube.ide.mcu.externaltools.gnu-tools-for-stm32.13.3.rel1.macos64_1.0.0.202411102158/tools/bin/../lib/gcc/arm-none-eabi/13.3.1/../../../../arm-none-eabi/lib/thumb/v7e-m+fp/hard/libc_nano.a(libc_a-memcpy-stub.o)
 .ARM.attributes
                0x0000084b       0x34 /Applications/STM32CubeIDE.app/Contents/Eclipse/plugins/com.st.stm32cube.ide.mcu.externaltools.gnu-tools-for-stm32.13.3.rel1.macos64_1.0.0.202411102158/tools/bin/../lib/gcc/arm-none-eabi/13.3.1/../../../../arm-none-eabi/lib/thumb/v7e-m+fp/hard/libc_nano.a(libc_a-freer.o)
 .ARM.attributes
                0x0000087f       0x34 /Applications/STM32CubeIDE.app/Contents/Eclipse/plugins/com.st.stm32cube.ide.mcu.externaltools.gnu-tools-for-stm32.13.3.rel1.macos64_1.0.0.202411102158/tools/bin/../lib/gcc/arm-none-eabi/13.3.1/../../../../arm-none-eabi/lib/thumb/v7e-m+fp/hard/libc_nano.a(libc_a-msizer.o)
 .ARM.attributes
                0x000008b3       0x22 /Applications/STM32CubeIDE.app/Contents/Eclipse/plugins/com.st.stm32cube.ide.mcu.externaltools.gnu-tools-for-stm32.13.3.rel1.macos64_1.0.0.202411102158/tools/bin/../lib/gcc/arm-none-eabi/13.3.1/thumb/v7e-m+fp/hard/libgcc.a(_aeabi_uldivmod.o)
 .ARM.attributes
                0x000008d5       0x34 /Applications/STM32CubeIDE.app/Contents/Eclipse/plugins/com.st.stm32cube.ide.mcu.externaltools.gnu-tools-for-stm32.13.3.rel1.macos64_1.0.0.202411102158/tools/bin/../lib/gcc/arm-none-eabi/13.3.1/thumb/v7e-m+fp/hard/libgcc.a(_udivmoddi4.o)
 .ARM.attributes
                0x00000909       0x22 /Applications/STM32CubeIDE.app/Contents/Eclipse/plugins/com.st.stm32cube.ide.mcu.externaltools.gnu-tools-for-stm32.13.3.rel1.macos64_1.0.0.202411102158/tools/bin/../lib/gcc/arm-none-eabi/13.3.1/thumb/v7e-m+fp/hard/libgcc.a(_dvmd_tls.o)
 .ARM.attributes
                0x0000092b       0x22 /Applications/STM32CubeIDE.app/Contents/Eclipse/plugins/com.st.stm32cube.ide.mcu.externaltools.gnu-tools-for-stm32.13.3.rel1.macos64_1.0.0.202411102158/tools/bin/../lib/gcc/arm-none-eabi/13.3.1/thumb/v7e-m+fp/hard/crtn.o
OUTPUT(CODE.elf elf32-littlearm)
LOAD linker stubs
LOAD /Applications/STM32CubeIDE.app/Contents/Eclipse/plugins/com.st.stm32cube.ide.mcu.externaltools.gnu-tools-for-stm32.13.3.rel1.macos64_1.0.0.202411102158/tools/bin/../lib/gcc/arm-none-eabi/13.3.1/../../../../arm-none-eabi/lib/thumb/v7e-m+fp/hard/libc.a
LOAD /Applications/STM32CubeIDE.app/Contents/Eclipse/plugins/com.st.stm32cube.ide.mcu.externaltools.gnu-tools-for-stm32.13.3.rel1.macos64_1.0.0.202411102158/tools/bin/../lib/gcc/arm-none-eabi/13.3.1/../../../../arm-none-eabi/lib/thumb/v7e-m+fp/hard/libm.a
LOAD /Applications/STM32CubeIDE.app/Contents/Eclipse/plugins/com.st.stm32cube.ide.mcu.externaltools.gnu-tools-for-stm32.13.3.rel1.macos64_1.0.0.202411102158/tools/bin/../lib/gcc/arm-none-eabi/13.3.1/thumb/v7e-m+fp/hard/libgcc.a

.debug_info     0x00000000    0x1194d
 .debug_info    0x00000000      0xc86 ./Core/Src/adc_task.o
 .debug_info    0x00000c86      0xbd5 ./Core/Src/controller_task.o
 .debug_info    0x0000185b      0x976 ./Core/Src/game_task.o
 .debug_info    0x000021d1      0x7d7 ./Core/Src/lcd.o
 .debug_info    0x000029a8     0x213e ./Core/Src/main.o
 .debug_info    0x00004ae6      0x6ee ./Core/Src/motor_driver.o
 .debug_info    0x000051d4      0x1b3 ./Core/Src/photoresistor_task.o
 .debug_info    0x00005387      0x8a0 ./Core/Src/shoot_task.o
 .debug_info    0x00005c27      0x21a ./Core/Src/sound_task.o
 .debug_info    0x00005e41     0x122a ./Core/Src/stm32f4xx_hal_msp.o
 .debug_info    0x0000706b      0x3f9 ./Core/Src/stm32f4xx_it.o
 .debug_info    0x00007464      0x168 ./Core/Src/sysmem.o
 .debug_info    0x000075cc      0x53e ./Core/Src/system_stm32f4xx.o
 .debug_info    0x00007b0a       0x30 ./Core/Startup/startup_stm32f411ceux.o
 .debug_info    0x00007b3a      0x8c4 ./Drivers/STM32F4xx_HAL_Driver/Src/stm32f4xx_hal.o
 .debug_info    0x000083fe      0xce0 ./Drivers/STM32F4xx_HAL_Driver/Src/stm32f4xx_hal_adc.o
 .debug_info    0x000090de      0xcfc ./Drivers/STM32F4xx_HAL_Driver/Src/stm32f4xx_hal_cortex.o
 .debug_info    0x00009dda      0x8e6 ./Drivers/STM32F4xx_HAL_Driver/Src/stm32f4xx_hal_dma.o
 .debug_info    0x0000a6c0      0x6f9 ./Drivers/STM32F4xx_HAL_Driver/Src/stm32f4xx_hal_gpio.o
 .debug_info    0x0000adb9     0x2426 ./Drivers/STM32F4xx_HAL_Driver/Src/stm32f4xx_hal_i2c.o
 .debug_info    0x0000d1df      0x904 ./Drivers/STM32F4xx_HAL_Driver/Src/stm32f4xx_hal_rcc.o
 .debug_info    0x0000dae3     0x2996 ./Drivers/STM32F4xx_HAL_Driver/Src/stm32f4xx_hal_tim.o
 .debug_info    0x00010479     0x14d4 ./Drivers/STM32F4xx_HAL_Driver/Src/stm32f4xx_hal_tim_ex.o

.debug_abbrev   0x00000000     0x2aa0
 .debug_abbrev  0x00000000      0x1c2 ./Core/Src/adc_task.o
 .debug_abbrev  0x000001c2      0x1c8 ./Core/Src/controller_task.o
 .debug_abbrev  0x0000038a      0x1cb ./Core/Src/game_task.o
 .debug_abbrev  0x00000555      0x201 ./Core/Src/lcd.o
 .debug_abbrev  0x00000756      0x2cc ./Core/Src/main.o
 .debug_abbrev  0x00000a22      0x17a ./Core/Src/motor_driver.o
 .debug_abbrev  0x00000b9c       0xd0 ./Core/Src/photoresistor_task.o
 .debug_abbrev  0x00000c6c      0x1b3 ./Core/Src/shoot_task.o
 .debug_abbrev  0x00000e1f       0xd0 ./Core/Src/sound_task.o
 .debug_abbrev  0x00000eef      0x26d ./Core/Src/stm32f4xx_hal_msp.o
 .debug_abbrev  0x0000115c      0x14d ./Core/Src/stm32f4xx_it.o
 .debug_abbrev  0x000012a9       0xbc ./Core/Src/sysmem.o
 .debug_abbrev  0x00001365      0x11a ./Core/Src/system_stm32f4xx.o
 .debug_abbrev  0x0000147f       0x24 ./Core/Startup/startup_stm32f411ceux.o
 .debug_abbrev  0x000014a3      0x24b ./Drivers/STM32F4xx_HAL_Driver/Src/stm32f4xx_hal.o
 .debug_abbrev  0x000016ee      0x20e ./Drivers/STM32F4xx_HAL_Driver/Src/stm32f4xx_hal_adc.o
 .debug_abbrev  0x000018fc      0x31d ./Drivers/STM32F4xx_HAL_Driver/Src/stm32f4xx_hal_cortex.o
 .debug_abbrev  0x00001c19      0x221 ./Drivers/STM32F4xx_HAL_Driver/Src/stm32f4xx_hal_dma.o
 .debug_abbrev  0x00001e3a      0x1d3 ./Drivers/STM32F4xx_HAL_Driver/Src/stm32f4xx_hal_gpio.o
 .debug_abbrev  0x0000200d      0x2bc ./Drivers/STM32F4xx_HAL_Driver/Src/stm32f4xx_hal_i2c.o
 .debug_abbrev  0x000022c9      0x2b6 ./Drivers/STM32F4xx_HAL_Driver/Src/stm32f4xx_hal_rcc.o
 .debug_abbrev  0x0000257f      0x28b ./Drivers/STM32F4xx_HAL_Driver/Src/stm32f4xx_hal_tim.o
 .debug_abbrev  0x0000280a      0x296 ./Drivers/STM32F4xx_HAL_Driver/Src/stm32f4xx_hal_tim_ex.o

.debug_aranges  0x00000000     0x1018
 .debug_aranges
                0x00000000       0x30 ./Core/Src/adc_task.o
 .debug_aranges
                0x00000030       0x30 ./Core/Src/controller_task.o
 .debug_aranges
                0x00000060       0x40 ./Core/Src/game_task.o
 .debug_aranges
                0x000000a0       0x60 ./Core/Src/lcd.o
 .debug_aranges
                0x00000100       0x80 ./Core/Src/main.o
 .debug_aranges
                0x00000180       0x30 ./Core/Src/motor_driver.o
 .debug_aranges
                0x000001b0       0x38 ./Core/Src/photoresistor_task.o
 .debug_aranges
                0x000001e8       0x40 ./Core/Src/shoot_task.o
 .debug_aranges
                0x00000228       0x50 ./Core/Src/sound_task.o
 .debug_aranges
                0x00000278       0x68 ./Core/Src/stm32f4xx_hal_msp.o
 .debug_aranges
                0x000002e0       0x70 ./Core/Src/stm32f4xx_it.o
 .debug_aranges
                0x00000350       0x20 ./Core/Src/sysmem.o
 .debug_aranges
                0x00000370       0x28 ./Core/Src/system_stm32f4xx.o
 .debug_aranges
                0x00000398       0x28 ./Core/Startup/startup_stm32f411ceux.o
 .debug_aranges
                0x000003c0       0xf0 ./Drivers/STM32F4xx_HAL_Driver/Src/stm32f4xx_hal.o
 .debug_aranges
                0x000004b0       0xe8 ./Drivers/STM32F4xx_HAL_Driver/Src/stm32f4xx_hal_adc.o
 .debug_aranges
                0x00000598      0x130 ./Drivers/STM32F4xx_HAL_Driver/Src/stm32f4xx_hal_cortex.o
 .debug_aranges
                0x000006c8       0x90 ./Drivers/STM32F4xx_HAL_Driver/Src/stm32f4xx_hal_dma.o
 .debug_aranges
                0x00000758       0x58 ./Drivers/STM32F4xx_HAL_Driver/Src/stm32f4xx_hal_gpio.o
 .debug_aranges
                0x000007b0      0x2a8 ./Drivers/STM32F4xx_HAL_Driver/Src/stm32f4xx_hal_i2c.o
 .debug_aranges
                0x00000a58       0x88 ./Drivers/STM32F4xx_HAL_Driver/Src/stm32f4xx_hal_rcc.o
 .debug_aranges
                0x00000ae0      0x3d0 ./Drivers/STM32F4xx_HAL_Driver/Src/stm32f4xx_hal_tim.o
 .debug_aranges
                0x00000eb0      0x168 ./Drivers/STM32F4xx_HAL_Driver/Src/stm32f4xx_hal_tim_ex.o

.debug_rnglists
                0x00000000      0xc75
 .debug_rnglists
                0x00000000       0x1f ./Core/Src/adc_task.o
 .debug_rnglists
                0x0000001f       0x20 ./Core/Src/controller_task.o
 .debug_rnglists
                0x0000003f       0x2c ./Core/Src/game_task.o
 .debug_rnglists
                0x0000006b       0x44 ./Core/Src/lcd.o
 .debug_rnglists
                0x000000af       0x64 ./Core/Src/main.o
 .debug_rnglists
                0x00000113       0x22 ./Core/Src/motor_driver.o
 .debug_rnglists
                0x00000135       0x25 ./Core/Src/photoresistor_task.o
 .debug_rnglists
                0x0000015a       0x2d ./Core/Src/shoot_task.o
 .debug_rnglists
                0x00000187       0x37 ./Core/Src/sound_task.o
 .debug_rnglists
                0x000001be       0x4e ./Core/Src/stm32f4xx_hal_msp.o
 .debug_rnglists
                0x0000020c       0x4f ./Core/Src/stm32f4xx_it.o
 .debug_rnglists
                0x0000025b       0x13 ./Core/Src/sysmem.o
 .debug_rnglists
                0x0000026e       0x1a ./Core/Src/system_stm32f4xx.o
 .debug_rnglists
                0x00000288       0x19 ./Core/Startup/startup_stm32f411ceux.o
 .debug_rnglists
                0x000002a1       0xaf ./Drivers/STM32F4xx_HAL_Driver/Src/stm32f4xx_hal.o
 .debug_rnglists
                0x00000350       0xb5 ./Drivers/STM32F4xx_HAL_Driver/Src/stm32f4xx_hal_adc.o
 .debug_rnglists
                0x00000405       0xe0 ./Drivers/STM32F4xx_HAL_Driver/Src/stm32f4xx_hal_cortex.o
 .debug_rnglists
                0x000004e5       0x70 ./Drivers/STM32F4xx_HAL_Driver/Src/stm32f4xx_hal_dma.o
 .debug_rnglists
                0x00000555       0x3f ./Drivers/STM32F4xx_HAL_Driver/Src/stm32f4xx_hal_gpio.o
 .debug_rnglists
                0x00000594      0x23c ./Drivers/STM32F4xx_HAL_Driver/Src/stm32f4xx_hal_i2c.o
 .debug_rnglists
                0x000007d0       0x66 ./Drivers/STM32F4xx_HAL_Driver/Src/stm32f4xx_hal_rcc.o
 .debug_rnglists
                0x00000836      0x31a ./Drivers/STM32F4xx_HAL_Driver/Src/stm32f4xx_hal_tim.o
 .debug_rnglists
                0x00000b50      0x125 ./Drivers/STM32F4xx_HAL_Driver/Src/stm32f4xx_hal_tim_ex.o

.debug_macro    0x00000000    0x19354
 .debug_macro   0x00000000      0x327 ./Core/Src/adc_task.o
 .debug_macro   0x00000327      0xad8 ./Core/Src/adc_task.o
 .debug_macro   0x00000dff       0x2a ./Core/Src/adc_task.o
 .debug_macro   0x00000e29       0x22 ./Core/Src/adc_task.o
 .debug_macro   0x00000e4b       0x5b ./Core/Src/adc_task.o
 .debug_macro   0x00000ea6       0x94 ./Core/Src/adc_task.o
 .debug_macro   0x00000f3a       0x43 ./Core/Src/adc_task.o
 .debug_macro   0x00000f7d       0x34 ./Core/Src/adc_task.o
 .debug_macro   0x00000fb1       0x16 ./Core/Src/adc_task.o
 .debug_macro   0x00000fc7      0x11c ./Core/Src/adc_task.o
 .debug_macro   0x000010e3       0x9b ./Core/Src/adc_task.o
 .debug_macro   0x0000117e       0x57 ./Core/Src/adc_task.o
 .debug_macro   0x000011d5      0x370 ./Core/Src/adc_task.o
 .debug_macro   0x00001545       0x16 ./Core/Src/adc_task.o
 .debug_macro   0x0000155b       0x4a ./Core/Src/adc_task.o
 .debug_macro   0x000015a5       0x34 ./Core/Src/adc_task.o
 .debug_macro   0x000015d9       0x10 ./Core/Src/adc_task.o
 .debug_macro   0x000015e9       0x58 ./Core/Src/adc_task.o
 .debug_macro   0x00001641       0x8e ./Core/Src/adc_task.o
 .debug_macro   0x000016cf       0x1c ./Core/Src/adc_task.o
 .debug_macro   0x000016eb      0x185 ./Core/Src/adc_task.o
 .debug_macro   0x00001870       0x16 ./Core/Src/adc_task.o
 .debug_macro   0x00001886       0x29 ./Core/Src/adc_task.o
 .debug_macro   0x000018af       0x1c ./Core/Src/adc_task.o
 .debug_macro   0x000018cb       0x3c ./Core/Src/adc_task.o
 .debug_macro   0x00001907       0x10 ./Core/Src/adc_task.o
 .debug_macro   0x00001917       0x1c ./Core/Src/adc_task.o
 .debug_macro   0x00001933       0x16 ./Core/Src/adc_task.o
 .debug_macro   0x00001949      0x146 ./Core/Src/adc_task.o
 .debug_macro   0x00001a8f      0x2a1 ./Core/Src/adc_task.o
 .debug_macro   0x00001d30       0x2e ./Core/Src/adc_task.o
 .debug_macro   0x00001d5e       0x28 ./Core/Src/adc_task.o
 .debug_macro   0x00001d86      0x103 ./Core/Src/adc_task.o
 .debug_macro   0x00001e89       0x6a ./Core/Src/adc_task.o
 .debug_macro   0x00001ef3      0x1df ./Core/Src/adc_task.o
 .debug_macro   0x000020d2       0x1c ./Core/Src/adc_task.o
 .debug_macro   0x000020ee       0x22 ./Core/Src/adc_task.o
 .debug_macro   0x00002110       0xfb ./Core/Src/adc_task.o
 .debug_macro   0x0000220b     0x1011 ./Core/Src/adc_task.o
 .debug_macro   0x0000321c      0x11f ./Core/Src/adc_task.o
 .debug_macro   0x0000333b     0xb968 ./Core/Src/adc_task.o
 .debug_macro   0x0000eca3       0x6d ./Core/Src/adc_task.o
 .debug_macro   0x0000ed10     0x3693 ./Core/Src/adc_task.o
 .debug_macro   0x000123a3       0x56 ./Core/Src/adc_task.o
 .debug_macro   0x000123f9      0x45c ./Core/Src/adc_task.o
 .debug_macro   0x00012855      0x9e9 ./Core/Src/adc_task.o
 .debug_macro   0x0001323e      0x115 ./Core/Src/adc_task.o
 .debug_macro   0x00013353      0x11b ./Core/Src/adc_task.o
 .debug_macro   0x0001346e       0xa5 ./Core/Src/adc_task.o
 .debug_macro   0x00013513      0x15f ./Core/Src/adc_task.o
 .debug_macro   0x00013672      0x287 ./Core/Src/adc_task.o
 .debug_macro   0x000138f9       0x5f ./Core/Src/adc_task.o
 .debug_macro   0x00013958      0x236 ./Core/Src/adc_task.o
 .debug_macro   0x00013b8e      0x9e1 ./Core/Src/adc_task.o
 .debug_macro   0x0001456f      0x38b ./Core/Src/adc_task.o
 .debug_macro   0x000148fa      0x17d ./Core/Src/adc_task.o
 .debug_macro   0x00014a77       0xf9 ./Core/Src/adc_task.o
 .debug_macro   0x00014b70      0x132 ./Core/Src/adc_task.o
 .debug_macro   0x00014ca2      0x264 ./Core/Src/adc_task.o
 .debug_macro   0x00014f06       0x2e ./Core/Src/adc_task.o
 .debug_macro   0x00014f34      0x1b5 ./Core/Src/adc_task.o
 .debug_macro   0x000150e9       0x22 ./Core/Src/adc_task.o
 .debug_macro   0x0001510b       0xd6 ./Core/Src/adc_task.o
 .debug_macro   0x000151e1      0x127 ./Core/Src/adc_task.o
 .debug_macro   0x00015308       0x85 ./Core/Src/adc_task.o
 .debug_macro   0x0001538d       0x89 ./Core/Src/adc_task.o
 .debug_macro   0x00015416      0x8ed ./Core/Src/adc_task.o
 .debug_macro   0x00015d03       0x47 ./Core/Src/adc_task.o
 .debug_macro   0x00015d4a      0x126 ./Core/Src/adc_task.o
 .debug_macro   0x00015e70      0x317 ./Core/Src/controller_task.o
 .debug_macro   0x00016187      0x304 ./Core/Src/game_task.o
 .debug_macro   0x0001648b       0x8e ./Core/Src/game_task.o
 .debug_macro   0x00016519       0x51 ./Core/Src/game_task.o
 .debug_macro   0x0001656a      0x190 ./Core/Src/game_task.o
 .debug_macro   0x000166fa       0x5c ./Core/Src/game_task.o
 .debug_macro   0x00016756       0x10 ./Core/Src/game_task.o
 .debug_macro   0x00016766       0x61 ./Core/Src/game_task.o
 .debug_macro   0x000167c7       0x16 ./Core/Src/game_task.o
 .debug_macro   0x000167dd       0x16 ./Core/Src/game_task.o
 .debug_macro   0x000167f3      0x22d ./Core/Src/lcd.o
 .debug_macro   0x00016a20      0x362 ./Core/Src/main.o
 .debug_macro   0x00016d82      0x30f ./Core/Src/motor_driver.o
 .debug_macro   0x00017091      0x2e7 ./Core/Src/photoresistor_task.o
 .debug_macro   0x00017378      0x2e7 ./Core/Src/shoot_task.o
 .debug_macro   0x0001765f       0x6d ./Core/Src/sound_task.o
 .debug_macro   0x000176cc      0x20f ./Core/Src/stm32f4xx_hal_msp.o
 .debug_macro   0x000178db      0x219 ./Core/Src/stm32f4xx_it.o
 .debug_macro   0x00017af4      0x112 ./Core/Src/sysmem.o
 .debug_macro   0x00017c06      0x23c ./Core/Src/sysmem.o
 .debug_macro   0x00017e42      0x205 ./Core/Src/system_stm32f4xx.o
 .debug_macro   0x00018047      0x265 ./Drivers/STM32F4xx_HAL_Driver/Src/stm32f4xx_hal.o
 .debug_macro   0x000182ac      0x206 ./Drivers/STM32F4xx_HAL_Driver/Src/stm32f4xx_hal_adc.o
 .debug_macro   0x000184b2      0x205 ./Drivers/STM32F4xx_HAL_Driver/Src/stm32f4xx_hal_cortex.o
 .debug_macro   0x000186b7      0x20b ./Drivers/STM32F4xx_HAL_Driver/Src/stm32f4xx_hal_dma.o
 .debug_macro   0x000188c2      0x20b ./Drivers/STM32F4xx_HAL_Driver/Src/stm32f4xx_hal_gpio.o
 .debug_macro   0x00018acd      0x253 ./Drivers/STM32F4xx_HAL_Driver/Src/stm32f4xx_hal_i2c.o
 .debug_macro   0x00018d20      0x229 ./Drivers/STM32F4xx_HAL_Driver/Src/stm32f4xx_hal_rcc.o
 .debug_macro   0x00018f49      0x206 ./Drivers/STM32F4xx_HAL_Driver/Src/stm32f4xx_hal_tim.o
 .debug_macro   0x0001914f      0x205 ./Drivers/STM32F4xx_HAL_Driver/Src/stm32f4xx_hal_tim_ex.o

.debug_line     0x00000000    0x14f69
 .debug_line    0x00000000      0x96c ./Core/Src/adc_task.o
 .debug_line    0x0000096c      0xa36 ./Core/Src/controller_task.o
 .debug_line    0x000013a2      0x9f5 ./Core/Src/game_task.o
 .debug_line    0x00001d97      0x850 ./Core/Src/lcd.o
 .debug_line    0x000025e7      0xdc8 ./Core/Src/main.o
 .debug_line    0x000033af      0xa45 ./Core/Src/motor_driver.o
 .debug_line    0x00003df4      0x924 ./Core/Src/photoresistor_task.o
 .debug_line    0x00004718      0x9b3 ./Core/Src/shoot_task.o
 .debug_line    0x000050cb      0x48e ./Core/Src/sound_task.o
 .debug_line    0x00005559      0x962 ./Core/Src/stm32f4xx_hal_msp.o
 .debug_line    0x00005ebb      0x81b ./Core/Src/stm32f4xx_it.o
 .debug_line    0x000066d6      0x521 ./Core/Src/sysmem.o
 .debug_line    0x00006bf7      0x7c0 ./Core/Src/system_stm32f4xx.o
 .debug_line    0x000073b7       0x7a ./Core/Startup/startup_stm32f411ceux.o
 .debug_line    0x00007431      0xa2d ./Drivers/STM32F4xx_HAL_Driver/Src/stm32f4xx_hal.o
 .debug_line    0x00007e5e     0x1184 ./Drivers/STM32F4xx_HAL_Driver/Src/stm32f4xx_hal_adc.o
 .debug_line    0x00008fe2      0xcfd ./Drivers/STM32F4xx_HAL_Driver/Src/stm32f4xx_hal_cortex.o
 .debug_line    0x00009cdf      0xf99 ./Drivers/STM32F4xx_HAL_Driver/Src/stm32f4xx_hal_dma.o
 .debug_line    0x0000ac78      0xb49 ./Drivers/STM32F4xx_HAL_Driver/Src/stm32f4xx_hal_gpio.o
 .debug_line    0x0000b7c1     0x3ada ./Drivers/STM32F4xx_HAL_Driver/Src/stm32f4xx_hal_i2c.o
 .debug_line    0x0000f29b      0xe3a ./Drivers/STM32F4xx_HAL_Driver/Src/stm32f4xx_hal_rcc.o
 .debug_line    0x000100d5     0x356c ./Drivers/STM32F4xx_HAL_Driver/Src/stm32f4xx_hal_tim.o
 .debug_line    0x00013641     0x1928 ./Drivers/STM32F4xx_HAL_Driver/Src/stm32f4xx_hal_tim_ex.o

.debug_str      0x00000000    0x9ac34
 .debug_str     0x00000000    0x9ac34 ./Core/Src/adc_task.o
                              0x965e8 (size before relaxing)
 .debug_str     0x0009ac34    0x965df ./Core/Src/controller_task.o
 .debug_str     0x0009ac34    0x96351 ./Core/Src/game_task.o
 .debug_str     0x0009ac34    0x92a94 ./Core/Src/lcd.o
 .debug_str     0x0009ac34    0x977b5 ./Core/Src/main.o
 .debug_str     0x0009ac34    0x96255 ./Core/Src/motor_driver.o
 .debug_str     0x0009ac34    0x95ce9 ./Core/Src/photoresistor_task.o
 .debug_str     0x0009ac34    0x9629a ./Core/Src/shoot_task.o
 .debug_str     0x0009ac34     0x3eb4 ./Core/Src/sound_task.o
 .debug_str     0x0009ac34    0x93094 ./Core/Src/stm32f4xx_hal_msp.o
 .debug_str     0x0009ac34    0x927c3 ./Core/Src/stm32f4xx_it.o
 .debug_str     0x0009ac34     0x777a ./Core/Src/sysmem.o
 .debug_str     0x0009ac34    0x92628 ./Core/Src/system_stm32f4xx.o
 .debug_str     0x0009ac34       0x7c ./Core/Startup/startup_stm32f411ceux.o
 .debug_str     0x0009ac34    0x93054 ./Drivers/STM32F4xx_HAL_Driver/Src/stm32f4xx_hal.o
 .debug_str     0x0009ac34    0x92c03 ./Drivers/STM32F4xx_HAL_Driver/Src/stm32f4xx_hal_adc.o
 .debug_str     0x0009ac34    0x92dbe ./Drivers/STM32F4xx_HAL_Driver/Src/stm32f4xx_hal_cortex.o
 .debug_str     0x0009ac34    0x92a30 ./Drivers/STM32F4xx_HAL_Driver/Src/stm32f4xx_hal_dma.o
 .debug_str     0x0009ac34    0x927a3 ./Drivers/STM32F4xx_HAL_Driver/Src/stm32f4xx_hal_gpio.o
 .debug_str     0x0009ac34    0x93639 ./Drivers/STM32F4xx_HAL_Driver/Src/stm32f4xx_hal_i2c.o
 .debug_str     0x0009ac34    0x92a5c ./Drivers/STM32F4xx_HAL_Driver/Src/stm32f4xx_hal_rcc.o
 .debug_str     0x0009ac34    0x939a0 ./Drivers/STM32F4xx_HAL_Driver/Src/stm32f4xx_hal_tim.o
 .debug_str     0x0009ac34    0x931ac ./Drivers/STM32F4xx_HAL_Driver/Src/stm32f4xx_hal_tim_ex.o

.comment        0x00000000       0x43
 .comment       0x00000000       0x43 ./Core/Src/adc_task.o
                                 0x44 (size before relaxing)
 .comment       0x00000043       0x44 ./Core/Src/controller_task.o
 .comment       0x00000043       0x44 ./Core/Src/game_task.o
 .comment       0x00000043       0x44 ./Core/Src/lcd.o
 .comment       0x00000043       0x44 ./Core/Src/main.o
 .comment       0x00000043       0x44 ./Core/Src/motor_driver.o
 .comment       0x00000043       0x44 ./Core/Src/photoresistor_task.o
 .comment       0x00000043       0x44 ./Core/Src/shoot_task.o
 .comment       0x00000043       0x44 ./Core/Src/sound_task.o
 .comment       0x00000043       0x44 ./Core/Src/stm32f4xx_hal_msp.o
 .comment       0x00000043       0x44 ./Core/Src/stm32f4xx_it.o
 .comment       0x00000043       0x44 ./Core/Src/sysmem.o
 .comment       0x00000043       0x44 ./Core/Src/system_stm32f4xx.o
 .comment       0x00000043       0x44 ./Drivers/STM32F4xx_HAL_Driver/Src/stm32f4xx_hal.o
 .comment       0x00000043       0x44 ./Drivers/STM32F4xx_HAL_Driver/Src/stm32f4xx_hal_adc.o
 .comment       0x00000043       0x44 ./Drivers/STM32F4xx_HAL_Driver/Src/stm32f4xx_hal_cortex.o
 .comment       0x00000043       0x44 ./Drivers/STM32F4xx_HAL_Driver/Src/stm32f4xx_hal_dma.o
 .comment       0x00000043       0x44 ./Drivers/STM32F4xx_HAL_Driver/Src/stm32f4xx_hal_gpio.o
 .comment       0x00000043       0x44 ./Drivers/STM32F4xx_HAL_Driver/Src/stm32f4xx_hal_i2c.o
 .comment       0x00000043       0x44 ./Drivers/STM32F4xx_HAL_Driver/Src/stm32f4xx_hal_rcc.o
 .comment       0x00000043       0x44 ./Drivers/STM32F4xx_HAL_Driver/Src/stm32f4xx_hal_tim.o
 .comment       0x00000043       0x44 ./Drivers/STM32F4xx_HAL_Driver/Src/stm32f4xx_hal_tim_ex.o

.debug_frame    0x00000000     0x47a0
 .debug_frame   0x00000000       0x80 ./Core/Src/adc_task.o
 .debug_frame   0x00000080       0x7c ./Core/Src/controller_task.o
 .debug_frame   0x000000fc       0xc4 ./Core/Src/game_task.o
 .debug_frame   0x000001c0      0x144 ./Core/Src/lcd.o
 .debug_frame   0x00000304      0x1c8 ./Core/Src/main.o
 .debug_frame   0x000004cc       0x88 ./Core/Src/motor_driver.o
 .debug_frame   0x00000554       0xac ./Core/Src/photoresistor_task.o
 .debug_frame   0x00000600       0xc8 ./Core/Src/shoot_task.o
 .debug_frame   0x000006c8      0x124 ./Core/Src/sound_task.o
 .debug_frame   0x000007ec      0x184 ./Core/Src/stm32f4xx_hal_msp.o
 .debug_frame   0x00000970      0x13c ./Core/Src/stm32f4xx_it.o
 .debug_frame   0x00000aac       0x34 ./Core/Src/sysmem.o
 .debug_frame   0x00000ae0       0x58 ./Core/Src/system_stm32f4xx.o
 .debug_frame   0x00000b38      0x374 ./Drivers/STM32F4xx_HAL_Driver/Src/stm32f4xx_hal.o
 .debug_frame   0x00000eac      0x3fc ./Drivers/STM32F4xx_HAL_Driver/Src/stm32f4xx_hal_adc.o
 .debug_frame   0x000012a8      0x508 ./Drivers/STM32F4xx_HAL_Driver/Src/stm32f4xx_hal_cortex.o
 .debug_frame   0x000017b0      0x250 ./Drivers/STM32F4xx_HAL_Driver/Src/stm32f4xx_hal_dma.o
 .debug_frame   0x00001a00      0x14c ./Drivers/STM32F4xx_HAL_Driver/Src/stm32f4xx_hal_gpio.o
 .debug_frame   0x00001b4c      0xc84 ./Drivers/STM32F4xx_HAL_Driver/Src/stm32f4xx_hal_i2c.o
 .debug_frame   0x000027d0      0x1f4 ./Drivers/STM32F4xx_HAL_Driver/Src/stm32f4xx_hal_rcc.o
 .debug_frame   0x000029c4     0x11b8 ./Drivers/STM32F4xx_HAL_Driver/Src/stm32f4xx_hal_tim.o
 .debug_frame   0x00003b7c      0x638 ./Drivers/STM32F4xx_HAL_Driver/Src/stm32f4xx_hal_tim_ex.o
 .debug_frame   0x000041b4       0x74 /Applications/STM32CubeIDE.app/Contents/Eclipse/plugins/com.st.stm32cube.ide.mcu.externaltools.gnu-tools-for-stm32.13.3.rel1.macos64_1.0.0.202411102158/tools/bin/../lib/gcc/arm-none-eabi/13.3.1/../../../../arm-none-eabi/lib/thumb/v7e-m+fp/hard/libc_nano.a(libc_a-sprintf.o)
 .debug_frame   0x00004228      0x144 /Applications/STM32CubeIDE.app/Contents/Eclipse/plugins/com.st.stm32cube.ide.mcu.externaltools.gnu-tools-for-stm32.13.3.rel1.macos64_1.0.0.202411102158/tools/bin/../lib/gcc/arm-none-eabi/13.3.1/../../../../arm-none-eabi/lib/thumb/v7e-m+fp/hard/libc_nano.a(libc_a-findfp.o)
 .debug_frame   0x0000436c       0x20 /Applications/STM32CubeIDE.app/Contents/Eclipse/plugins/com.st.stm32cube.ide.mcu.externaltools.gnu-tools-for-stm32.13.3.rel1.macos64_1.0.0.202411102158/tools/bin/../lib/gcc/arm-none-eabi/13.3.1/../../../../arm-none-eabi/lib/thumb/v7e-m+fp/hard/libc_nano.a(libc_a-memset.o)
 .debug_frame   0x0000438c       0x20 /Applications/STM32CubeIDE.app/Contents/Eclipse/plugins/com.st.stm32cube.ide.mcu.externaltools.gnu-tools-for-stm32.13.3.rel1.macos64_1.0.0.202411102158/tools/bin/../lib/gcc/arm-none-eabi/13.3.1/../../../../arm-none-eabi/lib/thumb/v7e-m+fp/hard/libc_nano.a(libc_a-errno.o)
 .debug_frame   0x000043ac       0x2c /Applications/STM32CubeIDE.app/Contents/Eclipse/plugins/com.st.stm32cube.ide.mcu.externaltools.gnu-tools-for-stm32.13.3.rel1.macos64_1.0.0.202411102158/tools/bin/../lib/gcc/arm-none-eabi/13.3.1/../../../../arm-none-eabi/lib/thumb/v7e-m+fp/hard/libc_nano.a(libc_a-init.o)
 .debug_frame   0x000043d8       0xb0 /Applications/STM32CubeIDE.app/Contents/Eclipse/plugins/com.st.stm32cube.ide.mcu.externaltools.gnu-tools-for-stm32.13.3.rel1.macos64_1.0.0.202411102158/tools/bin/../lib/gcc/arm-none-eabi/13.3.1/../../../../arm-none-eabi/lib/thumb/v7e-m+fp/hard/libc_nano.a(libc_a-lock.o)
 .debug_frame   0x00004488       0x90 /Applications/STM32CubeIDE.app/Contents/Eclipse/plugins/com.st.stm32cube.ide.mcu.externaltools.gnu-tools-for-stm32.13.3.rel1.macos64_1.0.0.202411102158/tools/bin/../lib/gcc/arm-none-eabi/13.3.1/../../../../arm-none-eabi/lib/thumb/v7e-m+fp/hard/libc_nano.a(libc_a-nano-svfprintf.o)
 .debug_frame   0x00004518       0x50 /Applications/STM32CubeIDE.app/Contents/Eclipse/plugins/com.st.stm32cube.ide.mcu.externaltools.gnu-tools-for-stm32.13.3.rel1.macos64_1.0.0.202411102158/tools/bin/../lib/gcc/arm-none-eabi/13.3.1/../../../../arm-none-eabi/lib/thumb/v7e-m+fp/hard/libc_nano.a(libc_a-mallocr.o)
 .debug_frame   0x00004568       0x60 /Applications/STM32CubeIDE.app/Contents/Eclipse/plugins/com.st.stm32cube.ide.mcu.externaltools.gnu-tools-for-stm32.13.3.rel1.macos64_1.0.0.202411102158/tools/bin/../lib/gcc/arm-none-eabi/13.3.1/../../../../arm-none-eabi/lib/thumb/v7e-m+fp/hard/libc_nano.a(libc_a-nano-vfprintf_i.o)
 .debug_frame   0x000045c8       0x30 /Applications/STM32CubeIDE.app/Contents/Eclipse/plugins/com.st.stm32cube.ide.mcu.externaltools.gnu-tools-for-stm32.13.3.rel1.macos64_1.0.0.202411102158/tools/bin/../lib/gcc/arm-none-eabi/13.3.1/../../../../arm-none-eabi/lib/thumb/v7e-m+fp/hard/libc_nano.a(libc_a-mlock.o)
 .debug_frame   0x000045f8       0x3c /Applications/STM32CubeIDE.app/Contents/Eclipse/plugins/com.st.stm32cube.ide.mcu.externaltools.gnu-tools-for-stm32.13.3.rel1.macos64_1.0.0.202411102158/tools/bin/../lib/gcc/arm-none-eabi/13.3.1/../../../../arm-none-eabi/lib/thumb/v7e-m+fp/hard/libc_nano.a(libc_a-reallocr.o)
 .debug_frame   0x00004634       0x28 /Applications/STM32CubeIDE.app/Contents/Eclipse/plugins/com.st.stm32cube.ide.mcu.externaltools.gnu-tools-for-stm32.13.3.rel1.macos64_1.0.0.202411102158/tools/bin/../lib/gcc/arm-none-eabi/13.3.1/../../../../arm-none-eabi/lib/thumb/v7e-m+fp/hard/libc_nano.a(libc_a-memmove.o)
 .debug_frame   0x0000465c       0x2c /Applications/STM32CubeIDE.app/Contents/Eclipse/plugins/com.st.stm32cube.ide.mcu.externaltools.gnu-tools-for-stm32.13.3.rel1.macos64_1.0.0.202411102158/tools/bin/../lib/gcc/arm-none-eabi/13.3.1/../../../../arm-none-eabi/lib/thumb/v7e-m+fp/hard/libc_nano.a(libc_a-sbrkr.o)
 .debug_frame   0x00004688       0x38 /Applications/STM32CubeIDE.app/Contents/Eclipse/plugins/com.st.stm32cube.ide.mcu.externaltools.gnu-tools-for-stm32.13.3.rel1.macos64_1.0.0.202411102158/tools/bin/../lib/gcc/arm-none-eabi/13.3.1/../../../../arm-none-eabi/lib/thumb/v7e-m+fp/hard/libc_nano.a(libc_a-reent.o)
 .debug_frame   0x000046c0       0x28 /Applications/STM32CubeIDE.app/Contents/Eclipse/plugins/com.st.stm32cube.ide.mcu.externaltools.gnu-tools-for-stm32.13.3.rel1.macos64_1.0.0.202411102158/tools/bin/../lib/gcc/arm-none-eabi/13.3.1/../../../../arm-none-eabi/lib/thumb/v7e-m+fp/hard/libc_nano.a(libc_a-memcpy-stub.o)
 .debug_frame   0x000046e8       0x38 /Applications/STM32CubeIDE.app/Contents/Eclipse/plugins/com.st.stm32cube.ide.mcu.externaltools.gnu-tools-for-stm32.13.3.rel1.macos64_1.0.0.202411102158/tools/bin/../lib/gcc/arm-none-eabi/13.3.1/../../../../arm-none-eabi/lib/thumb/v7e-m+fp/hard/libc_nano.a(libc_a-freer.o)
 .debug_frame   0x00004720       0x20 /Applications/STM32CubeIDE.app/Contents/Eclipse/plugins/com.st.stm32cube.ide.mcu.externaltools.gnu-tools-for-stm32.13.3.rel1.macos64_1.0.0.202411102158/tools/bin/../lib/gcc/arm-none-eabi/13.3.1/../../../../arm-none-eabi/lib/thumb/v7e-m+fp/hard/libc_nano.a(libc_a-msizer.o)
 .debug_frame   0x00004740       0x2c /Applications/STM32CubeIDE.app/Contents/Eclipse/plugins/com.st.stm32cube.ide.mcu.externaltools.gnu-tools-for-stm32.13.3.rel1.macos64_1.0.0.202411102158/tools/bin/../lib/gcc/arm-none-eabi/13.3.1/thumb/v7e-m+fp/hard/libgcc.a(_aeabi_uldivmod.o)
 .debug_frame   0x0000476c       0x34 /Applications/STM32CubeIDE.app/Contents/Eclipse/plugins/com.st.stm32cube.ide.mcu.externaltools.gnu-tools-for-stm32.13.3.rel1.macos64_1.0.0.202411102158/tools/bin/../lib/gcc/arm-none-eabi/13.3.1/thumb/v7e-m+fp/hard/libgcc.a(_udivmoddi4.o)

.debug_line_str
                0x00000000       0x60
 .debug_line_str
                0x00000000       0x60 ./Core/Startup/startup_stm32f411ceux.o
