../Core/Src/main.c:237:5:main	8	static
../Core/Src/main.c:355:6:SystemClock_Config	88	static
../Core/Src/main.c:401:13:MX_ADC1_Init	24	static
../Core/Src/main.c:480:13:MX_I2C1_Init	8	static
../Core/Src/main.c:514:13:MX_TIM1_Init	80	static
../Core/Src/main.c:591:13:MX_TIM2_Init	48	static
../Core/Src/main.c:640:13:MX_TIM3_Init	56	static
../Core/Src/main.c:689:13:MX_TIM4_Init	48	static
../Core/Src/main.c:742:13:MX_TIM5_Init	56	static
../Core/Src/main.c:789:13:MX_DMA_Init	16	static
../Core/Src/main.c:807:13:MX_GPIO_Init	48	static
../Core/Src/main.c:871:6:HAL_GPIO_EXTI_Callback	16	static
../Core/Src/main.c:914:6:Error_Handler	4	static,ignoring_inline_asm
