11:42:30 **** Incremental Build of configuration Debug for project CODE ****
make -j7 all 
arm-none-eabi-gcc "../Core/Src/audio_data.c" -mcpu=cortex-m4 -std=gnu11 -g3 -DDEBUG -DUSE_HAL_DRIVER -DSTM32F411xE -c -I../Core/Inc -I../Drivers/STM32F4xx_HAL_Driver/Inc -I../Drivers/STM32F4xx_HAL_Driver/Inc/Legacy -I../Drivers/CMSIS/Device/ST/STM32F4xx/Include -I../Drivers/CMSIS/Include -O0 -ffunction-sections -fdata-sections -Wall -fstack-usage -fcyclomatic-complexity -MMD -MP -MF"Core/Src/audio_data.d" -MT"Core/Src/audio_data.o" --specs=nano.specs -mfpu=fpv4-sp-d16 -mfloat-abi=hard -mthumb -o "Core/Src/audio_data.o"
arm-none-eabi-gcc -o "CODE.elf" @"objects.list"   -mcpu=cortex-m4 -T"/Users/andrewcarr/Documents/zap_em__shoot_em/CODE/STM32F411CEUX_FLASH.ld" --specs=nosys.specs -Wl,-Map="CODE.map" -Wl,--gc-sections -static --specs=nano.specs -mfpu=fpv4-sp-d16 -mfloat-abi=hard -mthumb -Wl,--start-group -lc -lm -Wl,--end-group
Finished building target: CODE.elf
 
arm-none-eabi-size  CODE.elf 
arm-none-eabi-objdump -h -S CODE.elf  > "CODE.list"
   text	   data	    bss	    dec	    hex	filename
 130972	    688	   2624	 134284	  20c8c	CODE.elf
Finished building: default.size.stdout
 
Finished building: CODE.list
 
11:42:40 **** Incremental Build of configuration Debug for project CODE ****
make -j7 all 
arm-none-eabi-size  CODE.elf 
   text	   data	    bss	    dec	    hex	filename
 130972	    688	   2624	 134284	  20c8c	CODE.elf
Finished building: default.size.stdout
 
